[    0.000000] microcode: microcode updated early to revision 0x2000064, date = 2019-07-31
[    0.000000] Linux version 5.1.18 (root@tigris06) (gcc version 7.4.0 (Ubuntu 7.4.0-1ubuntu1~18.04.1)) #1 SMP Tue Jan 7 15:34:10 KST 2020
[    0.000000] Command line: BOOT_IMAGE=/vmlinuz-5.1.18 root=UUID=5038c2c1-500c-4617-bfaa-9474e58fbfb3 ro quiet splash memmap=32G!80G isolcpus=13 isolcpus=14 isolcpus=15 vt.handoff=1
[    0.000000] KERNEL supported cpus:
[    0.000000]   Intel GenuineIntel
[    0.000000]   AMD AuthenticAMD
[    0.000000]   Hygon HygonGenuine
[    0.000000]   Centaur CentaurHauls
[    0.000000] x86/fpu: Supporting XSAVE feature 0x001: 'x87 floating point registers'
[    0.000000] x86/fpu: Supporting XSAVE feature 0x002: 'SSE registers'
[    0.000000] x86/fpu: Supporting XSAVE feature 0x004: 'AVX registers'
[    0.000000] x86/fpu: Supporting XSAVE feature 0x008: 'MPX bounds registers'
[    0.000000] x86/fpu: Supporting XSAVE feature 0x010: 'MPX CSR'
[    0.000000] x86/fpu: Supporting XSAVE feature 0x020: 'AVX-512 opmask'
[    0.000000] x86/fpu: Supporting XSAVE feature 0x040: 'AVX-512 Hi256'
[    0.000000] x86/fpu: Supporting XSAVE feature 0x080: 'AVX-512 ZMM_Hi256'
[    0.000000] x86/fpu: Supporting XSAVE feature 0x200: 'Protection Keys User registers'
[    0.000000] x86/fpu: xstate_offset[2]:  576, xstate_sizes[2]:  256
[    0.000000] x86/fpu: xstate_offset[3]:  832, xstate_sizes[3]:   64
[    0.000000] x86/fpu: xstate_offset[4]:  896, xstate_sizes[4]:   64
[    0.000000] x86/fpu: xstate_offset[5]:  960, xstate_sizes[5]:   64
[    0.000000] x86/fpu: xstate_offset[6]: 1024, xstate_sizes[6]:  512
[    0.000000] x86/fpu: xstate_offset[7]: 1536, xstate_sizes[7]: 1024
[    0.000000] x86/fpu: xstate_offset[9]: 2560, xstate_sizes[9]:    8
[    0.000000] x86/fpu: Enabled xstate features 0x2ff, context size is 2568 bytes, using 'compacted' format.
[    0.000000] BIOS-provided physical RAM map:
[    0.000000] BIOS-e820: [mem 0x0000000000000000-0x00000000000997ff] usable
[    0.000000] BIOS-e820: [mem 0x0000000000099800-0x000000000009ffff] reserved
[    0.000000] BIOS-e820: [mem 0x00000000000e0000-0x00000000000fffff] reserved
[    0.000000] BIOS-e820: [mem 0x0000000000100000-0x000000006a548fff] usable
[    0.000000] BIOS-e820: [mem 0x000000006a549000-0x000000006c648fff] reserved
[    0.000000] BIOS-e820: [mem 0x000000006c649000-0x000000006c753fff] usable
[    0.000000] BIOS-e820: [mem 0x000000006c754000-0x000000006d2a0fff] ACPI NVS
[    0.000000] BIOS-e820: [mem 0x000000006d2a1000-0x000000006f31bfff] reserved
[    0.000000] BIOS-e820: [mem 0x000000006f31c000-0x000000006f7fffff] usable
[    0.000000] BIOS-e820: [mem 0x000000006f800000-0x000000008fffffff] reserved
[    0.000000] BIOS-e820: [mem 0x00000000fd000000-0x00000000fe7fffff] reserved
[    0.000000] BIOS-e820: [mem 0x00000000fed20000-0x00000000fed44fff] reserved
[    0.000000] BIOS-e820: [mem 0x00000000ff000000-0x00000000ffffffff] reserved
[    0.000000] BIOS-e820: [mem 0x0000000100000000-0x000000207fffffff] usable
[    0.000000] NX (Execute Disable) protection: active
[    0.000000] user-defined physical RAM map:
[    0.000000] user: [mem 0x0000000000000000-0x00000000000997ff] usable
[    0.000000] user: [mem 0x0000000000099800-0x000000000009ffff] reserved
[    0.000000] user: [mem 0x00000000000e0000-0x00000000000fffff] reserved
[    0.000000] user: [mem 0x0000000000100000-0x000000006a548fff] usable
[    0.000000] user: [mem 0x000000006a549000-0x000000006c648fff] reserved
[    0.000000] user: [mem 0x000000006c649000-0x000000006c753fff] usable
[    0.000000] user: [mem 0x000000006c754000-0x000000006d2a0fff] ACPI NVS
[    0.000000] user: [mem 0x000000006d2a1000-0x000000006f31bfff] reserved
[    0.000000] user: [mem 0x000000006f31c000-0x000000006f7fffff] usable
[    0.000000] user: [mem 0x000000006f800000-0x000000008fffffff] reserved
[    0.000000] user: [mem 0x00000000fd000000-0x00000000fe7fffff] reserved
[    0.000000] user: [mem 0x00000000fed20000-0x00000000fed44fff] reserved
[    0.000000] user: [mem 0x00000000ff000000-0x00000000ffffffff] reserved
[    0.000000] user: [mem 0x0000000100000000-0x00000013ffffffff] usable
[    0.000000] user: [mem 0x0000001400000000-0x0000001bffffffff] persistent (type 12)
[    0.000000] user: [mem 0x0000001c00000000-0x000000207fffffff] usable
[    0.000000] SMBIOS 3.1.1 present.
[    0.000000] DMI: Supermicro Super Server/X11DPL-i, BIOS 2.1 06/15/2018
[    0.000000] tsc: Detected 2200.000 MHz processor
[    0.001684] e820: update [mem 0x00000000-0x00000fff] usable ==> reserved
[    0.001686] e820: remove [mem 0x000a0000-0x000fffff] usable
[    0.001693] last_pfn = 0x2080000 max_arch_pfn = 0x400000000
[    0.001697] MTRR default type: uncachable
[    0.001698] MTRR fixed ranges enabled:
[    0.001699]   00000-9FFFF write-back
[    0.001700]   A0000-BFFFF uncachable
[    0.001701]   C0000-FFFFF write-protect
[    0.001701] MTRR variable ranges enabled:
[    0.001703]   0 base 000000000000 mask 3FE000000000 write-back
[    0.001704]   1 base 002000000000 mask 3FFF80000000 write-back
[    0.001705]   2 base 000080000000 mask 3FFF80000000 uncachable
[    0.001706]   3 base 00007F000000 mask 3FFFFF000000 uncachable
[    0.001706]   4 disabled
[    0.001707]   5 disabled
[    0.001707]   6 disabled
[    0.001708]   7 disabled
[    0.001708]   8 disabled
[    0.001709]   9 disabled
[    0.004362] x86/PAT: Configuration [0-7]: WB  WC  UC- UC  WB  WP  UC- WT  
[    0.004561] total RAM covered: 131056M
[    0.005163] Found optimal setting for mtrr clean up
[    0.005165]  gran_size: 64K 	chunk_size: 32M 	num_reg: 8  	lose cover RAM: 0G
[    0.007799] e820: update [mem 0x7f000000-0xffffffff] usable ==> reserved
[    0.007805] last_pfn = 0x6f800 max_arch_pfn = 0x400000000
[    0.017455] check: Scanning 1 areas for low memory corruption
[    0.017459] Using GB pages for direct mapping
[    0.017461] BRK [0xd23c01000, 0xd23c01fff] PGTABLE
[    0.017464] BRK [0xd23c02000, 0xd23c02fff] PGTABLE
[    0.017465] BRK [0xd23c03000, 0xd23c03fff] PGTABLE
[    0.017487] BRK [0xd23c04000, 0xd23c04fff] PGTABLE
[    0.017489] BRK [0xd23c05000, 0xd23c05fff] PGTABLE
[    0.017611] BRK [0xd23c06000, 0xd23c06fff] PGTABLE
[    0.017633] BRK [0xd23c07000, 0xd23c07fff] PGTABLE
[    0.017663] BRK [0xd23c08000, 0xd23c08fff] PGTABLE
[    0.017692] BRK [0xd23c09000, 0xd23c09fff] PGTABLE
[    0.017789] RAMDISK: [mem 0x30bed000-0x345edfff]
[    0.017796] ACPI: Early table checksum verification disabled
[    0.017843] ACPI: RSDP 0x00000000000F05B0 000024 (v02 SUPERM)
[    0.017846] ACPI: XSDT 0x000000006C7540C8 00010C (v01 SUPERM SUPERM   01072009 AMI  00010013)
[    0.017852] ACPI: FACP 0x000000006C79CA48 000114 (v06 SUPERM SMCI--MB 01072009 INTL 20091013)
[    0.017857] ACPI: DSDT 0x000000006C754268 0487D9 (v02 SUPERM SMCI--MB 01072009 INTL 20091013)
[    0.017860] ACPI: FACS 0x000000006D29F080 000040
[    0.017863] ACPI: FPDT 0x000000006C79CB60 000044 (v01                 01072009 AMI  00010013)
[    0.017866] ACPI: FIDT 0x000000006C79CBA8 00009C (v01 SUPERM SMCI--MB 01072009 AMI  00010013)
[    0.017868] ACPI: SPMI 0x000000006C79CC48 000041 (v05 SUPERM SMCI--MB 00000000 AMI. 00000000)
[    0.017871] ACPI: UEFI 0x000000006C79CC90 00005C (v01 INTEL  RstUefiV 00000000      00000000)
[    0.017874] ACPI: UEFI 0x000000006C79CCF0 000042 (v01 SUPERM SMCI--MB 01072009      01000013)
[    0.017877] ACPI: MCFG 0x000000006C79CD38 00003C (v01 SUPERM SMCI--MB 01072009 MSFT 00000097)
[    0.017879] ACPI: HPET 0x000000006C79CD78 000038 (v01 SUPERM SMCI--MB 00000001 INTL 20091013)
[    0.017882] ACPI: APIC 0x000000006C79CDB0 0016DE (v03 SUPERM SMCI--MB 00000000 INTL 20091013)
[    0.017885] ACPI: MIGT 0x000000006C79E490 000040 (v01 SUPERM SMCI--MB 00000000 INTL 20091013)
[    0.017888] ACPI: MSCT 0x000000006C79E4D0 000090 (v01 SUPERM SMCI--MB 00000001 INTL 20091013)
[    0.017890] ACPI: NFIT 0x000000006C79E560 018028 (v01                 00000000      00000000)
[    0.017893] ACPI: PCAT 0x000000006C7B6588 000048 (v01 SUPERM SMCI--MB 00000002 INTL 20091013)
[    0.017896] ACPI: PCCT 0x000000006C7B65D0 00006E (v01 SUPERM SMCI--MB 00000002 INTL 20091013)
[    0.017898] ACPI: RASF 0x000000006C7B6640 000030 (v01 SUPERM SMCI--MB 00000001 INTL 20091013)
[    0.017901] ACPI: SLIT 0x000000006C7B6670 000030 (v01 SUPERM SMCI--MB 00000001 INTL 20091013)
[    0.017904] ACPI: SRAT 0x000000006C7B66A0 002830 (v03 SUPERM SMCI--MB 00000002 INTL 20091013)
[    0.017906] ACPI: SVOS 0x000000006C7B8ED0 000032 (v01 SUPERM SMCI--MB 00000000 INTL 20091013)
[    0.017909] ACPI: WDDT 0x000000006C7B8F08 000040 (v01 SUPERM SMCI--MB 00000000 INTL 20091013)
[    0.017912] ACPI: OEM4 0x000000006C7B8F48 0A27C4 (v02 INTEL  CPU  CST 00003000 INTL 20140828)
[    0.017914] ACPI: OEM1 0x000000006C85B710 02A2C4 (v02 INTEL  CPU EIST 00003000 INTL 20140828)
[    0.017917] ACPI: SSDT 0x000000006C8859D8 033990 (v02 INTEL  SSDT  PM 00004000 INTL 20140828)
[    0.017920] ACPI: SSDT 0x000000006C8B9368 00065B (v02 SUPERM SMCI--MB 00000000 INTL 20091013)
[    0.017923] ACPI: SSDT 0x000000006C8B99C8 002AF6 (v02 INTEL  SpsNm    00000002 INTL 20140828)
[    0.017925] ACPI: DMAR 0x000000006C8BC4C0 000228 (v01 SUPERM SMCI--MB 00000001 INTL 20091013)
[    0.017928] ACPI: HEST 0x000000006C8BC6E8 0000A8 (v01 SUPERM SMCI--MB 00000001 INTL 00000001)
[    0.017931] ACPI: BERT 0x000000006C8BC790 000030 (v01 SUPERM SMCI--MB 00000001 INTL 00000001)
[    0.017933] ACPI: ERST 0x000000006C8BC7C0 000230 (v01 SUPERM SMCI--MB 00000001 INTL 00000001)
[    0.017936] ACPI: EINJ 0x000000006C8BC9F0 000150 (v01 SUPERM SMCI--MB 00000001 INTL 00000001)
[    0.017945] ACPI: Local APIC address 0xfee00000
[    0.018099] SRAT: PXM 0 -> APIC 0x00 -> Node 0
[    0.018100] SRAT: PXM 0 -> APIC 0x02 -> Node 0
[    0.018101] SRAT: PXM 0 -> APIC 0x04 -> Node 0
[    0.018101] SRAT: PXM 0 -> APIC 0x06 -> Node 0
[    0.018102] SRAT: PXM 0 -> APIC 0x08 -> Node 0
[    0.018102] SRAT: PXM 0 -> APIC 0x10 -> Node 0
[    0.018103] SRAT: PXM 0 -> APIC 0x12 -> Node 0
[    0.018104] SRAT: PXM 0 -> APIC 0x14 -> Node 0
[    0.018104] SRAT: PXM 0 -> APIC 0x16 -> Node 0
[    0.018105] SRAT: PXM 0 -> APIC 0x18 -> Node 0
[    0.018105] SRAT: PXM 1 -> APIC 0x20 -> Node 1
[    0.018106] SRAT: PXM 1 -> APIC 0x22 -> Node 1
[    0.018107] SRAT: PXM 1 -> APIC 0x24 -> Node 1
[    0.018107] SRAT: PXM 1 -> APIC 0x26 -> Node 1
[    0.018108] SRAT: PXM 1 -> APIC 0x28 -> Node 1
[    0.018108] SRAT: PXM 1 -> APIC 0x30 -> Node 1
[    0.018109] SRAT: PXM 1 -> APIC 0x32 -> Node 1
[    0.018109] SRAT: PXM 1 -> APIC 0x34 -> Node 1
[    0.018110] SRAT: PXM 1 -> APIC 0x36 -> Node 1
[    0.018110] SRAT: PXM 1 -> APIC 0x38 -> Node 1
[    0.018125] ACPI: SRAT: Node 0 PXM 0 [mem 0x00000000-0x7fffffff]
[    0.018126] ACPI: SRAT: Node 0 PXM 0 [mem 0x100000000-0x87fffffff]
[    0.018127] ACPI: SRAT: Node 0 PXM 0 [mem 0x880000000-0xc7fffffff]
[    0.018128] ACPI: SRAT: Node 0 PXM 0 [mem 0xc80000000-0x107fffffff]
[    0.018129] ACPI: SRAT: Node 1 PXM 1 [mem 0x1080000000-0x187fffffff]
[    0.018129] ACPI: SRAT: Node 1 PXM 1 [mem 0x1880000000-0x1c7fffffff]
[    0.018130] ACPI: SRAT: Node 1 PXM 1 [mem 0x1c80000000-0x207fffffff]
[    0.018137] NUMA: Initialized distance table, cnt=2
[    0.018140] NUMA: Node 0 [mem 0x00000000-0x7fffffff] + [mem 0x100000000-0x87fffffff] -> [mem 0x00000000-0x87fffffff]
[    0.018141] NUMA: Node 0 [mem 0x00000000-0x87fffffff] + [mem 0x880000000-0xc7fffffff] -> [mem 0x00000000-0xc7fffffff]
[    0.018142] NUMA: Node 0 [mem 0x00000000-0xc7fffffff] + [mem 0xc80000000-0x107fffffff] -> [mem 0x00000000-0x107fffffff]
[    0.018144] NUMA: Node 1 [mem 0x1080000000-0x187fffffff] + [mem 0x1880000000-0x1c7fffffff] -> [mem 0x1080000000-0x1c7fffffff]
[    0.018145] NUMA: Node 1 [mem 0x1080000000-0x1c7fffffff] + [mem 0x1c80000000-0x207fffffff] -> [mem 0x1080000000-0x207fffffff]
[    0.018155] NODE_DATA(0) allocated [mem 0x107ffd5000-0x107fffffff]
[    0.018182] NODE_DATA(1) allocated [mem 0x207ffd4000-0x207fffefff]
[    0.018374] cma: Reserved 1536 MiB at 0x000000201fc00000
[    0.018475] Zone ranges:
[    0.018476]   DMA      [mem 0x0000000000001000-0x0000000000ffffff]
[    0.018477]   DMA32    [mem 0x0000000001000000-0x00000000ffffffff]
[    0.018479]   Normal   [mem 0x0000000100000000-0x000000207fffffff]
[    0.018480]   Device   empty
[    0.018480] Movable zone start for each node
[    0.018484] Early memory node ranges
[    0.018485]   node   0: [mem 0x0000000000001000-0x0000000000098fff]
[    0.018486]   node   0: [mem 0x0000000000100000-0x000000006a548fff]
[    0.018486]   node   0: [mem 0x000000006c649000-0x000000006c753fff]
[    0.018487]   node   0: [mem 0x000000006f31c000-0x000000006f7fffff]
[    0.018488]   node   0: [mem 0x0000000100000000-0x000000107fffffff]
[    0.018488]   node   1: [mem 0x0000001080000000-0x00000013ffffffff]
[    0.018489]   node   1: [mem 0x0000001c00000000-0x000000207fffffff]
[    0.018958] Zeroed struct page in unavailable ranges: 21808 pages
[    0.018960] Initmem setup node 0 [mem 0x0000000000001000-0x000000107fffffff]
[    0.018961] On node 0 totalpages: 16689872
[    0.018963]   DMA zone: 64 pages used for memmap
[    0.018963]   DMA zone: 21 pages reserved
[    0.018964]   DMA zone: 3992 pages, LIFO batch:0
[    0.019064]   DMA32 zone: 6765 pages used for memmap
[    0.019065]   DMA32 zone: 432952 pages, LIFO batch:63
[    0.032528]   Normal zone: 253952 pages used for memmap
[    0.032529]   Normal zone: 16252928 pages, LIFO batch:63
[    0.420360] Initmem setup node 1 [mem 0x0000001080000000-0x000000207fffffff]
[    0.420362] On node 1 totalpages: 8388608
[    0.420363]   Normal zone: 131072 pages used for memmap
[    0.420363]   Normal zone: 8388608 pages, LIFO batch:63
[    0.665679] ACPI: PM-Timer IO Port: 0x508
[    0.665681] ACPI: Local APIC address 0xfee00000
[    0.665701] ACPI: X2APIC_NMI (uid[0xffffffff] high level lint[0x1])
[    0.665704] ACPI: LAPIC_NMI (acpi_id[0xff] high level lint[0x1])
[    0.665723] IOAPIC[0]: apic_id 8, version 32, address 0xfec00000, GSI 0-23
[    0.665727] IOAPIC[1]: apic_id 9, version 32, address 0xfec01000, GSI 24-31
[    0.665731] IOAPIC[2]: apic_id 10, version 32, address 0xfec08000, GSI 32-39
[    0.665735] IOAPIC[3]: apic_id 11, version 32, address 0xfec10000, GSI 40-47
[    0.665739] IOAPIC[4]: apic_id 12, version 32, address 0xfec18000, GSI 48-55
[    0.665743] IOAPIC[5]: apic_id 15, version 32, address 0xfec20000, GSI 72-79
[    0.665748] IOAPIC[6]: apic_id 16, version 32, address 0xfec28000, GSI 80-87
[    0.665752] IOAPIC[7]: apic_id 17, version 32, address 0xfec30000, GSI 88-95
[    0.665757] IOAPIC[8]: apic_id 18, version 32, address 0xfec38000, GSI 96-103
[    0.665761] ACPI: INT_SRC_OVR (bus 0 bus_irq 0 global_irq 2 dfl dfl)
[    0.665762] ACPI: INT_SRC_OVR (bus 0 bus_irq 9 global_irq 9 high level)
[    0.665765] ACPI: IRQ0 used by override.
[    0.665766] ACPI: IRQ9 used by override.
[    0.665770] Using ACPI (MADT) for SMP configuration information
[    0.665771] ACPI: HPET id: 0x8086a701 base: 0xfed00000
[    0.665775] smpboot: Allowing 20 CPUs, 0 hotplug CPUs
[    0.665792] PM: Registered nosave memory: [mem 0x00000000-0x00000fff]
[    0.665793] PM: Registered nosave memory: [mem 0x00099000-0x00099fff]
[    0.665794] PM: Registered nosave memory: [mem 0x0009a000-0x0009ffff]
[    0.665794] PM: Registered nosave memory: [mem 0x000a0000-0x000dffff]
[    0.665795] PM: Registered nosave memory: [mem 0x000e0000-0x000fffff]
[    0.665796] PM: Registered nosave memory: [mem 0x6a549000-0x6c648fff]
[    0.665798] PM: Registered nosave memory: [mem 0x6c754000-0x6d2a0fff]
[    0.665798] PM: Registered nosave memory: [mem 0x6d2a1000-0x6f31bfff]
[    0.665800] PM: Registered nosave memory: [mem 0x6f800000-0x8fffffff]
[    0.665800] PM: Registered nosave memory: [mem 0x90000000-0xfcffffff]
[    0.665801] PM: Registered nosave memory: [mem 0xfd000000-0xfe7fffff]
[    0.665801] PM: Registered nosave memory: [mem 0xfe800000-0xfed1ffff]
[    0.665802] PM: Registered nosave memory: [mem 0xfed20000-0xfed44fff]
[    0.665803] PM: Registered nosave memory: [mem 0xfed45000-0xfeffffff]
[    0.665803] PM: Registered nosave memory: [mem 0xff000000-0xffffffff]
[    0.665805] PM: Registered nosave memory: [mem 0x1400000000-0x1bffffffff]
[    0.665807] [mem 0x90000000-0xfcffffff] available for PCI devices
[    0.665808] Booting paravirtualized kernel on bare hardware
[    0.665811] clocksource: refined-jiffies: mask: 0xffffffff max_cycles: 0xffffffff, max_idle_ns: 7645519600211568 ns
[    0.665822] random: get_random_bytes called from start_kernel+0x88/0x4f2 with crng_init=0
[    0.665828] setup_percpu: NR_CPUS:8192 nr_cpumask_bits:20 nr_cpu_ids:20 nr_node_ids:2
[    0.668583] percpu: Embedded 47 pages/cpu s155648 r8192 d28672 u524288
[    0.668590] pcpu-alloc: s155648 r8192 d28672 u524288 alloc=1*2097152
[    0.668591] pcpu-alloc: [0] 00 01 02 03 [0] 04 05 06 07 
[    0.668594] pcpu-alloc: [0] 08 09 -- -- [1] 10 11 12 13 
[    0.668597] pcpu-alloc: [1] 14 15 16 17 [1] 18 19 -- -- 
[    0.668628] Built 2 zonelists, mobility grouping on.  Total pages: 24686606
[    0.668629] Policy zone: Normal
[    0.668630] Kernel command line: BOOT_IMAGE=/vmlinuz-5.1.18 root=UUID=5038c2c1-500c-4617-bfaa-9474e58fbfb3 ro quiet splash memmap=32G!80G isolcpus=13 isolcpus=14 isolcpus=15 vt.handoff=1
[    0.668797] Housekeeping: nohz_full= must match isolcpus=
[    0.668829] Housekeeping: nohz_full= must match isolcpus=
[    0.678998] Calgary: detecting Calgary via BIOS EBDA area
[    0.678999] Calgary: Unable to locate Rio Grande table in EBDA - bailing!
[    0.978657] Memory: 97011708K/100313920K available (12291K kernel code, 2340K rwdata, 4264K rodata, 2476K init, 5300K bss, 1729348K reserved, 1572864K cma-reserved)
[    0.979079] SLUB: HWalign=64, Order=0-3, MinObjects=0, CPUs=20, Nodes=2
[    0.979086] Kernel/User page tables isolation: enabled
[    0.979109] ftrace: allocating 41292 entries in 162 pages
[    0.999808] rcu: Hierarchical RCU implementation.
[    0.999809] rcu: 	RCU restricting CPUs from NR_CPUS=8192 to nr_cpu_ids=20.
[    0.999810] 	Tasks RCU enabled.
[    0.999811] rcu: RCU calculated value of scheduler-enlistment delay is 25 jiffies.
[    0.999811] rcu: Adjusting geometry for rcu_fanout_leaf=16, nr_cpu_ids=20
[    1.003092] NR_IRQS: 524544, nr_irqs: 1944, preallocated irqs: 16
[    1.003412] Console: colour dummy device 80x25
[    1.003419] printk: console [tty0] enabled
[    1.003473] mempolicy: Enabling automatic NUMA balancing. Configure with numa_balancing= or the kernel.numa_balancing sysctl
[    1.003495] ACPI: Core revision 20190215
[    1.004839] clocksource: hpet: mask: 0xffffffff max_cycles: 0xffffffff, max_idle_ns: 79635855245 ns
[    1.004856] hpet clockevent registered
[    1.004883] APIC: Switch to symmetric I/O mode setup
[    1.004886] DMAR: Host address width 46
[    1.004887] DMAR: DRHD base: 0x000000d37fc000 flags: 0x0
[    1.004892] DMAR: dmar0: reg_base_addr d37fc000 ver 1:0 cap 8d2078c106f0466 ecap f020df
[    1.004894] DMAR: DRHD base: 0x000000e0ffc000 flags: 0x0
[    1.004898] DMAR: dmar1: reg_base_addr e0ffc000 ver 1:0 cap 8d2078c106f0466 ecap f020df
[    1.004898] DMAR: DRHD base: 0x000000ee7fc000 flags: 0x0
[    1.004902] DMAR: dmar2: reg_base_addr ee7fc000 ver 1:0 cap 8d2078c106f0466 ecap f020df
[    1.004903] DMAR: DRHD base: 0x000000fbffc000 flags: 0x0
[    1.004906] DMAR: dmar3: reg_base_addr fbffc000 ver 1:0 cap 8d2078c106f0466 ecap f020df
[    1.004907] DMAR: DRHD base: 0x000000aaffc000 flags: 0x0
[    1.004911] DMAR: dmar4: reg_base_addr aaffc000 ver 1:0 cap 8d2078c106f0466 ecap f020df
[    1.004911] DMAR: DRHD base: 0x000000b87fc000 flags: 0x0
[    1.004914] DMAR: dmar5: reg_base_addr b87fc000 ver 1:0 cap 8d2078c106f0466 ecap f020df
[    1.004915] DMAR: DRHD base: 0x000000c5ffc000 flags: 0x0
[    1.004918] DMAR: dmar6: reg_base_addr c5ffc000 ver 1:0 cap 8d2078c106f0466 ecap f020df
[    1.004919] DMAR: DRHD base: 0x0000009d7fc000 flags: 0x1
[    1.004923] DMAR: dmar7: reg_base_addr 9d7fc000 ver 1:0 cap 8d2078c106f0466 ecap f020df
[    1.004924] DMAR: RMRR base: 0x0000006ef30000 end: 0x0000006ef40fff
[    1.004925] DMAR: ATSR flags: 0x0
[    1.004929] DMAR: RHSA base: 0x0000009d7fc000 proximity domain: 0x0
[    1.004930] DMAR: RHSA base: 0x000000aaffc000 proximity domain: 0x0
[    1.004931] DMAR: RHSA base: 0x000000b87fc000 proximity domain: 0x0
[    1.004931] DMAR: RHSA base: 0x000000c5ffc000 proximity domain: 0x0
[    1.004932] DMAR: RHSA base: 0x000000d37fc000 proximity domain: 0x1
[    1.004932] DMAR: RHSA base: 0x000000e0ffc000 proximity domain: 0x1
[    1.004933] DMAR: RHSA base: 0x000000ee7fc000 proximity domain: 0x1
[    1.004933] DMAR: RHSA base: 0x000000fbffc000 proximity domain: 0x1
[    1.004935] DMAR-IR: IOAPIC id 12 under DRHD base  0xc5ffc000 IOMMU 6
[    1.004936] DMAR-IR: IOAPIC id 11 under DRHD base  0xb87fc000 IOMMU 5
[    1.004937] DMAR-IR: IOAPIC id 10 under DRHD base  0xaaffc000 IOMMU 4
[    1.004937] DMAR-IR: IOAPIC id 18 under DRHD base  0xfbffc000 IOMMU 3
[    1.004938] DMAR-IR: IOAPIC id 17 under DRHD base  0xee7fc000 IOMMU 2
[    1.004939] DMAR-IR: IOAPIC id 16 under DRHD base  0xe0ffc000 IOMMU 1
[    1.004940] DMAR-IR: IOAPIC id 15 under DRHD base  0xd37fc000 IOMMU 0
[    1.004941] DMAR-IR: IOAPIC id 8 under DRHD base  0x9d7fc000 IOMMU 7
[    1.004942] DMAR-IR: IOAPIC id 9 under DRHD base  0x9d7fc000 IOMMU 7
[    1.004942] DMAR-IR: HPET id 0 under DRHD base 0x9d7fc000
[    1.004943] DMAR-IR: x2apic is disabled because BIOS sets x2apic opt out bit.
[    1.004944] DMAR-IR: Use 'intremap=no_x2apic_optout' to override the BIOS setting.
[    1.007008] DMAR-IR: Enabled IRQ remapping in xapic mode
[    1.007009] x2apic: IRQ remapping doesn't support X2APIC mode
[    1.007015] Switched APIC routing to physical flat.
[    1.008110] ..TIMER: vector=0x30 apic1=0 pin1=2 apic2=-1 pin2=-1
[    1.024865] clocksource: tsc-early: mask: 0xffffffffffffffff max_cycles: 0x1fb633008a4, max_idle_ns: 440795292230 ns
[    1.024877] Calibrating delay loop (skipped), value calculated using timer frequency.. 4400.00 BogoMIPS (lpj=8800000)
[    1.024879] pid_max: default: 32768 minimum: 301
[    1.024979] LSM: Security Framework initializing
[    1.024997] Yama: becoming mindful.
[    1.025040] AppArmor: AppArmor initialized
[    1.025042] TOMOYO Linux initialized
[    1.036055] Dentry cache hash table entries: 8388608 (order: 14, 67108864 bytes)
[    1.041546] Inode-cache hash table entries: 4194304 (order: 13, 33554432 bytes)
[    1.041753] Mount-cache hash table entries: 131072 (order: 8, 1048576 bytes)
[    1.041927] Mountpoint-cache hash table entries: 131072 (order: 8, 1048576 bytes)
[    1.042154] *** VALIDATE proc ***
[    1.042229] *** VALIDATE cgroup1 ***
[    1.042230] *** VALIDATE cgroup2 ***
[    1.042274] ENERGY_PERF_BIAS: Set to 'normal', was 'performance'
[    1.042274] ENERGY_PERF_BIAS: View and update with x86_energy_perf_policy(8)
[    1.042305] mce: CPU0: Thermal monitoring enabled (TM1)
[    1.042355] process: using mwait in idle threads
[    1.042357] Last level iTLB entries: 4KB 128, 2MB 8, 4MB 8
[    1.042358] Last level dTLB entries: 4KB 64, 2MB 0, 4MB 0, 1GB 4
[    1.042360] Spectre V2 : Mitigation: Full generic retpoline
[    1.042361] Spectre V2 : Spectre v2 / SpectreRSB mitigation: Filling RSB on context switch
[    1.042361] Spectre V2 : Enabling Restricted Speculation for firmware calls
[    1.042368] Spectre V2 : mitigation: Enabling conditional Indirect Branch Prediction Barrier
[    1.042368] Spectre V2 : User space: Mitigation: STIBP via seccomp and prctl
[    1.042370] Speculative Store Bypass: Mitigation: Speculative Store Bypass disabled via prctl and seccomp
[    1.042397] MDS: Mitigation: Clear CPU buffers
[    1.042688] Freeing SMP alternatives memory: 36K
[    1.044966] TSC deadline timer enabled
[    1.044971] smpboot: CPU0: Intel(R) Xeon(R) Silver 4114 CPU @ 2.20GHz (family: 0x6, model: 0x55, stepping: 0x4)
[    1.045135] Performance Events: PEBS fmt3+, Skylake events, 32-deep LBR, full-width counters, Intel PMU driver.
[    1.045171] ... version:                4
[    1.045171] ... bit width:              48
[    1.045172] ... generic registers:      8
[    1.045173] ... value mask:             0000ffffffffffff
[    1.045173] ... max period:             00007fffffffffff
[    1.045174] ... fixed-purpose events:   3
[    1.045174] ... event mask:             00000007000000ff
[    1.045231] rcu: Hierarchical SRCU implementation.
[    1.048363] NMI watchdog: Enabled. Permanently consumes one hw-PMU counter.
[    1.048645] smp: Bringing up secondary CPUs ...
[    1.048750] x86: Booting SMP configuration:
[    1.048751] .... node  #0, CPUs:        #1  #2  #3  #4  #5  #6  #7  #8  #9
[    1.095769] .... node  #1, CPUs:   #10 #11 #12 #13 #14 #15 #16 #17 #18 #19
[    1.242719] smp: Brought up 2 nodes, 20 CPUs
[    1.242719] smpboot: Max logical packages: 2
[    1.242719] smpboot: Total of 20 processors activated (88017.92 BogoMIPS)
[    1.247355] devtmpfs: initialized
[    1.247355] x86/mm: Memory block size: 2048MB
[    1.247355] PM: Registering ACPI NVS region [mem 0x6c754000-0x6d2a0fff] (11849728 bytes)
[    1.247355] rm_init_reserve_vaddr, start
[    1.247355] reservation success ffffd90000000000
[    1.247355] clocksource: jiffies: mask: 0xffffffff max_cycles: 0xffffffff, max_idle_ns: 7645041785100000 ns
[    1.247355] futex hash table entries: 8192 (order: 7, 524288 bytes)
[    1.254255] pinctrl core: initialized pinctrl subsystem
[    1.254388] PM: RTC time: 11:32:08, date: 2020-04-08
[    1.254635] NET: Registered protocol family 16
[    1.254774] audit: initializing netlink subsys (disabled)
[    1.254780] audit: type=2000 audit(1586345528.252:1): state=initialized audit_enabled=0 res=1
[    1.254780] cpuidle: using governor ladder
[    1.254780] cpuidle: using governor menu
[    1.254780] Detected 1 PCC Subspaces
[    1.254780] Registering PCC driver as Mailbox controller
[    1.254780] ACPI FADT declares the system doesn't support PCIe ASPM, so disable it
[    1.254780] ACPI: bus type PCI registered
[    1.254780] acpiphp: ACPI Hot Plug PCI Controller Driver version: 0.5
[    1.254780] PCI: MMCONFIG for domain 0000 [bus 00-ff] at [mem 0x80000000-0x8fffffff] (base 0x80000000)
[    1.254780] PCI: MMCONFIG at [mem 0x80000000-0x8fffffff] reserved in E820
[    1.254780] PCI: Using configuration type 1 for base access
[    1.257046] HugeTLB registered 1.00 GiB page size, pre-allocated 0 pages
[    1.257046] HugeTLB registered 2.00 MiB page size, pre-allocated 0 pages
[    1.257046] ACPI: Added _OSI(Module Device)
[    1.257046] ACPI: Added _OSI(Processor Device)
[    1.257046] ACPI: Added _OSI(3.0 _SCP Extensions)
[    1.257046] ACPI: Added _OSI(Processor Aggregator Device)
[    1.257046] ACPI: Added _OSI(Linux-Dell-Video)
[    1.257046] ACPI: Added _OSI(Linux-Lenovo-NV-HDMI-Audio)
[    1.257046] ACPI: Added _OSI(Linux-HPI-Hybrid-Graphics)
[    1.373534] ACPI: 4 ACPI AML tables successfully acquired and loaded
[    1.383695] ACPI: [Firmware Bug]: BIOS _OSI(Linux) query ignored
[    1.395149] ACPI: Dynamic OEM Table Load:
[    1.433904] ACPI: Dynamic OEM Table Load:
[    1.648641] ACPI: Interpreter enabled
[    1.648665] ACPI: (supports S0 S4 S5)
[    1.648666] ACPI: Using IOAPIC for interrupt routing
[    1.648762] HEST: Table parsing has been initialized.
[    1.648765] PCI: Using host bridge windows from ACPI; if necessary, use "pci=nocrs" and report a bug
[    1.650245] ACPI: Enabled 6 GPEs in block 00 to 7F
[    1.718415] ACPI: PCI Root Bridge [PC00] (domain 0000 [bus 00-16])
[    1.718420] acpi PNP0A08:00: _OSC: OS supports [ExtendedConfig ASPM ClockPM Segments MSI]
[    1.718613] acpi PNP0A08:00: _OSC: platform does not support [AER LTR]
[    1.718792] acpi PNP0A08:00: _OSC: OS now controls [PCIeHotplug PME PCIeCapability]
[    1.718793] acpi PNP0A08:00: FADT indicates ASPM is unsupported, using BIOS configuration
[    1.719520] PCI host bridge to bus 0000:00
[    1.719522] pci_bus 0000:00: root bus resource [io  0x0000-0x03af window]
[    1.719524] pci_bus 0000:00: root bus resource [io  0x03e0-0x0cf7 window]
[    1.719525] pci_bus 0000:00: root bus resource [io  0x03b0-0x03bb window]
[    1.719526] pci_bus 0000:00: root bus resource [io  0x03c0-0x03df window]
[    1.719527] pci_bus 0000:00: root bus resource [io  0x1000-0x3fff window]
[    1.719528] pci_bus 0000:00: root bus resource [mem 0x000a0000-0x000bffff window]
[    1.719529] pci_bus 0000:00: root bus resource [mem 0x000c4000-0x000c7fff window]
[    1.719530] pci_bus 0000:00: root bus resource [mem 0xfe010000-0xfe010fff window]
[    1.719531] pci_bus 0000:00: root bus resource [mem 0x90000000-0x9d7fbfff window]
[    1.719532] pci_bus 0000:00: root bus resource [mem 0x380000000000-0x383fffffffff window]
[    1.719534] pci_bus 0000:00: root bus resource [bus 00-16]
[    1.719542] pci 0000:00:00.0: [8086:2020] type 00 class 0x060000
[    1.719752] pci 0000:00:04.0: [8086:2021] type 00 class 0x088000
[    1.719765] pci 0000:00:04.0: reg 0x10: [mem 0x383ffff2c000-0x383ffff2ffff 64bit]
[    1.719949] pci 0000:00:04.1: [8086:2021] type 00 class 0x088000
[    1.719961] pci 0000:00:04.1: reg 0x10: [mem 0x383ffff28000-0x383ffff2bfff 64bit]
[    1.720136] pci 0000:00:04.2: [8086:2021] type 00 class 0x088000
[    1.720147] pci 0000:00:04.2: reg 0x10: [mem 0x383ffff24000-0x383ffff27fff 64bit]
[    1.720321] pci 0000:00:04.3: [8086:2021] type 00 class 0x088000
[    1.720332] pci 0000:00:04.3: reg 0x10: [mem 0x383ffff20000-0x383ffff23fff 64bit]
[    1.720506] pci 0000:00:04.4: [8086:2021] type 00 class 0x088000
[    1.720517] pci 0000:00:04.4: reg 0x10: [mem 0x383ffff1c000-0x383ffff1ffff 64bit]
[    1.720691] pci 0000:00:04.5: [8086:2021] type 00 class 0x088000
[    1.720703] pci 0000:00:04.5: reg 0x10: [mem 0x383ffff18000-0x383ffff1bfff 64bit]
[    1.720882] pci 0000:00:04.6: [8086:2021] type 00 class 0x088000
[    1.720893] pci 0000:00:04.6: reg 0x10: [mem 0x383ffff14000-0x383ffff17fff 64bit]
[    1.721067] pci 0000:00:04.7: [8086:2021] type 00 class 0x088000
[    1.721079] pci 0000:00:04.7: reg 0x10: [mem 0x383ffff10000-0x383ffff13fff 64bit]
[    1.721251] pci 0000:00:05.0: [8086:2024] type 00 class 0x088000
[    1.721419] pci 0000:00:05.2: [8086:2025] type 00 class 0x088000
[    1.721589] pci 0000:00:05.4: [8086:2026] type 00 class 0x080020
[    1.721598] pci 0000:00:05.4: reg 0x10: [mem 0x9d20a000-0x9d20afff]
[    1.721768] pci 0000:00:08.0: [8086:2014] type 00 class 0x088000
[    1.721923] pci 0000:00:08.1: [8086:2015] type 00 class 0x110100
[    1.722067] pci 0000:00:08.2: [8086:2016] type 00 class 0x088000
[    1.722232] pci 0000:00:11.0: [8086:a1ec] type 00 class 0xff0000
[    1.722460] pci 0000:00:11.1: [8086:a1ed] type 00 class 0xff0000
[    1.722695] pci 0000:00:11.5: [8086:a1d2] type 00 class 0x010601
[    1.722713] pci 0000:00:11.5: reg 0x10: [mem 0x9d206000-0x9d207fff]
[    1.722720] pci 0000:00:11.5: reg 0x14: [mem 0x9d209000-0x9d2090ff]
[    1.722727] pci 0000:00:11.5: reg 0x18: [io  0x0800-0x0807]
[    1.722734] pci 0000:00:11.5: reg 0x1c: [io  0x0810-0x0813]
[    1.722742] pci 0000:00:11.5: reg 0x20: [io  0x0820-0x083f]
[    1.722749] pci 0000:00:11.5: reg 0x24: [mem 0x9d180000-0x9d1fffff]
[    1.722791] pci 0000:00:11.5: PME# supported from D3hot
[    1.722988] pci 0000:00:14.0: [8086:a1af] type 00 class 0x0c0330
[    1.723010] pci 0000:00:14.0: reg 0x10: [mem 0x383ffff00000-0x383ffff0ffff 64bit]
[    1.723075] pci 0000:00:14.0: PME# supported from D3hot D3cold
[    1.723261] pci 0000:00:14.2: [8086:a1b1] type 00 class 0x118000
[    1.723282] pci 0000:00:14.2: reg 0x10: [mem 0x383ffff33000-0x383ffff33fff 64bit]
[    1.723491] pci 0000:00:16.0: [8086:a1ba] type 00 class 0x078000
[    1.723519] pci 0000:00:16.0: reg 0x10: [mem 0x383ffff32000-0x383ffff32fff 64bit]
[    1.723605] pci 0000:00:16.0: PME# supported from D3hot
[    1.723754] pci 0000:00:16.1: [8086:a1bb] type 00 class 0x078000
[    1.723783] pci 0000:00:16.1: reg 0x10: [mem 0x383ffff31000-0x383ffff31fff 64bit]
[    1.723868] pci 0000:00:16.1: PME# supported from D3hot
[    1.724018] pci 0000:00:16.4: [8086:a1be] type 00 class 0x078000
[    1.724047] pci 0000:00:16.4: reg 0x10: [mem 0x383ffff30000-0x383ffff30fff 64bit]
[    1.724132] pci 0000:00:16.4: PME# supported from D3hot
[    1.724285] pci 0000:00:17.0: [8086:a182] type 00 class 0x010601
[    1.724303] pci 0000:00:17.0: reg 0x10: [mem 0x9d204000-0x9d205fff]
[    1.724310] pci 0000:00:17.0: reg 0x14: [mem 0x9d208000-0x9d2080ff]
[    1.724317] pci 0000:00:17.0: reg 0x18: [io  0x0840-0x0847]
[    1.724324] pci 0000:00:17.0: reg 0x1c: [io  0x0850-0x0853]
[    1.724331] pci 0000:00:17.0: reg 0x20: [io  0x0860-0x087f]
[    1.724339] pci 0000:00:17.0: reg 0x24: [mem 0x9d100000-0x9d17ffff]
[    1.724381] pci 0000:00:17.0: PME# supported from D3hot
[    1.724568] pci 0000:00:1c.0: [8086:a190] type 01 class 0x060400
[    1.724742] pci 0000:00:1c.0: PME# supported from D0 D3hot D3cold
[    1.724974] pci 0000:00:1c.5: [8086:a195] type 01 class 0x060400
[    1.725050] pci 0000:00:1c.5: PME# supported from D0 D3hot D3cold
[    1.725290] pci 0000:00:1f.0: [8086:a1c1] type 00 class 0x060100
[    1.725532] pci 0000:00:1f.2: [8086:a1a1] type 00 class 0x058000
[    1.725548] pci 0000:00:1f.2: reg 0x10: [mem 0x9d200000-0x9d203fff]
[    1.725769] pci 0000:00:1f.4: [8086:a1a3] type 00 class 0x0c0500
[    1.725790] pci 0000:00:1f.4: reg 0x10: [mem 0x00000000-0x000000ff 64bit]
[    1.725813] pci 0000:00:1f.4: reg 0x20: [io  0x0780-0x079f]
[    1.725971] pci 0000:00:1f.5: [8086:a1a4] type 00 class 0x0c8000
[    1.725987] pci 0000:00:1f.5: reg 0x10: [mem 0xfe010000-0xfe010fff]
[    1.726217] pci 0000:00:1c.0: PCI bridge to [bus 01]
[    1.726284] pci 0000:02:00.0: [1a03:1150] type 01 class 0x060400
[    1.726344] pci 0000:02:00.0: enabling Extended Tags
[    1.726409] pci 0000:02:00.0: supports D1 D2
[    1.726410] pci 0000:02:00.0: PME# supported from D0 D1 D2 D3hot D3cold
[    1.726511] pci 0000:00:1c.5: PCI bridge to [bus 02-03]
[    1.726514] pci 0000:00:1c.5:   bridge window [io  0x3000-0x3fff]
[    1.726517] pci 0000:00:1c.5:   bridge window [mem 0x9c000000-0x9d0fffff]
[    1.726557] pci_bus 0000:03: extended config space not accessible
[    1.726590] pci 0000:03:00.0: [1a03:2000] type 00 class 0x030000
[    1.726612] pci 0000:03:00.0: reg 0x10: [mem 0x9c000000-0x9cffffff]
[    1.726623] pci 0000:03:00.0: reg 0x14: [mem 0x9d000000-0x9d01ffff]
[    1.726635] pci 0000:03:00.0: reg 0x18: [io  0x3000-0x307f]
[    1.726726] pci 0000:03:00.0: supports D1 D2
[    1.726727] pci 0000:03:00.0: PME# supported from D0 D1 D2 D3hot D3cold
[    1.726821] pci 0000:02:00.0: PCI bridge to [bus 03]
[    1.726827] pci 0000:02:00.0:   bridge window [io  0x3000-0x3fff]
[    1.726830] pci 0000:02:00.0:   bridge window [mem 0x9c000000-0x9d0fffff]
[    1.726852] pci_bus 0000:00: on NUMA node 0
[    1.727877] ACPI: PCI Root Bridge [PC01] (domain 0000 [bus 17-39])
[    1.727881] acpi PNP0A08:01: _OSC: OS supports [ExtendedConfig ASPM ClockPM Segments MSI]
[    1.728467] acpi PNP0A08:01: _OSC: platform does not support [AER LTR]
[    1.728821] acpi PNP0A08:01: _OSC: OS now controls [PCIeHotplug PME PCIeCapability]
[    1.728822] acpi PNP0A08:01: FADT indicates ASPM is unsupported, using BIOS configuration
[    1.729091] PCI host bridge to bus 0000:17
[    1.729093] pci_bus 0000:17: root bus resource [io  0x4000-0x5fff window]
[    1.729094] pci_bus 0000:17: root bus resource [mem 0x9d800000-0xaaffbfff window]
[    1.729095] pci_bus 0000:17: root bus resource [mem 0x384000000000-0x387fffffffff window]
[    1.729096] pci_bus 0000:17: root bus resource [bus 17-39]
[    1.729105] pci 0000:17:00.0: [8086:2030] type 01 class 0x060400
[    1.729166] pci 0000:17:00.0: PME# supported from D0 D3hot D3cold
[    1.729290] pci 0000:17:05.0: [8086:2034] type 00 class 0x088000
[    1.729391] pci 0000:17:05.2: [8086:2035] type 00 class 0x088000
[    1.729488] pci 0000:17:05.4: [8086:2036] type 00 class 0x080020
[    1.729497] pci 0000:17:05.4: reg 0x10: [mem 0xaaf00000-0xaaf00fff]
[    1.729595] pci 0000:17:08.0: [8086:208d] type 00 class 0x088000
[    1.729672] pci 0000:17:08.1: [8086:208d] type 00 class 0x088000
[    1.729744] pci 0000:17:08.2: [8086:208d] type 00 class 0x088000
[    1.729821] pci 0000:17:08.3: [8086:208d] type 00 class 0x088000
[    1.729891] pci 0000:17:08.4: [8086:208d] type 00 class 0x088000
[    1.729963] pci 0000:17:08.5: [8086:208d] type 00 class 0x088000
[    1.730034] pci 0000:17:08.6: [8086:208d] type 00 class 0x088000
[    1.730105] pci 0000:17:08.7: [8086:208d] type 00 class 0x088000
[    1.730176] pci 0000:17:09.0: [8086:208d] type 00 class 0x088000
[    1.730251] pci 0000:17:09.1: [8086:208d] type 00 class 0x088000
[    1.730327] pci 0000:17:0e.0: [8086:208e] type 00 class 0x088000
[    1.730402] pci 0000:17:0e.1: [8086:208e] type 00 class 0x088000
[    1.730473] pci 0000:17:0e.2: [8086:208e] type 00 class 0x088000
[    1.730543] pci 0000:17:0e.3: [8086:208e] type 00 class 0x088000
[    1.730615] pci 0000:17:0e.4: [8086:208e] type 00 class 0x088000
[    1.730685] pci 0000:17:0e.5: [8086:208e] type 00 class 0x088000
[    1.730755] pci 0000:17:0e.6: [8086:208e] type 00 class 0x088000
[    1.730826] pci 0000:17:0e.7: [8086:208e] type 00 class 0x088000
[    1.730897] pci 0000:17:0f.0: [8086:208e] type 00 class 0x088000
[    1.730972] pci 0000:17:0f.1: [8086:208e] type 00 class 0x088000
[    1.731054] pci 0000:17:1d.0: [8086:2054] type 00 class 0x088000
[    1.731131] pci 0000:17:1d.1: [8086:2055] type 00 class 0x088000
[    1.731203] pci 0000:17:1d.2: [8086:2056] type 00 class 0x088000
[    1.731274] pci 0000:17:1d.3: [8086:2057] type 00 class 0x088000
[    1.731348] pci 0000:17:1e.0: [8086:2080] type 00 class 0x088000
[    1.731424] pci 0000:17:1e.1: [8086:2081] type 00 class 0x088000
[    1.731499] pci 0000:17:1e.2: [8086:2082] type 00 class 0x088000
[    1.731571] pci 0000:17:1e.3: [8086:2083] type 00 class 0x088000
[    1.731642] pci 0000:17:1e.4: [8086:2084] type 00 class 0x088000
[    1.731714] pci 0000:17:1e.5: [8086:2085] type 00 class 0x088000
[    1.731787] pci 0000:17:1e.6: [8086:2086] type 00 class 0x088000
[    1.731975] pci 0000:18:00.0: [15b3:1013] type 00 class 0x020700
[    1.732143] pci 0000:18:00.0: reg 0x10: [mem 0x387ffe000000-0x387fffffffff 64bit pref]
[    1.732387] pci 0000:18:00.0: reg 0x30: [mem 0xaae00000-0xaaefffff pref]
[    1.732898] pci 0000:18:00.0: PME# supported from D3cold
[    1.733224] pci 0000:18:00.1: [15b3:1013] type 00 class 0x020700
[    1.733382] pci 0000:18:00.1: reg 0x10: [mem 0x387ffc000000-0x387ffdffffff 64bit pref]
[    1.733626] pci 0000:18:00.1: reg 0x30: [mem 0xaad00000-0xaadfffff pref]
[    1.734107] pci 0000:18:00.1: PME# supported from D3cold
[    1.734368] pci 0000:17:00.0: PCI bridge to [bus 18]
[    1.734371] pci 0000:17:00.0:   bridge window [mem 0xaad00000-0xaaefffff]
[    1.734374] pci 0000:17:00.0:   bridge window [mem 0x387ffc000000-0x387fffffffff 64bit pref]
[    1.734381] pci_bus 0000:17: on NUMA node 0
[    1.734510] ACPI: PCI Root Bridge [PC02] (domain 0000 [bus 3a-5c])
[    1.734513] acpi PNP0A08:02: _OSC: OS supports [ExtendedConfig ASPM ClockPM Segments MSI]
[    1.735067] acpi PNP0A08:02: _OSC: platform does not support [AER LTR]
[    1.735390] acpi PNP0A08:02: _OSC: OS now controls [PCIeHotplug PME PCIeCapability]
[    1.735391] acpi PNP0A08:02: FADT indicates ASPM is unsupported, using BIOS configuration
[    1.735607] PCI host bridge to bus 0000:3a
[    1.735609] pci_bus 0000:3a: root bus resource [io  0x6000-0x7fff window]
[    1.735610] pci_bus 0000:3a: root bus resource [mem 0xab000000-0xb87fbfff window]
[    1.735611] pci_bus 0000:3a: root bus resource [mem 0x388000000000-0x38bfffffffff window]
[    1.735612] pci_bus 0000:3a: root bus resource [bus 3a-5c]
[    1.735621] pci 0000:3a:05.0: [8086:2034] type 00 class 0x088000
[    1.735714] pci 0000:3a:05.2: [8086:2035] type 00 class 0x088000
[    1.735801] pci 0000:3a:05.4: [8086:2036] type 00 class 0x080020
[    1.735810] pci 0000:3a:05.4: reg 0x10: [mem 0xb8700000-0xb8700fff]
[    1.735899] pci 0000:3a:08.0: [8086:2066] type 00 class 0x088000
[    1.735985] pci 0000:3a:09.0: [8086:2066] type 00 class 0x088000
[    1.736070] pci 0000:3a:0a.0: [8086:2040] type 00 class 0x088000
[    1.736151] pci 0000:3a:0a.1: [8086:2041] type 00 class 0x088000
[    1.736227] pci 0000:3a:0a.2: [8086:2042] type 00 class 0x088000
[    1.736303] pci 0000:3a:0a.3: [8086:2043] type 00 class 0x088000
[    1.736381] pci 0000:3a:0a.4: [8086:2044] type 00 class 0x088000
[    1.736457] pci 0000:3a:0a.5: [8086:2045] type 00 class 0x088000
[    1.736532] pci 0000:3a:0a.6: [8086:2046] type 00 class 0x088000
[    1.736609] pci 0000:3a:0a.7: [8086:2047] type 00 class 0x088000
[    1.736686] pci 0000:3a:0b.0: [8086:2048] type 00 class 0x088000
[    1.736765] pci 0000:3a:0b.1: [8086:2049] type 00 class 0x088000
[    1.736847] pci 0000:3a:0b.2: [8086:204a] type 00 class 0x088000
[    1.736924] pci 0000:3a:0b.3: [8086:204b] type 00 class 0x088000
[    1.737001] pci 0000:3a:0c.0: [8086:2040] type 00 class 0x088000
[    1.737082] pci 0000:3a:0c.1: [8086:2041] type 00 class 0x088000
[    1.737158] pci 0000:3a:0c.2: [8086:2042] type 00 class 0x088000
[    1.737234] pci 0000:3a:0c.3: [8086:2043] type 00 class 0x088000
[    1.737312] pci 0000:3a:0c.4: [8086:2044] type 00 class 0x088000
[    1.737387] pci 0000:3a:0c.5: [8086:2045] type 00 class 0x088000
[    1.737462] pci 0000:3a:0c.6: [8086:2046] type 00 class 0x088000
[    1.737539] pci 0000:3a:0c.7: [8086:2047] type 00 class 0x088000
[    1.737614] pci 0000:3a:0d.0: [8086:2048] type 00 class 0x088000
[    1.737694] pci 0000:3a:0d.1: [8086:2049] type 00 class 0x088000
[    1.737771] pci 0000:3a:0d.2: [8086:204a] type 00 class 0x088000
[    1.737847] pci 0000:3a:0d.3: [8086:204b] type 00 class 0x088000
[    1.737935] pci_bus 0000:3a: on NUMA node 0
[    1.738042] ACPI: PCI Root Bridge [PC03] (domain 0000 [bus 5d-7f])
[    1.738045] acpi PNP0A08:03: _OSC: OS supports [ExtendedConfig ASPM ClockPM Segments MSI]
[    1.738613] acpi PNP0A08:03: _OSC: platform does not support [AER LTR]
[    1.738936] acpi PNP0A08:03: _OSC: OS now controls [PCIeHotplug PME PCIeCapability]
[    1.738936] acpi PNP0A08:03: FADT indicates ASPM is unsupported, using BIOS configuration
[    1.739175] PCI host bridge to bus 0000:5d
[    1.739177] pci_bus 0000:5d: root bus resource [io  0x8000-0x9fff window]
[    1.739178] pci_bus 0000:5d: root bus resource [mem 0xb8800000-0xc5ffbfff window]
[    1.739179] pci_bus 0000:5d: root bus resource [mem 0x38c000000000-0x38ffffffffff window]
[    1.739180] pci_bus 0000:5d: root bus resource [bus 5d-7f]
[    1.739188] pci 0000:5d:00.0: [8086:2030] type 01 class 0x060400
[    1.739217] pci 0000:5d:00.0: enabling Extended Tags
[    1.739253] pci 0000:5d:00.0: PME# supported from D0 D3hot D3cold
[    1.739331] pci 0000:5d:05.0: [8086:2034] type 00 class 0x088000
[    1.739418] pci 0000:5d:05.2: [8086:2035] type 00 class 0x088000
[    1.739505] pci 0000:5d:05.4: [8086:2036] type 00 class 0x080020
[    1.739514] pci 0000:5d:05.4: reg 0x10: [mem 0xc5f00000-0xc5f00fff]
[    1.739606] pci 0000:5d:0e.0: [8086:2058] type 00 class 0x110100
[    1.739684] pci 0000:5d:0e.1: [8086:2059] type 00 class 0x088000
[    1.739762] pci 0000:5d:0f.0: [8086:2058] type 00 class 0x110100
[    1.739839] pci 0000:5d:0f.1: [8086:2059] type 00 class 0x088000
[    1.739918] pci 0000:5d:12.0: [8086:204c] type 00 class 0x110100
[    1.739992] pci 0000:5d:12.1: [8086:204d] type 00 class 0x110100
[    1.740053] pci 0000:5d:12.2: [8086:204e] type 00 class 0x088000
[    1.740116] pci 0000:5d:15.0: [8086:2018] type 00 class 0x088000
[    1.740183] pci 0000:5d:16.0: [8086:2018] type 00 class 0x088000
[    1.740247] pci 0000:5d:16.4: [8086:2018] type 00 class 0x088000
[    1.740356] pci 0000:5e:00.0: [8086:37c0] type 01 class 0x060400
[    1.740374] pci 0000:5e:00.0: reg 0x10: [mem 0xc5e00000-0xc5e1ffff 64bit]
[    1.740380] pci 0000:5e:00.0: reg 0x38: [mem 0xc5c00000-0xc5cfffff pref]
[    1.740434] pci 0000:5e:00.0: PME# supported from D0 D3hot D3cold
[    1.740504] pci 0000:5d:00.0: PCI bridge to [bus 5e-60]
[    1.740507] pci 0000:5d:00.0:   bridge window [mem 0xc5c00000-0xc5efffff]
[    1.740510] pci 0000:5d:00.0:   bridge window [mem 0xc3000000-0xc50fffff 64bit pref]
[    1.740582] pci 0000:5f:03.0: [8086:37c5] type 01 class 0x060400
[    1.740671] pci 0000:5f:03.0: PME# supported from D0 D3hot D3cold
[    1.740755] pci 0000:5e:00.0: PCI bridge to [bus 5f-60]
[    1.740759] pci 0000:5e:00.0:   bridge window [mem 0xc5d00000-0xc5dfffff]
[    1.740763] pci 0000:5e:00.0:   bridge window [mem 0xc3000000-0xc50fffff 64bit pref]
[    1.740835] pci 0000:60:00.0: [8086:37d1] type 00 class 0x020000
[    1.740861] pci 0000:60:00.0: reg 0x10: [mem 0xc4000000-0xc4ffffff 64bit pref]
[    1.740880] pci 0000:60:00.0: reg 0x1c: [mem 0xc5008000-0xc500ffff 64bit pref]
[    1.740895] pci 0000:60:00.0: reg 0x30: [mem 0xc5d80000-0xc5dfffff pref]
[    1.740902] pci 0000:60:00.0: enabling Extended Tags
[    1.740974] pci 0000:60:00.0: PME# supported from D0 D3hot D3cold
[    1.741006] pci 0000:60:00.0: reg 0x184: [mem 0x00000000-0x0001ffff 64bit pref]
[    1.741008] pci 0000:60:00.0: VF(n) BAR0 space: [mem 0x00000000-0x003fffff 64bit pref] (contains BAR0 for 32 VFs)
[    1.741023] pci 0000:60:00.0: reg 0x190: [mem 0x00000000-0x00003fff 64bit pref]
[    1.741025] pci 0000:60:00.0: VF(n) BAR3 space: [mem 0x00000000-0x0007ffff 64bit pref] (contains BAR3 for 32 VFs)
[    1.741178] pci 0000:60:00.1: [8086:37d1] type 00 class 0x020000
[    1.741203] pci 0000:60:00.1: reg 0x10: [mem 0xc3000000-0xc3ffffff 64bit pref]
[    1.741222] pci 0000:60:00.1: reg 0x1c: [mem 0xc5000000-0xc5007fff 64bit pref]
[    1.741237] pci 0000:60:00.1: reg 0x30: [mem 0xc5d00000-0xc5d7ffff pref]
[    1.741244] pci 0000:60:00.1: enabling Extended Tags
[    1.741315] pci 0000:60:00.1: PME# supported from D0 D3hot D3cold
[    1.741342] pci 0000:60:00.1: reg 0x184: [mem 0x00000000-0x0001ffff 64bit pref]
[    1.741343] pci 0000:60:00.1: VF(n) BAR0 space: [mem 0x00000000-0x003fffff 64bit pref] (contains BAR0 for 32 VFs)
[    1.741358] pci 0000:60:00.1: reg 0x190: [mem 0x00000000-0x00003fff 64bit pref]
[    1.741360] pci 0000:60:00.1: VF(n) BAR3 space: [mem 0x00000000-0x0007ffff 64bit pref] (contains BAR3 for 32 VFs)
[    1.741520] pci 0000:5f:03.0: PCI bridge to [bus 60]
[    1.741525] pci 0000:5f:03.0:   bridge window [mem 0xc5d00000-0xc5dfffff]
[    1.741529] pci 0000:5f:03.0:   bridge window [mem 0xc3000000-0xc50fffff 64bit pref]
[    1.741545] pci_bus 0000:5d: on NUMA node 0
[    1.741765] ACPI: PCI Root Bridge [PC06] (domain 0000 [bus 80-84])
[    1.741768] acpi PNP0A08:06: _OSC: OS supports [ExtendedConfig ASPM ClockPM Segments MSI]
[    1.742104] acpi PNP0A08:06: _OSC: platform does not support [AER LTR]
[    1.742354] acpi PNP0A08:06: _OSC: OS now controls [PCIeHotplug PME PCIeCapability]
[    1.742355] acpi PNP0A08:06: FADT indicates ASPM is unsupported, using BIOS configuration
[    1.742551] PCI host bridge to bus 0000:80
[    1.742552] pci_bus 0000:80: root bus resource [io  0xa000-0xbfff window]
[    1.742554] pci_bus 0000:80: root bus resource [mem 0xc6000000-0xd37fbfff window]
[    1.742555] pci_bus 0000:80: root bus resource [mem 0x390000000000-0x393fffffffff window]
[    1.742556] pci_bus 0000:80: root bus resource [bus 80-84]
[    1.742566] pci 0000:80:04.0: [8086:2021] type 00 class 0x088000
[    1.742579] pci 0000:80:04.0: reg 0x10: [mem 0x393ffff1c000-0x393ffff1ffff 64bit]
[    1.742685] pci 0000:80:04.1: [8086:2021] type 00 class 0x088000
[    1.742698] pci 0000:80:04.1: reg 0x10: [mem 0x393ffff18000-0x393ffff1bfff 64bit]
[    1.742802] pci 0000:80:04.2: [8086:2021] type 00 class 0x088000
[    1.742814] pci 0000:80:04.2: reg 0x10: [mem 0x393ffff14000-0x393ffff17fff 64bit]
[    1.742913] pci 0000:80:04.3: [8086:2021] type 00 class 0x088000
[    1.742926] pci 0000:80:04.3: reg 0x10: [mem 0x393ffff10000-0x393ffff13fff 64bit]
[    1.743026] pci 0000:80:04.4: [8086:2021] type 00 class 0x088000
[    1.743038] pci 0000:80:04.4: reg 0x10: [mem 0x393ffff0c000-0x393ffff0ffff 64bit]
[    1.743145] pci 0000:80:04.5: [8086:2021] type 00 class 0x088000
[    1.743157] pci 0000:80:04.5: reg 0x10: [mem 0x393ffff08000-0x393ffff0bfff 64bit]
[    1.743255] pci 0000:80:04.6: [8086:2021] type 00 class 0x088000
[    1.743268] pci 0000:80:04.6: reg 0x10: [mem 0x393ffff04000-0x393ffff07fff 64bit]
[    1.743368] pci 0000:80:04.7: [8086:2021] type 00 class 0x088000
[    1.743380] pci 0000:80:04.7: reg 0x10: [mem 0x393ffff00000-0x393ffff03fff 64bit]
[    1.743477] pci 0000:80:05.0: [8086:2024] type 00 class 0x088000
[    1.743567] pci 0000:80:05.2: [8086:2025] type 00 class 0x088000
[    1.743657] pci 0000:80:05.4: [8086:2026] type 00 class 0x080020
[    1.743667] pci 0000:80:05.4: reg 0x10: [mem 0xd3700000-0xd3700fff]
[    1.743762] pci 0000:80:08.0: [8086:2014] type 00 class 0x088000
[    1.743841] pci 0000:80:08.1: [8086:2015] type 00 class 0x110100
[    1.743907] pci 0000:80:08.2: [8086:2016] type 00 class 0x088000
[    1.743996] pci_bus 0000:80: on NUMA node 1
[    1.744102] ACPI: PCI Root Bridge [PC07] (domain 0000 [bus 85-ad])
[    1.744105] acpi PNP0A08:07: _OSC: OS supports [ExtendedConfig ASPM ClockPM Segments MSI]
[    1.744662] acpi PNP0A08:07: _OSC: platform does not support [AER LTR]
[    1.744987] acpi PNP0A08:07: _OSC: OS now controls [PCIeHotplug PME PCIeCapability]
[    1.744988] acpi PNP0A08:07: FADT indicates ASPM is unsupported, using BIOS configuration
[    1.745294] PCI host bridge to bus 0000:85
[    1.745296] pci_bus 0000:85: root bus resource [io  0xc000-0xdfff window]
[    1.745297] pci_bus 0000:85: root bus resource [mem 0xd3800000-0xe0ffbfff window]
[    1.745298] pci_bus 0000:85: root bus resource [mem 0x394000000000-0x397fffffffff window]
[    1.745299] pci_bus 0000:85: root bus resource [bus 85-ad]
[    1.745309] pci 0000:85:05.0: [8086:2034] type 00 class 0x088000
[    1.745414] pci 0000:85:05.2: [8086:2035] type 00 class 0x088000
[    1.745514] pci 0000:85:05.4: [8086:2036] type 00 class 0x080020
[    1.745524] pci 0000:85:05.4: reg 0x10: [mem 0xe0f00000-0xe0f00fff]
[    1.745628] pci 0000:85:08.0: [8086:208d] type 00 class 0x088000
[    1.745707] pci 0000:85:08.1: [8086:208d] type 00 class 0x088000
[    1.745783] pci 0000:85:08.2: [8086:208d] type 00 class 0x088000
[    1.745857] pci 0000:85:08.3: [8086:208d] type 00 class 0x088000
[    1.745932] pci 0000:85:08.4: [8086:208d] type 00 class 0x088000
[    1.746007] pci 0000:85:08.5: [8086:208d] type 00 class 0x088000
[    1.746081] pci 0000:85:08.6: [8086:208d] type 00 class 0x088000
[    1.746155] pci 0000:85:08.7: [8086:208d] type 00 class 0x088000
[    1.746229] pci 0000:85:09.0: [8086:208d] type 00 class 0x088000
[    1.746308] pci 0000:85:09.1: [8086:208d] type 00 class 0x088000
[    1.746388] pci 0000:85:0e.0: [8086:208e] type 00 class 0x088000
[    1.746465] pci 0000:85:0e.1: [8086:208e] type 00 class 0x088000
[    1.746541] pci 0000:85:0e.2: [8086:208e] type 00 class 0x088000
[    1.746616] pci 0000:85:0e.3: [8086:208e] type 00 class 0x088000
[    1.746691] pci 0000:85:0e.4: [8086:208e] type 00 class 0x088000
[    1.746765] pci 0000:85:0e.5: [8086:208e] type 00 class 0x088000
[    1.746838] pci 0000:85:0e.6: [8086:208e] type 00 class 0x088000
[    1.746913] pci 0000:85:0e.7: [8086:208e] type 00 class 0x088000
[    1.746987] pci 0000:85:0f.0: [8086:208e] type 00 class 0x088000
[    1.747066] pci 0000:85:0f.1: [8086:208e] type 00 class 0x088000
[    1.747152] pci 0000:85:1d.0: [8086:2054] type 00 class 0x088000
[    1.747232] pci 0000:85:1d.1: [8086:2055] type 00 class 0x088000
[    1.747307] pci 0000:85:1d.2: [8086:2056] type 00 class 0x088000
[    1.747382] pci 0000:85:1d.3: [8086:2057] type 00 class 0x088000
[    1.747460] pci 0000:85:1e.0: [8086:2080] type 00 class 0x088000
[    1.747538] pci 0000:85:1e.1: [8086:2081] type 00 class 0x088000
[    1.747613] pci 0000:85:1e.2: [8086:2082] type 00 class 0x088000
[    1.747689] pci 0000:85:1e.3: [8086:2083] type 00 class 0x088000
[    1.747767] pci 0000:85:1e.4: [8086:2084] type 00 class 0x088000
[    1.747844] pci 0000:85:1e.5: [8086:2085] type 00 class 0x088000
[    1.747920] pci 0000:85:1e.6: [8086:2086] type 00 class 0x088000
[    1.747996] pci_bus 0000:85: on NUMA node 1
[    1.748119] ACPI: PCI Root Bridge [PC08] (domain 0000 [bus ae-d6])
[    1.748122] acpi PNP0A08:08: _OSC: OS supports [ExtendedConfig ASPM ClockPM Segments MSI]
[    1.748673] acpi PNP0A08:08: _OSC: platform does not support [AER LTR]
[    1.748999] acpi PNP0A08:08: _OSC: OS now controls [PCIeHotplug PME PCIeCapability]
[    1.749000] acpi PNP0A08:08: FADT indicates ASPM is unsupported, using BIOS configuration
[    1.749258] PCI host bridge to bus 0000:ae
[    1.749259] pci_bus 0000:ae: root bus resource [io  0xe000-0xefff window]
[    1.749260] pci_bus 0000:ae: root bus resource [mem 0xe1000000-0xee7fbfff window]
[    1.749262] pci_bus 0000:ae: root bus resource [mem 0x398000000000-0x39bfffffffff window]
[    1.749263] pci_bus 0000:ae: root bus resource [bus ae-d6]
[    1.749273] pci 0000:ae:05.0: [8086:2034] type 00 class 0x088000
[    1.749368] pci 0000:ae:05.2: [8086:2035] type 00 class 0x088000
[    1.749469] pci 0000:ae:05.4: [8086:2036] type 00 class 0x080020
[    1.749479] pci 0000:ae:05.4: reg 0x10: [mem 0xee700000-0xee700fff]
[    1.749574] pci 0000:ae:08.0: [8086:2066] type 00 class 0x088000
[    1.749665] pci 0000:ae:09.0: [8086:2066] type 00 class 0x088000
[    1.749754] pci 0000:ae:0a.0: [8086:2040] type 00 class 0x088000
[    1.749840] pci 0000:ae:0a.1: [8086:2041] type 00 class 0x088000
[    1.749921] pci 0000:ae:0a.2: [8086:2042] type 00 class 0x088000
[    1.750004] pci 0000:ae:0a.3: [8086:2043] type 00 class 0x088000
[    1.750085] pci 0000:ae:0a.4: [8086:2044] type 00 class 0x088000
[    1.750165] pci 0000:ae:0a.5: [8086:2045] type 00 class 0x088000
[    1.750249] pci 0000:ae:0a.6: [8086:2046] type 00 class 0x088000
[    1.750330] pci 0000:ae:0a.7: [8086:2047] type 00 class 0x088000
[    1.750410] pci 0000:ae:0b.0: [8086:2048] type 00 class 0x088000
[    1.750496] pci 0000:ae:0b.1: [8086:2049] type 00 class 0x088000
[    1.750576] pci 0000:ae:0b.2: [8086:204a] type 00 class 0x088000
[    1.750656] pci 0000:ae:0b.3: [8086:204b] type 00 class 0x088000
[    1.750738] pci 0000:ae:0c.0: [8086:2040] type 00 class 0x088000
[    1.750822] pci 0000:ae:0c.1: [8086:2041] type 00 class 0x088000
[    1.750903] pci 0000:ae:0c.2: [8086:2042] type 00 class 0x088000
[    1.750984] pci 0000:ae:0c.3: [8086:2043] type 00 class 0x088000
[    1.751064] pci 0000:ae:0c.4: [8086:2044] type 00 class 0x088000
[    1.751145] pci 0000:ae:0c.5: [8086:2045] type 00 class 0x088000
[    1.751225] pci 0000:ae:0c.6: [8086:2046] type 00 class 0x088000
[    1.751307] pci 0000:ae:0c.7: [8086:2047] type 00 class 0x088000
[    1.751388] pci 0000:ae:0d.0: [8086:2048] type 00 class 0x088000
[    1.751472] pci 0000:ae:0d.1: [8086:2049] type 00 class 0x088000
[    1.751552] pci 0000:ae:0d.2: [8086:204a] type 00 class 0x088000
[    1.751633] pci 0000:ae:0d.3: [8086:204b] type 00 class 0x088000
[    1.751724] pci_bus 0000:ae: on NUMA node 1
[    1.751836] ACPI: PCI Root Bridge [PC09] (domain 0000 [bus d7-ff])
[    1.751839] acpi PNP0A08:09: _OSC: OS supports [ExtendedConfig ASPM ClockPM Segments MSI]
[    1.752392] acpi PNP0A08:09: _OSC: platform does not support [AER LTR]
[    1.752716] acpi PNP0A08:09: _OSC: OS now controls [PCIeHotplug PME PCIeCapability]
[    1.752717] acpi PNP0A08:09: FADT indicates ASPM is unsupported, using BIOS configuration
[    1.752975] PCI host bridge to bus 0000:d7
[    1.752977] pci_bus 0000:d7: root bus resource [io  0xf000-0xffff window]
[    1.752978] pci_bus 0000:d7: root bus resource [mem 0xee800000-0xfbffbfff window]
[    1.752979] pci_bus 0000:d7: root bus resource [mem 0x39c000000000-0x39ffffffffff window]
[    1.752981] pci_bus 0000:d7: root bus resource [bus d7-ff]
[    1.752991] pci 0000:d7:05.0: [8086:2034] type 00 class 0x088000
[    1.753086] pci 0000:d7:05.2: [8086:2035] type 00 class 0x088000
[    1.753177] pci 0000:d7:05.4: [8086:2036] type 00 class 0x080020
[    1.753187] pci 0000:d7:05.4: reg 0x10: [mem 0xfbf00000-0xfbf00fff]
[    1.753286] pci 0000:d7:0e.0: [8086:2058] type 00 class 0x110100
[    1.753370] pci 0000:d7:0e.1: [8086:2059] type 00 class 0x088000
[    1.753452] pci 0000:d7:0f.0: [8086:2058] type 00 class 0x110100
[    1.753537] pci 0000:d7:0f.1: [8086:2059] type 00 class 0x088000
[    1.753619] pci 0000:d7:12.0: [8086:204c] type 00 class 0x110100
[    1.753700] pci 0000:d7:12.1: [8086:204d] type 00 class 0x110100
[    1.753768] pci 0000:d7:12.2: [8086:204e] type 00 class 0x088000
[    1.753835] pci 0000:d7:15.0: [8086:2018] type 00 class 0x088000
[    1.753906] pci 0000:d7:16.0: [8086:2018] type 00 class 0x088000
[    1.753977] pci 0000:d7:16.4: [8086:2018] type 00 class 0x088000
[    1.754048] pci_bus 0000:d7: on NUMA node 1
[    1.754563] ACPI: PCI Interrupt Link [LNKA] (IRQs 3 4 5 6 7 10 *11 12 14 15)
[    1.754627] ACPI: PCI Interrupt Link [LNKB] (IRQs 3 4 5 6 7 *10 11 12 14 15)
[    1.754689] ACPI: PCI Interrupt Link [LNKC] (IRQs 3 4 5 6 10 *11 12 14 15)
[    1.754751] ACPI: PCI Interrupt Link [LNKD] (IRQs 3 4 5 6 10 *11 12 14 15)
[    1.754813] ACPI: PCI Interrupt Link [LNKE] (IRQs 3 4 5 6 7 10 *11 12 14 15)
[    1.754874] ACPI: PCI Interrupt Link [LNKF] (IRQs 3 4 5 6 7 10 *11 12 14 15)
[    1.754936] ACPI: PCI Interrupt Link [LNKG] (IRQs 3 4 5 6 7 10 *11 12 14 15)
[    1.754998] ACPI: PCI Interrupt Link [LNKH] (IRQs 3 4 5 6 7 10 *11 12 14 15)
[    1.756891] pci 0000:03:00.0: vgaarb: setting as boot VGA device
[    1.756891] pci 0000:03:00.0: vgaarb: VGA device added: decodes=io+mem,owns=io+mem,locks=none
[    1.756942] pci 0000:03:00.0: vgaarb: bridge control possible
[    1.756943] vgaarb: loaded
[    1.757136] SCSI subsystem initialized
[    1.757169] libata version 3.00 loaded.
[    1.757169] ACPI: bus type USB registered
[    1.757169] usbcore: registered new interface driver usbfs
[    1.757169] usbcore: registered new interface driver hub
[    1.757169] usbcore: registered new device driver usb
[    1.757169] EDAC MC: Ver: 3.0.0
[    1.757199] PCI: Using ACPI for IRQ routing
[    1.760267] PCI: pci_cache_line_size set to 64 bytes
[    1.760532] e820: reserve RAM buffer [mem 0x00099800-0x0009ffff]
[    1.760533] e820: reserve RAM buffer [mem 0x6a549000-0x6bffffff]
[    1.760534] e820: reserve RAM buffer [mem 0x6c754000-0x6fffffff]
[    1.760535] e820: reserve RAM buffer [mem 0x6f800000-0x6fffffff]
[    1.760869] NetLabel: Initializing
[    1.760869] NetLabel:  domain hash size = 128
[    1.760869] NetLabel:  protocols = UNLABELED CIPSOv4 CALIPSO
[    1.760869] NetLabel:  unlabeled traffic allowed by default
[    1.761343] hpet0: at MMIO 0xfed00000, IRQs 2, 8, 0, 0, 0, 0, 0, 0
[    1.761347] hpet0: 8 comparators, 64-bit 24.000000 MHz counter
[    1.764873] clocksource: Switched to clocksource tsc-early
[    1.778783] VFS: Disk quotas dquot_6.6.0
[    1.778805] VFS: Dquot-cache hash table entries: 512 (order 0, 4096 bytes)
[    1.778835] *** VALIDATE hugetlbfs ***
[    1.778963] AppArmor: AppArmor Filesystem Enabled
[    1.778988] pnp: PnP ACPI init
[    1.779668] pnp 00:00: Plug and Play ACPI device, IDs PNP0b00 (active)
[    1.779856] system 00:01: [io  0x0500-0x053f] has been reserved
[    1.779858] system 00:01: [io  0x0400-0x047f] has been reserved
[    1.779859] system 00:01: [io  0x0540-0x057f] has been reserved
[    1.779860] system 00:01: [io  0x0600-0x061f] has been reserved
[    1.779862] system 00:01: [io  0x0880-0x0883] has been reserved
[    1.779863] system 00:01: [io  0x0800-0x081f] could not be reserved
[    1.779866] system 00:01: [mem 0xfed1c000-0xfed3ffff] could not be reserved
[    1.779867] system 00:01: [mem 0xfed45000-0xfed8bfff] has been reserved
[    1.779868] system 00:01: [mem 0xff000000-0xffffffff] has been reserved
[    1.779869] system 00:01: [mem 0xfee00000-0xfeefffff] has been reserved
[    1.779871] system 00:01: [mem 0xfed12000-0xfed1200f] has been reserved
[    1.779872] system 00:01: [mem 0xfed12010-0xfed1201f] has been reserved
[    1.779873] system 00:01: [mem 0xfed1b000-0xfed1bfff] has been reserved
[    1.779877] system 00:01: Plug and Play ACPI device, IDs PNP0c02 (active)
[    1.780323] system 00:02: [io  0x0a00-0x0a0f] has been reserved
[    1.780324] system 00:02: [io  0x0a10-0x0a1f] has been reserved
[    1.780326] system 00:02: [io  0x0a20-0x0a2f] has been reserved
[    1.780327] system 00:02: [io  0x0a30-0x0a3f] has been reserved
[    1.780328] system 00:02: [io  0x0a40-0x0a4f] has been reserved
[    1.780331] system 00:02: Plug and Play ACPI device, IDs PNP0c02 (active)
[    1.780664] pnp 00:03: [dma 0 disabled]
[    1.780701] pnp 00:03: Plug and Play ACPI device, IDs PNP0501 (active)
[    1.781024] pnp 00:04: [dma 0 disabled]
[    1.781060] pnp 00:04: Plug and Play ACPI device, IDs PNP0501 (active)
[    1.781313] system 00:05: [mem 0xfd000000-0xfdabffff] has been reserved
[    1.781315] system 00:05: [mem 0xfdad0000-0xfdadffff] has been reserved
[    1.781316] system 00:05: [mem 0xfdb00000-0xfdffffff] has been reserved
[    1.781318] system 00:05: [mem 0xfe000000-0xfe00ffff] has been reserved
[    1.781319] system 00:05: [mem 0xfe011000-0xfe01ffff] has been reserved
[    1.781320] system 00:05: [mem 0xfe036000-0xfe03bfff] has been reserved
[    1.781321] system 00:05: [mem 0xfe03d000-0xfe3fffff] has been reserved
[    1.781323] system 00:05: [mem 0xfe410000-0xfe7fffff] has been reserved
[    1.781326] system 00:05: Plug and Play ACPI device, IDs PNP0c02 (active)
[    1.781657] system 00:06: [io  0x0f00-0x0ffe] has been reserved
[    1.781660] system 00:06: Plug and Play ACPI device, IDs PNP0c02 (active)
[    1.782803] pnp: PnP ACPI: found 7 devices
[    1.788513] clocksource: acpi_pm: mask: 0xffffff max_cycles: 0xffffff, max_idle_ns: 2085701024 ns
[    1.788526] pci 0000:00:1c.0: bridge window [io  0x1000-0x0fff] to [bus 01] add_size 1000
[    1.788529] pci 0000:00:1c.0: bridge window [mem 0x00100000-0x000fffff 64bit pref] to [bus 01] add_size 200000 add_align 100000
[    1.788530] pci 0000:00:1c.0: bridge window [mem 0x00100000-0x000fffff] to [bus 01] add_size 200000 add_align 100000
[    1.788540] pci 0000:00:1c.0: BAR 14: assigned [mem 0x90000000-0x901fffff]
[    1.788544] pci 0000:00:1c.0: BAR 15: assigned [mem 0x380000000000-0x3800001fffff 64bit pref]
[    1.788547] pci 0000:00:1c.0: BAR 13: assigned [io  0x1000-0x1fff]
[    1.788551] pci 0000:00:1f.4: BAR 0: assigned [mem 0x380000200000-0x3800002000ff 64bit]
[    1.788561] pci 0000:00:1c.0: PCI bridge to [bus 01]
[    1.788563] pci 0000:00:1c.0:   bridge window [io  0x1000-0x1fff]
[    1.788567] pci 0000:00:1c.0:   bridge window [mem 0x90000000-0x901fffff]
[    1.788570] pci 0000:00:1c.0:   bridge window [mem 0x380000000000-0x3800001fffff 64bit pref]
[    1.788574] pci 0000:02:00.0: PCI bridge to [bus 03]
[    1.788576] pci 0000:02:00.0:   bridge window [io  0x3000-0x3fff]
[    1.788581] pci 0000:02:00.0:   bridge window [mem 0x9c000000-0x9d0fffff]
[    1.788589] pci 0000:00:1c.5: PCI bridge to [bus 02-03]
[    1.788591] pci 0000:00:1c.5:   bridge window [io  0x3000-0x3fff]
[    1.788594] pci 0000:00:1c.5:   bridge window [mem 0x9c000000-0x9d0fffff]
[    1.788601] pci_bus 0000:00: resource 4 [io  0x0000-0x03af window]
[    1.788602] pci_bus 0000:00: resource 5 [io  0x03e0-0x0cf7 window]
[    1.788603] pci_bus 0000:00: resource 6 [io  0x03b0-0x03bb window]
[    1.788604] pci_bus 0000:00: resource 7 [io  0x03c0-0x03df window]
[    1.788605] pci_bus 0000:00: resource 8 [io  0x1000-0x3fff window]
[    1.788606] pci_bus 0000:00: resource 9 [mem 0x000a0000-0x000bffff window]
[    1.788607] pci_bus 0000:00: resource 10 [mem 0x000c4000-0x000c7fff window]
[    1.788608] pci_bus 0000:00: resource 11 [mem 0xfe010000-0xfe010fff window]
[    1.788609] pci_bus 0000:00: resource 12 [mem 0x90000000-0x9d7fbfff window]
[    1.788610] pci_bus 0000:00: resource 13 [mem 0x380000000000-0x383fffffffff window]
[    1.788612] pci_bus 0000:01: resource 0 [io  0x1000-0x1fff]
[    1.788613] pci_bus 0000:01: resource 1 [mem 0x90000000-0x901fffff]
[    1.788614] pci_bus 0000:01: resource 2 [mem 0x380000000000-0x3800001fffff 64bit pref]
[    1.788615] pci_bus 0000:02: resource 0 [io  0x3000-0x3fff]
[    1.788616] pci_bus 0000:02: resource 1 [mem 0x9c000000-0x9d0fffff]
[    1.788617] pci_bus 0000:03: resource 0 [io  0x3000-0x3fff]
[    1.788618] pci_bus 0000:03: resource 1 [mem 0x9c000000-0x9d0fffff]
[    1.788744] pci 0000:17:00.0: PCI bridge to [bus 18]
[    1.788747] pci 0000:17:00.0:   bridge window [mem 0xaad00000-0xaaefffff]
[    1.788749] pci 0000:17:00.0:   bridge window [mem 0x387ffc000000-0x387fffffffff 64bit pref]
[    1.788754] pci_bus 0000:17: resource 4 [io  0x4000-0x5fff window]
[    1.788755] pci_bus 0000:17: resource 5 [mem 0x9d800000-0xaaffbfff window]
[    1.788756] pci_bus 0000:17: resource 6 [mem 0x384000000000-0x387fffffffff window]
[    1.788757] pci_bus 0000:18: resource 1 [mem 0xaad00000-0xaaefffff]
[    1.788758] pci_bus 0000:18: resource 2 [mem 0x387ffc000000-0x387fffffffff 64bit pref]
[    1.788784] pci_bus 0000:3a: resource 4 [io  0x6000-0x7fff window]
[    1.788786] pci_bus 0000:3a: resource 5 [mem 0xab000000-0xb87fbfff window]
[    1.788787] pci_bus 0000:3a: resource 6 [mem 0x388000000000-0x38bfffffffff window]
[    1.788802] pci_bus 0000:5d: max bus depth: 3 pci_try_num: 4
[    1.788810] pci 0000:60:00.0: BAR 7: no space for [mem size 0x00400000 64bit pref]
[    1.788811] pci 0000:60:00.0: BAR 7: failed to assign [mem size 0x00400000 64bit pref]
[    1.788813] pci 0000:60:00.1: BAR 7: no space for [mem size 0x00400000 64bit pref]
[    1.788815] pci 0000:60:00.1: BAR 7: failed to assign [mem size 0x00400000 64bit pref]
[    1.788816] pci 0000:60:00.0: BAR 10: assigned [mem 0xc5010000-0xc508ffff 64bit pref]
[    1.788821] pci 0000:60:00.1: BAR 10: no space for [mem size 0x00080000 64bit pref]
[    1.788822] pci 0000:60:00.1: BAR 10: failed to assign [mem size 0x00080000 64bit pref]
[    1.788823] pci 0000:5f:03.0: PCI bridge to [bus 60]
[    1.788827] pci 0000:5f:03.0:   bridge window [mem 0xc5d00000-0xc5dfffff]
[    1.788830] pci 0000:5f:03.0:   bridge window [mem 0xc3000000-0xc50fffff 64bit pref]
[    1.788834] pci 0000:5e:00.0: PCI bridge to [bus 5f-60]
[    1.788838] pci 0000:5e:00.0:   bridge window [mem 0xc5d00000-0xc5dfffff]
[    1.788840] pci 0000:5e:00.0:   bridge window [mem 0xc3000000-0xc50fffff 64bit pref]
[    1.788844] pci 0000:5d:00.0: PCI bridge to [bus 5e-60]
[    1.788847] pci 0000:5d:00.0:   bridge window [mem 0xc5c00000-0xc5efffff]
[    1.788849] pci 0000:5d:00.0:   bridge window [mem 0xc3000000-0xc50fffff 64bit pref]
[    1.788853] pci_bus 0000:5d: No. 2 try to assign unassigned res
[    1.788853] release child resource [mem 0xc3000000-0xc3ffffff 64bit pref]
[    1.788854] release child resource [mem 0xc4000000-0xc4ffffff 64bit pref]
[    1.788855] release child resource [mem 0xc5000000-0xc5007fff 64bit pref]
[    1.788855] release child resource [mem 0xc5008000-0xc500ffff 64bit pref]
[    1.788856] release child resource [mem 0xc5010000-0xc508ffff 64bit pref]
[    1.788857] pci 0000:5f:03.0: resource 15 [mem 0xc3000000-0xc50fffff 64bit pref] released
[    1.788858] pci 0000:5f:03.0: PCI bridge to [bus 60]
[    1.788870] pci 0000:5f:03.0: BAR 15: no space for [mem size 0x03000000 64bit pref]
[    1.788871] pci 0000:5f:03.0: BAR 15: failed to assign [mem size 0x03000000 64bit pref]
[    1.788874] pci 0000:60:00.0: BAR 0: no space for [mem size 0x01000000 64bit pref]
[    1.788875] pci 0000:60:00.0: BAR 0: failed to assign [mem size 0x01000000 64bit pref]
[    1.788877] pci 0000:60:00.1: BAR 0: no space for [mem size 0x01000000 64bit pref]
[    1.788878] pci 0000:60:00.1: BAR 0: failed to assign [mem size 0x01000000 64bit pref]
[    1.788879] pci 0000:60:00.0: BAR 7: no space for [mem size 0x00400000 64bit pref]
[    1.788880] pci 0000:60:00.0: BAR 7: failed to assign [mem size 0x00400000 64bit pref]
[    1.788881] pci 0000:60:00.1: BAR 7: no space for [mem size 0x00400000 64bit pref]
[    1.788882] pci 0000:60:00.1: BAR 7: failed to assign [mem size 0x00400000 64bit pref]
[    1.788884] pci 0000:60:00.0: BAR 3: no space for [mem size 0x00008000 64bit pref]
[    1.788885] pci 0000:60:00.0: BAR 3: failed to assign [mem size 0x00008000 64bit pref]
[    1.788886] pci 0000:60:00.1: BAR 3: no space for [mem size 0x00008000 64bit pref]
[    1.788887] pci 0000:60:00.1: BAR 3: failed to assign [mem size 0x00008000 64bit pref]
[    1.788888] pci 0000:60:00.0: BAR 10: no space for [mem size 0x00080000 64bit pref]
[    1.788889] pci 0000:60:00.0: BAR 10: failed to assign [mem size 0x00080000 64bit pref]
[    1.788891] pci 0000:60:00.1: BAR 10: no space for [mem size 0x00080000 64bit pref]
[    1.788892] pci 0000:60:00.1: BAR 10: failed to assign [mem size 0x00080000 64bit pref]
[    1.788893] pci 0000:5f:03.0: PCI bridge to [bus 60]
[    1.788897] pci 0000:5f:03.0:   bridge window [mem 0xc5d00000-0xc5dfffff]
[    1.788903] pci 0000:5e:00.0: PCI bridge to [bus 5f-60]
[    1.788906] pci 0000:5e:00.0:   bridge window [mem 0xc5d00000-0xc5dfffff]
[    1.788909] pci 0000:5e:00.0:   bridge window [mem 0xc3000000-0xc50fffff 64bit pref]
[    1.788913] pci 0000:5d:00.0: PCI bridge to [bus 5e-60]
[    1.788915] pci 0000:5d:00.0:   bridge window [mem 0xc5c00000-0xc5efffff]
[    1.788918] pci 0000:5d:00.0:   bridge window [mem 0xc3000000-0xc50fffff 64bit pref]
[    1.788921] pci_bus 0000:5d: No. 3 try to assign unassigned res
[    1.788922] release child resource [mem 0xc5d00000-0xc5d7ffff pref]
[    1.788922] release child resource [mem 0xc5d80000-0xc5dfffff pref]
[    1.788923] pci 0000:5f:03.0: resource 14 [mem 0xc5d00000-0xc5dfffff] released
[    1.788924] pci 0000:5f:03.0: PCI bridge to [bus 60]
[    1.788928] pci 0000:5e:00.0: resource 15 [mem 0xc3000000-0xc50fffff 64bit pref] released
[    1.788928] pci 0000:5e:00.0: PCI bridge to [bus 5f-60]
[    1.788938] pci 0000:5e:00.0: BAR 15: no space for [mem size 0x03000000 64bit pref]
[    1.788939] pci 0000:5e:00.0: BAR 15: failed to assign [mem size 0x03000000 64bit pref]
[    1.788941] pci 0000:5f:03.0: BAR 15: no space for [mem size 0x03000000 64bit pref]
[    1.788942] pci 0000:5f:03.0: BAR 15: failed to assign [mem size 0x03000000 64bit pref]
[    1.788943] pci 0000:5f:03.0: BAR 14: assigned [mem 0xc5d00000-0xc5dfffff]
[    1.788946] pci 0000:60:00.0: BAR 0: no space for [mem size 0x01000000 64bit pref]
[    1.788947] pci 0000:60:00.0: BAR 0: failed to assign [mem size 0x01000000 64bit pref]
[    1.788949] pci 0000:60:00.1: BAR 0: no space for [mem size 0x01000000 64bit pref]
[    1.788950] pci 0000:60:00.1: BAR 0: failed to assign [mem size 0x01000000 64bit pref]
[    1.788951] pci 0000:60:00.0: BAR 6: assigned [mem 0xc5d00000-0xc5d7ffff pref]
[    1.788953] pci 0000:60:00.1: BAR 6: assigned [mem 0xc5d80000-0xc5dfffff pref]
[    1.788954] pci 0000:60:00.0: BAR 7: no space for [mem size 0x00400000 64bit pref]
[    1.788955] pci 0000:60:00.0: BAR 7: failed to assign [mem size 0x00400000 64bit pref]
[    1.788956] pci 0000:60:00.1: BAR 7: no space for [mem size 0x00400000 64bit pref]
[    1.788957] pci 0000:60:00.1: BAR 7: failed to assign [mem size 0x00400000 64bit pref]
[    1.788959] pci 0000:60:00.0: BAR 3: no space for [mem size 0x00008000 64bit pref]
[    1.788960] pci 0000:60:00.0: BAR 3: failed to assign [mem size 0x00008000 64bit pref]
[    1.788961] pci 0000:60:00.1: BAR 3: no space for [mem size 0x00008000 64bit pref]
[    1.788962] pci 0000:60:00.1: BAR 3: failed to assign [mem size 0x00008000 64bit pref]
[    1.788963] pci 0000:60:00.0: BAR 10: no space for [mem size 0x00080000 64bit pref]
[    1.788965] pci 0000:60:00.0: BAR 10: failed to assign [mem size 0x00080000 64bit pref]
[    1.788966] pci 0000:60:00.1: BAR 10: no space for [mem size 0x00080000 64bit pref]
[    1.788967] pci 0000:60:00.1: BAR 10: failed to assign [mem size 0x00080000 64bit pref]
[    1.788968] pci 0000:5f:03.0: PCI bridge to [bus 60]
[    1.788972] pci 0000:5f:03.0:   bridge window [mem 0xc5d00000-0xc5dfffff]
[    1.788978] pci 0000:5e:00.0: PCI bridge to [bus 5f-60]
[    1.788981] pci 0000:5e:00.0:   bridge window [mem 0xc5d00000-0xc5dfffff]
[    1.788987] pci 0000:5d:00.0: PCI bridge to [bus 5e-60]
[    1.788989] pci 0000:5d:00.0:   bridge window [mem 0xc5c00000-0xc5efffff]
[    1.788991] pci 0000:5d:00.0:   bridge window [mem 0xc3000000-0xc50fffff 64bit pref]
[    1.788995] pci_bus 0000:5d: No. 4 try to assign unassigned res
[    1.788995] release child resource [mem 0xc5d00000-0xc5d7ffff pref]
[    1.788996] release child resource [mem 0xc5d80000-0xc5dfffff pref]
[    1.788997] pci 0000:5f:03.0: resource 14 [mem 0xc5d00000-0xc5dfffff] released
[    1.788998] pci 0000:5f:03.0: PCI bridge to [bus 60]
[    1.789001] pci 0000:5e:00.0: resource 14 [mem 0xc5d00000-0xc5dfffff] released
[    1.789002] pci 0000:5e:00.0: PCI bridge to [bus 5f-60]
[    1.789005] pci 0000:5d:00.0: resource 15 [mem 0xc3000000-0xc50fffff 64bit pref] released
[    1.789006] pci 0000:5d:00.0: PCI bridge to [bus 5e-60]
[    1.789011] pci 0000:5f:03.0: bridge window [mem 0x00800000-0x037fffff 64bit pref] to [bus 60] add_size 1000000 add_align 800000
[    1.789014] pci 0000:5e:00.0: bridge window [mem 0x00800000-0x037fffff 64bit pref] to [bus 5f-60] add_size 1000000 add_align 800000
[    1.789016] pci 0000:5d:00.0: bridge window [mem 0x00800000-0x037fffff 64bit pref] to [bus 5e-60] add_size 1000000 add_align 800000
[    1.789019] pci 0000:5d:00.0: BAR 15: assigned [mem 0x38c000000000-0x38c003ffffff 64bit pref]
[    1.789021] pci 0000:5e:00.0: BAR 15: assigned [mem 0x38c000000000-0x38c003ffffff 64bit pref]
[    1.789023] pci 0000:5e:00.0: BAR 14: assigned [mem 0xc5d00000-0xc5dfffff]
[    1.789025] pci 0000:5f:03.0: BAR 15: assigned [mem 0x38c000000000-0x38c003ffffff 64bit pref]
[    1.789026] pci 0000:5f:03.0: BAR 14: assigned [mem 0xc5d00000-0xc5dfffff]
[    1.789031] pci 0000:60:00.0: BAR 0: assigned [mem 0x38c000000000-0x38c000ffffff 64bit pref]
[    1.789039] pci 0000:60:00.1: BAR 0: assigned [mem 0x38c001000000-0x38c001ffffff 64bit pref]
[    1.789047] pci 0000:60:00.0: BAR 6: assigned [mem 0xc5d00000-0xc5d7ffff pref]
[    1.789049] pci 0000:60:00.1: BAR 6: assigned [mem 0xc5d80000-0xc5dfffff pref]
[    1.789050] pci 0000:60:00.0: BAR 7: assigned [mem 0x38c002000000-0x38c0023fffff 64bit pref]
[    1.789053] pci 0000:60:00.1: BAR 7: assigned [mem 0x38c002400000-0x38c0027fffff 64bit pref]
[    1.789057] pci 0000:60:00.0: BAR 3: assigned [mem 0x38c002800000-0x38c002807fff 64bit pref]
[    1.789065] pci 0000:60:00.1: BAR 3: assigned [mem 0x38c002808000-0x38c00280ffff 64bit pref]
[    1.789073] pci 0000:60:00.0: BAR 10: assigned [mem 0x38c002810000-0x38c00288ffff 64bit pref]
[    1.789077] pci 0000:60:00.1: BAR 10: assigned [mem 0x38c002890000-0x38c00290ffff 64bit pref]
[    1.789081] pci 0000:5f:03.0: PCI bridge to [bus 60]
[    1.789085] pci 0000:5f:03.0:   bridge window [mem 0xc5d00000-0xc5dfffff]
[    1.789087] pci 0000:5f:03.0:   bridge window [mem 0x38c000000000-0x38c003ffffff 64bit pref]
[    1.789092] pci 0000:5e:00.0: PCI bridge to [bus 5f-60]
[    1.789095] pci 0000:5e:00.0:   bridge window [mem 0xc5d00000-0xc5dfffff]
[    1.789098] pci 0000:5e:00.0:   bridge window [mem 0x38c000000000-0x38c003ffffff 64bit pref]
[    1.789102] pci 0000:5d:00.0: PCI bridge to [bus 5e-60]
[    1.789104] pci 0000:5d:00.0:   bridge window [mem 0xc5c00000-0xc5efffff]
[    1.789106] pci 0000:5d:00.0:   bridge window [mem 0x38c000000000-0x38c003ffffff 64bit pref]
[    1.789110] pci_bus 0000:5d: resource 4 [io  0x8000-0x9fff window]
[    1.789111] pci_bus 0000:5d: resource 5 [mem 0xb8800000-0xc5ffbfff window]
[    1.789112] pci_bus 0000:5d: resource 6 [mem 0x38c000000000-0x38ffffffffff window]
[    1.789114] pci_bus 0000:5e: resource 1 [mem 0xc5c00000-0xc5efffff]
[    1.789115] pci_bus 0000:5e: resource 2 [mem 0x38c000000000-0x38c003ffffff 64bit pref]
[    1.789116] pci_bus 0000:5f: resource 1 [mem 0xc5d00000-0xc5dfffff]
[    1.789117] pci_bus 0000:5f: resource 2 [mem 0x38c000000000-0x38c003ffffff 64bit pref]
[    1.789118] pci_bus 0000:60: resource 1 [mem 0xc5d00000-0xc5dfffff]
[    1.789119] pci_bus 0000:60: resource 2 [mem 0x38c000000000-0x38c003ffffff 64bit pref]
[    1.789145] pci_bus 0000:80: resource 4 [io  0xa000-0xbfff window]
[    1.789146] pci_bus 0000:80: resource 5 [mem 0xc6000000-0xd37fbfff window]
[    1.789147] pci_bus 0000:80: resource 6 [mem 0x390000000000-0x393fffffffff window]
[    1.789163] pci_bus 0000:85: resource 4 [io  0xc000-0xdfff window]
[    1.789164] pci_bus 0000:85: resource 5 [mem 0xd3800000-0xe0ffbfff window]
[    1.789165] pci_bus 0000:85: resource 6 [mem 0x394000000000-0x397fffffffff window]
[    1.789188] pci_bus 0000:ae: resource 4 [io  0xe000-0xefff window]
[    1.789190] pci_bus 0000:ae: resource 5 [mem 0xe1000000-0xee7fbfff window]
[    1.789191] pci_bus 0000:ae: resource 6 [mem 0x398000000000-0x39bfffffffff window]
[    1.789208] pci_bus 0000:d7: resource 4 [io  0xf000-0xffff window]
[    1.789209] pci_bus 0000:d7: resource 5 [mem 0xee800000-0xfbffbfff window]
[    1.789210] pci_bus 0000:d7: resource 6 [mem 0x39c000000000-0x39ffffffffff window]
[    1.789284] NET: Registered protocol family 2
[    1.789520] tcp_listen_portaddr_hash hash table entries: 65536 (order: 8, 1048576 bytes)
[    1.789794] TCP established hash table entries: 524288 (order: 10, 4194304 bytes)
[    1.790430] TCP bind hash table entries: 65536 (order: 8, 1048576 bytes)
[    1.790565] TCP: Hash tables configured (established 524288 bind 65536)
[    1.790699] UDP hash table entries: 65536 (order: 9, 2097152 bytes)
[    1.791053] UDP-Lite hash table entries: 65536 (order: 9, 2097152 bytes)
[    1.791476] NET: Registered protocol family 1
[    1.806257] pci 0000:00:14.0: quirk_usb_early_handoff+0x0/0x680 took 14389 usecs
[    1.806298] pci 0000:03:00.0: Video device with shadowed ROM at [mem 0x000c0000-0x000dffff]
[    1.806615] PCI: CLS mismatch (64 != 32), using 64 bytes
[    1.806905] Unpacking initramfs...
[    2.855196] Freeing initrd memory: 59396K
[    2.868905] PCI-DMA: Using software bounce buffering for IO (SWIOTLB)
[    2.868909] software IO TLB: mapped [mem 0x66549000-0x6a549000] (64MB)
[    2.870806] check: Scanning for low memory corruption every 60 seconds
[    2.873353] Initialise system trusted keyrings
[    2.873363] Key type blacklist registered
[    2.873415] workingset: timestamp_bits=36 max_order=25 bucket_order=0
[    2.874808] zbud: loaded
[    2.875395] squashfs: version 4.0 (2009/01/31) Phillip Lougher
[    2.875569] fuse init (API version 7.29)
[    2.915318] Key type asymmetric registered
[    2.915319] Asymmetric key parser 'x509' registered
[    2.915334] Block layer SCSI generic (bsg) driver version 0.4 loaded (major 246)
[    2.916143] pcieport 0000:00:1c.0: Signaling PME with IRQ 25
[    2.916167] pciehp 0000:00:1c.0:pcie004: Slot #0 AttnBtn- PwrCtrl- MRL- AttnInd- PwrInd- HotPlug+ Surprise+ Interlock- NoCompl+ LLActRep+
[    2.916414] pcieport 0000:00:1c.5: Signaling PME with IRQ 26
[    2.916565] pcieport 0000:17:00.0: Signaling PME with IRQ 27
[    2.916801] pcieport 0000:5d:00.0: Signaling PME with IRQ 29
[    2.917205] vesafb: mode is 1280x1024x32, linelength=5120, pages=0
[    2.917206] vesafb: scrolling: redraw
[    2.917207] vesafb: Truecolor: size=8:8:8:8, shift=24:16:8:0
[    2.917232] vesafb: framebuffer at 0x9c000000, mapped to 0x0000000049d5327a, using 5120k, total 5120k
[    2.917336] Console: switching to colour frame buffer device 160x64
[    3.072310] fb0: VESA VGA frame buffer device
[    3.072386] intel_idle: MWAIT substates: 0x2020
[    3.072389] intel_idle: v0.4.1 model 0x55
[    3.073157] intel_idle: lapic_timer_reliable_states 0xffffffff
[    3.073688] input: Power Button as /devices/LNXSYSTM:00/LNXPWRBN:00/input/input0
[    3.073704] ACPI: Power Button [PWRF]
[    3.075059] ERST: Error Record Serialization Table (ERST) support is initialized.
[    3.075061] pstore: Registered erst as persistent store backend
[    3.075594] GHES: APEI firmware first mode is enabled by APEI bit and WHEA _OSC.
[    3.075796] Serial: 8250/16550 driver, 32 ports, IRQ sharing enabled
[    3.096876] 00:03: ttyS0 at I/O 0x3f8 (irq = 4, base_baud = 115200) is a 16550A
[    3.118049] 00:04: ttyS1 at I/O 0x2f8 (irq = 3, base_baud = 115200) is a 16550A
[    3.119934] Linux agpgart interface v0.103
[    3.124794] loop: module loaded
[    3.125151] libphy: Fixed MDIO Bus: probed
[    3.125152] tun: Universal TUN/TAP device driver, 1.6
[    3.125190] PPP generic driver version 2.4.2
[    3.125238] ehci_hcd: USB 2.0 'Enhanced' Host Controller (EHCI) Driver
[    3.125240] ehci-pci: EHCI PCI platform driver
[    3.125273] ehci-platform: EHCI generic platform driver
[    3.125281] ohci_hcd: USB 1.1 'Open' Host Controller (OHCI) Driver
[    3.125283] ohci-pci: OHCI PCI platform driver
[    3.125316] ohci-platform: OHCI generic platform driver
[    3.125323] uhci_hcd: USB Universal Host Controller Interface driver
[    3.125866] xhci_hcd 0000:00:14.0: xHCI Host Controller
[    3.125874] xhci_hcd 0000:00:14.0: new USB bus registered, assigned bus number 1
[    3.127368] xhci_hcd 0000:00:14.0: hcc params 0x200077c1 hci version 0x100 quirks 0x0000000000009810
[    3.127373] xhci_hcd 0000:00:14.0: cache line size of 64 is not supported
[    3.127584] usb usb1: New USB device found, idVendor=1d6b, idProduct=0002, bcdDevice= 5.01
[    3.127585] usb usb1: New USB device strings: Mfr=3, Product=2, SerialNumber=1
[    3.127587] usb usb1: Product: xHCI Host Controller
[    3.127588] usb usb1: Manufacturer: Linux 5.1.18 xhci-hcd
[    3.127589] usb usb1: SerialNumber: 0000:00:14.0
[    3.127731] hub 1-0:1.0: USB hub found
[    3.127750] hub 1-0:1.0: 16 ports detected
[    3.129569] xhci_hcd 0000:00:14.0: xHCI Host Controller
[    3.129571] xhci_hcd 0000:00:14.0: new USB bus registered, assigned bus number 2
[    3.129575] xhci_hcd 0000:00:14.0: Host supports USB 3.0 SuperSpeed
[    3.129607] usb usb2: New USB device found, idVendor=1d6b, idProduct=0003, bcdDevice= 5.01
[    3.129609] usb usb2: New USB device strings: Mfr=3, Product=2, SerialNumber=1
[    3.129610] usb usb2: Product: xHCI Host Controller
[    3.129611] usb usb2: Manufacturer: Linux 5.1.18 xhci-hcd
[    3.129612] usb usb2: SerialNumber: 0000:00:14.0
[    3.129688] hub 2-0:1.0: USB hub found
[    3.129704] hub 2-0:1.0: 10 ports detected
[    3.129908] usb: port power management may be unreliable
[    3.130853] i8042: PNP: No PS/2 controller found.
[    3.130939] mousedev: PS/2 mouse device common for all mice
[    3.131013] rtc_cmos 00:00: RTC can wake from S4
[    3.131292] rtc_cmos 00:00: registered as rtc0
[    3.131308] rtc_cmos 00:00: alarms up to one month, y3k, 114 bytes nvram, hpet irqs
[    3.131314] i2c /dev entries driver
[    3.131366] device-mapper: uevent: version 1.0.3
[    3.131434] device-mapper: ioctl: 4.40.0-ioctl (2019-01-18) initialised: dm-devel@redhat.com
[    3.131443] intel_pstate: Intel P-state driver initializing
[    3.136310] ledtrig-cpu: registered to indicate activity on CPUs
[    3.136668] NET: Registered protocol family 10
[    3.142631] Segment Routing with IPv6
[    3.142674] NET: Registered protocol family 17
[    3.142742] Key type dns_resolver registered
[    3.144854] mce: Using 20 MCE banks
[    3.144864] RAS: Correctable Errors collector initialized.
[    3.144924] microcode: sig=0x50654, pf=0x1, revision=0x2000064
[    3.145364] microcode: Microcode Update Driver: v2.2.
[    3.145375] sched_clock: Marking stable (3147841664, -2481495)->(3258692988, -113332819)
[    3.145671] registered taskstats version 1
[    3.145681] Loading compiled-in X.509 certificates
[    3.147247] Loaded X.509 cert 'Build time autogenerated kernel key: efbe70e4c5069e9a3848b69312243dc08d99a760'
[    3.147276] zswap: loaded using pool lzo/zbud
[    3.147584] pstore: Using crash dump compression: deflate
[    3.152165] Key type big_key registered
[    3.154298] Key type encrypted registered
[    3.154301] AppArmor: AppArmor sha1 policy hashing enabled
[    3.154306] ima: No TPM chip found, activating TPM-bypass!
[    3.154309] ima: Allocated hash algorithm: sha1
[    3.154315] No architecture policies found
[    3.154325] evm: Initialising EVM extended attributes:
[    3.154326] evm: security.selinux
[    3.154326] evm: security.SMACK64
[    3.154327] evm: security.SMACK64EXEC
[    3.154327] evm: security.SMACK64TRANSMUTE
[    3.154328] evm: security.SMACK64MMAP
[    3.154328] evm: security.apparmor
[    3.154329] evm: security.ima
[    3.154329] evm: security.capability
[    3.154330] evm: HMAC attrs: 0x1
[    3.155479] PM:   Magic number: 0:232:529
[    3.155815] rtc_cmos 00:00: setting system clock to 2020-04-08T11:32:10 UTC (1586345530)
[    3.157694] Freeing unused decrypted memory: 2040K
[    3.158600] Freeing unused kernel image memory: 2476K
[    3.220957] Write protecting the kernel read-only data: 20480k
[    3.221957] Freeing unused kernel image memory: 2012K
[    3.222698] Freeing unused kernel image memory: 1880K
[    3.231528] x86/mm: Checked W+X mappings: passed, no W+X pages found.
[    3.231529] x86/mm: Checking user space page tables
[    3.239812] x86/mm: Checked W+X mappings: passed, no W+X pages found.
[    3.239813] Run /init as init process
[    3.412654] ahci 0000:00:11.5: version 3.0
[    3.412868] ahci 0000:00:11.5: AHCI 0001.0301 32 slots 2 ports 6 Gbps 0x3 impl SATA mode
[    3.412877] ahci 0000:00:11.5: flags: 64bit ncq sntf led clo only pio slum part ems deso sadm sds apst 
[    3.413498] pps_core: LinuxPPS API ver. 1 registered
[    3.413499] pps_core: Software ver. 5.3.6 - Copyright 2005-2007 Rodolfo Giometti <giometti@linux.it>
[    3.414369] i801_smbus 0000:00:1f.4: enabling device (0001 -> 0003)
[    3.414443] i801_smbus 0000:00:1f.4: SPD Write Disable is set
[    3.414468] i801_smbus 0000:00:1f.4: SMBus using PCI interrupt
[    3.414697] PTP clock support registered
[    3.421085] i40e: Intel(R) Ethernet Connection XL710 Network Driver - version 2.8.10-k
[    3.421086] i40e: Copyright (c) 2013 - 2014 Intel Corporation.
[    3.425917] mlx5_core 0000:18:00.0: firmware version: 12.26.4012
[    3.425943] mlx5_core 0000:18:00.0: 63.008 Gb/s available PCIe bandwidth (8 GT/s x8 link)
[    3.431519] checking generic (9c000000 500000) vs hw (9c000000 1000000)
[    3.431520] fb0: switching to astdrmfb from VESA VGA
[    3.431595] Console: switching to colour dummy device 80x25
[    3.432842] [drm] Using P2A bridge for configuration
[    3.432845] [drm] AST 2500 detected
[    3.432851] [drm] Analog VGA only
[    3.432864] [drm] dram MCLK=800 Mhz type=7 bus_width=16 size=00f00000
[    3.434092] scsi host0: ahci
[    3.434266] scsi host1: ahci
[    3.434339] ata1: SATA max UDMA/133 abar m524288@0x9d180000 port 0x9d180100 irq 32
[    3.434340] ata2: SATA max UDMA/133 abar m524288@0x9d180000 port 0x9d180180 irq 32
[    3.439816] i40e 0000:60:00.0: fw 3.1.55727 api 1.5 nvm 3.31 0x80000cd9 1.1638.0
[    3.443429] i40e 0000:60:00.0: MAC address: ac:1f:6b:70:01:28
[    3.453322] [TTM] Zone  kernel: Available graphics memory: 49326206 kiB
[    3.453322] [TTM] Zone   dma32: Available graphics memory: 2097152 kiB
[    3.453323] [TTM] Initializing pool allocator
[    3.453327] [TTM] Initializing DMA pool allocator
[    3.459249] i40e 0000:60:00.0 eth0: NIC Link is Up, 1000 Mbps Full Duplex, Flow Control: None
[    3.468934] usb 1-7: new high-speed USB device number 2 using xhci_hcd
[    3.619553] usb 1-7: New USB device found, idVendor=0557, idProduct=7000, bcdDevice= 0.00
[    3.619555] usb 1-7: New USB device strings: Mfr=0, Product=0, SerialNumber=0
[    3.747966] ata2: SATA link down (SStatus 0 SControl 300)
[    3.747985] ata1: SATA link down (SStatus 0 SControl 300)
[    3.863723] i40e 0000:60:00.0: Added LAN device PF0 bus=0x60 dev=0x00 func=0x00
[    3.864243] i40e 0000:60:00.0: Features: PF-id[0] VFs: 32 VSIs: 34 QP: 20 RSS FD_ATR FD_SB NTUPLE DCB VxLAN Geneve PTP VEPA
[    3.868962] hub 1-7:1.0: USB hub found
[    3.869144] hub 1-7:1.0: 4 ports detected
[    3.880938] tsc: Refined TSC clocksource calibration: 2199.999 MHz
[    3.880949] clocksource: tsc: mask: 0xffffffffffffffff max_cycles: 0x1fb631c647b, max_idle_ns: 440795226700 ns
[    3.965363] clocksource: Switched to clocksource tsc
[    3.969183] ahci 0000:00:17.0: AHCI 0001.0301 32 slots 8 ports 6 Gbps 0xff impl SATA mode
[    3.969184] ahci 0000:00:17.0: flags: 64bit ncq sntf led clo only pio slum part ems deso sadm sds apst 
[    3.969293] fbcon: astdrmfb (fb0) is primary device
[    3.980739] Console: switching to colour frame buffer device 128x48
[    3.989932] ast 0000:03:00.0: fb0: astdrmfb frame buffer device
[    4.007466] i40e 0000:60:00.1: fw 3.1.55727 api 1.5 nvm 3.31 0x80000cd9 1.1638.0
[    4.011083] i40e 0000:60:00.1: MAC address: ac:1f:6b:70:01:29
[    4.024932] [drm] Initialized ast 0.1.0 20120228 for 0000:03:00.0 on minor 0
[    4.034615] i40e 0000:60:00.1: Added LAN device PF1 bus=0x60 dev=0x00 func=0x01
[    4.035134] i40e 0000:60:00.1: Features: PF-id[1] VFs: 32 VSIs: 34 QP: 20 RSS FD_ATR FD_SB NTUPLE DCB VxLAN Geneve PTP VEPA
[    4.036519] i40e 0000:60:00.0 eno1: renamed from eth0
[    4.061174] i40e 0000:60:00.1 eno2: renamed from eth1
[    4.061767] scsi host2: ahci
[    4.065582] scsi host3: ahci
[    4.067119] scsi host4: ahci
[    4.069785] scsi host5: ahci
[    4.070367] scsi host6: ahci
[    4.072046] scsi host7: ahci
[    4.074539] scsi host8: ahci
[    4.077432] scsi host9: ahci
[    4.078835] ata3: SATA max UDMA/133 abar m524288@0x9d100000 port 0x9d100100 irq 118
[    4.078836] ata4: SATA max UDMA/133 abar m524288@0x9d100000 port 0x9d100180 irq 118
[    4.078838] ata5: SATA max UDMA/133 abar m524288@0x9d100000 port 0x9d100200 irq 118
[    4.078839] ata6: SATA max UDMA/133 abar m524288@0x9d100000 port 0x9d100280 irq 118
[    4.078840] ata7: SATA max UDMA/133 abar m524288@0x9d100000 port 0x9d100300 irq 118
[    4.078842] ata8: SATA max UDMA/133 abar m524288@0x9d100000 port 0x9d100380 irq 118
[    4.078843] ata9: SATA max UDMA/133 abar m524288@0x9d100000 port 0x9d100400 irq 118
[    4.078844] ata10: SATA max UDMA/133 abar m524288@0x9d100000 port 0x9d100480 irq 118
[    4.391830] ata5: SATA link down (SStatus 0 SControl 300)
[    4.391855] ata4: SATA link down (SStatus 0 SControl 300)
[    4.391888] ata3: SATA link up 6.0 Gbps (SStatus 133 SControl 300)
[    4.399638] ata3.00: ATA-9: VIVA300sPro LITE, Q0816C0, max UDMA/133
[    4.399640] ata3.00: 500118192 sectors, multi 1: LBA48 NCQ (depth 32), AA
[    4.399684] ata10: SATA link down (SStatus 0 SControl 300)
[    4.399730] ata9: SATA link down (SStatus 0 SControl 300)
[    4.399819] ata8: SATA link down (SStatus 0 SControl 300)
[    4.399878] ata7: SATA link down (SStatus 0 SControl 300)
[    4.399907] ata6: SATA link down (SStatus 0 SControl 300)
[    4.411743] ata3.00: configured for UDMA/133
[    4.411927] scsi 2:0:0:0: Direct-Access     ATA      VIVA300sPro LITE 6C0  PQ: 0 ANSI: 5
[    4.412141] sd 2:0:0:0: Attached scsi generic sg0 type 0
[    4.412297] sd 2:0:0:0: [sda] 500118192 512-byte logical blocks: (256 GB/238 GiB)
[    4.412307] sd 2:0:0:0: [sda] Write Protect is off
[    4.412309] sd 2:0:0:0: [sda] Mode Sense: 00 3a 00 00
[    4.412325] sd 2:0:0:0: [sda] Write cache: enabled, read cache: enabled, doesn't support DPO or FUA
[    4.413555]  sda: sda1 sda2 < sda5 sda6 >
[    4.414141] sd 2:0:0:0: [sda] Attached SCSI disk
[    5.180937] usb 1-7.1: new low-speed USB device number 3 using xhci_hcd
[    5.309719] usb 1-7.1: New USB device found, idVendor=0557, idProduct=2419, bcdDevice= 1.00
[    5.309720] usb 1-7.1: New USB device strings: Mfr=0, Product=0, SerialNumber=0
[    5.317379] hidraw: raw HID events driver (C) Jiri Kosina
[    5.320516] usbcore: registered new interface driver usbhid
[    5.320518] usbhid: USB HID core driver
[    5.322491] input: HID 0557:2419 as /devices/pci0000:00/0000:00:14.0/usb1/1-7/1-7.1/1-7.1:1.0/0003:0557:2419.0001/input/input1
[    5.381092] hid-generic 0003:0557:2419.0001: input,hidraw0: USB HID v1.00 Keyboard [HID 0557:2419] on usb-0000:00:14.0-7.1/input0
[    5.381189] input: HID 0557:2419 as /devices/pci0000:00/0000:00:14.0/usb1/1-7/1-7.1/1-7.1:1.1/0003:0557:2419.0002/input/input2
[    5.381264] hid-generic 0003:0557:2419.0002: input,hidraw1: USB HID v1.00 Mouse [HID 0557:2419] on usb-0000:00:14.0-7.1/input1
[    6.304505] mlx5_core 0000:18:00.0: Port module event: module 0, Cable plugged
[    6.443571] mlx5_core 0000:18:00.1: firmware version: 12.26.4012
[    6.443610] mlx5_core 0000:18:00.1: 63.008 Gb/s available PCIe bandwidth (8 GT/s x8 link)
[    6.581787] random: fast init done
[    7.241484] mlx5_core 0000:18:00.1: Port module event: module 1, Cable plugged
[    7.378301] mlx5_ib: Mellanox Connect-IB Infiniband driver v5.0-0
[    7.659432] random: crng init done
[    7.688730] EXT4-fs (sda5): mounted filesystem with ordered data mode. Opts: (null)
[    7.733322] Not activating Mandatory Access Control as /sbin/tomoyo-init does not exist.
[    7.857380] systemd[1]: systemd 237 running in system mode. (+PAM +AUDIT +SELINUX +IMA +APPARMOR +SMACK +SYSVINIT +UTMP +LIBCRYPTSETUP +GCRYPT +GNUTLS +ACL +XZ +LZ4 +SECCOMP +BLKID +ELFUTILS +KMOD -IDN2 +IDN -PCRE2 default-hierarchy=hybrid)
[    7.878055] systemd[1]: Detected architecture x86-64.
[    7.881918] systemd[1]: Set hostname to <tigris06>.
[    8.041904] systemd[1]: Created slice User and Session Slice.
[    8.041978] systemd[1]: Started Forward Password Requests to Wall Directory Watch.
[    8.041988] systemd[1]: Reached target User and Group Name Lookups.
[    8.042198] systemd[1]: Set up automount Arbitrary Executable File Formats File System Automount Point.
[    8.042504] systemd[1]: Created slice System Slice.
[    8.042573] systemd[1]: Listening on Journal Socket (/dev/log).
[    8.042870] systemd[1]: Created slice system-systemd\x2dfsck.slice.
[    8.068598] EXT4-fs (sda5): re-mounted. Opts: errors=remount-ro
[    8.068674] RPC: Registered named UNIX socket transport module.
[    8.068675] RPC: Registered udp transport module.
[    8.068675] RPC: Registered tcp transport module.
[    8.068675] RPC: Registered tcp NFSv4.1 backchannel transport module.
[    8.081265] lp: driver loaded but no devices found
[    8.084827] ppdev: user-space parallel port driver
[    8.101033] Installing knfsd (copyright (C) 1996 okir@monad.swb.de).
[    8.189701] systemd-journald[521]: Received request to flush runtime journal from PID 1
[    8.197045] systemd-journald[521]: File /var/log/journal/21b6248da07844f0b8035e485fb12b18/system.journal corrupted or uncleanly shut down, renaming and replacing.
[    8.566635] IPMI message handler: version 39.2
[    8.571251] ipmi device interface
[    8.574841] ipmi_si: IPMI System Interface driver
[    8.574905] ipmi_si dmi-ipmi-si.0: ipmi_platform: probing via SMBIOS
[    8.574907] ipmi_platform: ipmi_si: SMBIOS: io 0xca2 regsize 1 spacing 1 irq 0
[    8.574909] ipmi_si: Adding SMBIOS-specified kcs state machine
[    8.579674] ipmi_si IPI0001:00: ipmi_platform: probing via ACPI
[    8.579846] ipmi_si IPI0001:00: ipmi_platform: [io  0x0ca2] regsize 1 spacing 1 irq 0
[    8.579847] ipmi_si dmi-ipmi-si.0: Removing SMBIOS-specified kcs state machine in favor of ACPI
[    8.579848] ipmi_si: Adding ACPI-specified kcs state machine
[    8.580156] ipmi_si: Trying ACPI-specified kcs state machine at i/o address 0xca2, slave address 0x20, irq 0
[    8.615189] dca service started, version 1.12.1
[    8.619767] ioatdma: Intel(R) QuickData Technology Driver 5.00
[    8.631337] lpc_ich 0000:00:1f.0: I/O space for ACPI uninitialized
[    8.631338] lpc_ich 0000:00:1f.0: No MFD cells added
[    8.808038] nd_pmem namespace0.0: unable to guarantee persistence of writes
[    8.811248] RAPL PMU: API unit is 2^-32 Joules, 3 fixed counters, 655360 ms ovfl timer
[    8.811250] RAPL PMU: hw unit of domain pp0-core 2^-14 Joules
[    8.811251] RAPL PMU: hw unit of domain package 2^-14 Joules
[    8.811251] RAPL PMU: hw unit of domain dram 2^-16 Joules
[    8.832893] cryptd: max_cpu_qlen set to 1000
[    8.847248] AVX2 version of gcm_enc/dec engaged.
[    8.847249] AES CTR mode by8 optimization enabled
[    8.853437] Adding 68904956k swap on /dev/sda6.  Priority:-2 extents:1 across:68904956k SSFS
[    8.876893] ipmi_si IPI0001:00: The BMC does not support clearing the recv irq bit, compensating, but the BMC needs to be fixed.
[    8.958113] ipmi_si IPI0001:00: IPMI message handler: Found new BMC (man_id: 0x002a7c, prod_id: 0x0968, dev_id: 0x20)
[    8.975384] ipmi_si IPI0001:00: IPMI kcs interface initialized
[    8.977350] ipmi_ssif: IPMI SSIF Interface driver
[    8.984944] namespace0.0 initialised, 8388608 pages in 136ms
[    8.985270] pmem0: detected capacity change from 0 to 34359738368
[    9.135106] EDAC MC0: Giving out device to module skx_edac controller Skylake Socket#0 IMC#0: DEV 0000:3a:0a.0 (INTERRUPT)
[    9.135137] EDAC MC1: Giving out device to module skx_edac controller Skylake Socket#0 IMC#1: DEV 0000:3a:0c.0 (INTERRUPT)
[    9.135178] EDAC MC2: Giving out device to module skx_edac controller Skylake Socket#1 IMC#0: DEV 0000:ae:0a.0 (INTERRUPT)
[    9.135206] EDAC MC3: Giving out device to module skx_edac controller Skylake Socket#1 IMC#1: DEV 0000:ae:0c.0 (INTERRUPT)
[    9.139135] intel_rapl: Found RAPL domain package
[    9.139140] intel_rapl: Found RAPL domain dram
[    9.139141] intel_rapl: DRAM domain energy unit 15300pj
[    9.139308] intel_rapl: Found RAPL domain package
[    9.139312] intel_rapl: Found RAPL domain dram
[    9.139313] intel_rapl: DRAM domain energy unit 15300pj
[    9.160968] mei mei::55213584-9a29-4916-badf-0fb7ed682aeb:01: Could not read FW version
[    9.160976] mei mei::55213584-9a29-4916-badf-0fb7ed682aeb:01: FW version command failed -5
[    9.208590] EXT4-fs (sda1): mounted filesystem with ordered data mode. Opts: (null)
[    9.313822] audit: type=1400 audit(1586345536.653:2): apparmor="STATUS" operation="profile_load" profile="unconfined" name="libreoffice-senddoc" pid=913 comm="apparmor_parser"
[    9.314349] audit: type=1400 audit(1586345536.653:3): apparmor="STATUS" operation="profile_load" profile="unconfined" name="/usr/sbin/ippusbxd" pid=919 comm="apparmor_parser"
[    9.314508] audit: type=1400 audit(1586345536.653:4): apparmor="STATUS" operation="profile_load" profile="unconfined" name="/usr/bin/man" pid=911 comm="apparmor_parser"
[    9.314511] audit: type=1400 audit(1586345536.653:5): apparmor="STATUS" operation="profile_load" profile="unconfined" name="man_filter" pid=911 comm="apparmor_parser"
[    9.314513] audit: type=1400 audit(1586345536.653:6): apparmor="STATUS" operation="profile_load" profile="unconfined" name="man_groff" pid=911 comm="apparmor_parser"
[    9.315029] audit: type=1400 audit(1586345536.653:7): apparmor="STATUS" operation="profile_load" profile="unconfined" name="libreoffice-xpdfimport" pid=915 comm="apparmor_parser"
[    9.315216] audit: type=1400 audit(1586345536.653:8): apparmor="STATUS" operation="profile_load" profile="unconfined" name="/usr/lib/snapd/snap-confine" pid=916 comm="apparmor_parser"
[    9.315219] audit: type=1400 audit(1586345536.653:9): apparmor="STATUS" operation="profile_load" profile="unconfined" name="/usr/lib/snapd/snap-confine//mount-namespace-capture-helper" pid=916 comm="apparmor_parser"
[    9.399202] IPv6: ADDRCONF(NETDEV_CHANGE): eno1: link becomes ready
[    9.564981] power_meter ACPI000D:00: Found ACPI power meter.
[    9.565185] power_meter ACPI000D:00: hwmon_device_register() is deprecated. Please convert the driver to use hwmon_device_register_with_info().
[   10.377798] power_meter ACPI000D:00: Found ACPI power meter.
