[    0.000000] microcode: microcode updated early to revision 0x2000064, date = 2019-07-31
[    0.000000] Linux version 5.1.18 (yoonjae@tigris06) (gcc version 7.5.0 (Ubuntu 7.5.0-3ubuntu1~18.04)) #1 SMP Fri May 1 15:42:48 KST 2020
[    0.000000] Command line: BOOT_IMAGE=/vmlinuz-5.1.18 root=UUID=5038c2c1-500c-4617-bfaa-9474e58fbfb3 ro quiet splash memmap=33G!64G vt.handoff=1
[    0.000000] KERNEL supported cpus:
[    0.000000]   Intel GenuineIntel
[    0.000000]   AMD AuthenticAMD
[    0.000000]   Hygon HygonGenuine
[    0.000000]   Centaur CentaurHauls
[    0.000000] x86/fpu: Supporting XSAVE feature 0x001: 'x87 floating point registers'
[    0.000000] x86/fpu: Supporting XSAVE feature 0x002: 'SSE registers'
[    0.000000] x86/fpu: Supporting XSAVE feature 0x004: 'AVX registers'
[    0.000000] x86/fpu: Supporting XSAVE feature 0x008: 'MPX bounds registers'
[    0.000000] x86/fpu: Supporting XSAVE feature 0x010: 'MPX CSR'
[    0.000000] x86/fpu: Supporting XSAVE feature 0x020: 'AVX-512 opmask'
[    0.000000] x86/fpu: Supporting XSAVE feature 0x040: 'AVX-512 Hi256'
[    0.000000] x86/fpu: Supporting XSAVE feature 0x080: 'AVX-512 ZMM_Hi256'
[    0.000000] x86/fpu: Supporting XSAVE feature 0x200: 'Protection Keys User registers'
[    0.000000] x86/fpu: xstate_offset[2]:  576, xstate_sizes[2]:  256
[    0.000000] x86/fpu: xstate_offset[3]:  832, xstate_sizes[3]:   64
[    0.000000] x86/fpu: xstate_offset[4]:  896, xstate_sizes[4]:   64
[    0.000000] x86/fpu: xstate_offset[5]:  960, xstate_sizes[5]:   64
[    0.000000] x86/fpu: xstate_offset[6]: 1024, xstate_sizes[6]:  512
[    0.000000] x86/fpu: xstate_offset[7]: 1536, xstate_sizes[7]: 1024
[    0.000000] x86/fpu: xstate_offset[9]: 2560, xstate_sizes[9]:    8
[    0.000000] x86/fpu: Enabled xstate features 0x2ff, context size is 2568 bytes, using 'compacted' format.
[    0.000000] BIOS-provided physical RAM map:
[    0.000000] BIOS-e820: [mem 0x0000000000000000-0x00000000000997ff] usable
[    0.000000] BIOS-e820: [mem 0x0000000000099800-0x000000000009ffff] reserved
[    0.000000] BIOS-e820: [mem 0x00000000000e0000-0x00000000000fffff] reserved
[    0.000000] BIOS-e820: [mem 0x0000000000100000-0x000000006a548fff] usable
[    0.000000] BIOS-e820: [mem 0x000000006a549000-0x000000006c648fff] reserved
[    0.000000] BIOS-e820: [mem 0x000000006c649000-0x000000006c753fff] usable
[    0.000000] BIOS-e820: [mem 0x000000006c754000-0x000000006d2a0fff] ACPI NVS
[    0.000000] BIOS-e820: [mem 0x000000006d2a1000-0x000000006f31bfff] reserved
[    0.000000] BIOS-e820: [mem 0x000000006f31c000-0x000000006f7fffff] usable
[    0.000000] BIOS-e820: [mem 0x000000006f800000-0x000000008fffffff] reserved
[    0.000000] BIOS-e820: [mem 0x00000000fd000000-0x00000000fe7fffff] reserved
[    0.000000] BIOS-e820: [mem 0x00000000fed20000-0x00000000fed44fff] reserved
[    0.000000] BIOS-e820: [mem 0x00000000ff000000-0x00000000ffffffff] reserved
[    0.000000] BIOS-e820: [mem 0x0000000100000000-0x000000207fffffff] usable
[    0.000000] NX (Execute Disable) protection: active
[    0.000000] user-defined physical RAM map:
[    0.000000] user: [mem 0x0000000000000000-0x00000000000997ff] usable
[    0.000000] user: [mem 0x0000000000099800-0x000000000009ffff] reserved
[    0.000000] user: [mem 0x00000000000e0000-0x00000000000fffff] reserved
[    0.000000] user: [mem 0x0000000000100000-0x000000006a548fff] usable
[    0.000000] user: [mem 0x000000006a549000-0x000000006c648fff] reserved
[    0.000000] user: [mem 0x000000006c649000-0x000000006c753fff] usable
[    0.000000] user: [mem 0x000000006c754000-0x000000006d2a0fff] ACPI NVS
[    0.000000] user: [mem 0x000000006d2a1000-0x000000006f31bfff] reserved
[    0.000000] user: [mem 0x000000006f31c000-0x000000006f7fffff] usable
[    0.000000] user: [mem 0x000000006f800000-0x000000008fffffff] reserved
[    0.000000] user: [mem 0x00000000fd000000-0x00000000fe7fffff] reserved
[    0.000000] user: [mem 0x00000000fed20000-0x00000000fed44fff] reserved
[    0.000000] user: [mem 0x00000000ff000000-0x00000000ffffffff] reserved
[    0.000000] user: [mem 0x0000000100000000-0x0000000fffffffff] usable
[    0.000000] user: [mem 0x0000001000000000-0x000000183fffffff] persistent (type 12)
[    0.000000] user: [mem 0x0000001840000000-0x000000207fffffff] usable
[    0.000000] SMBIOS 3.1.1 present.
[    0.000000] DMI: Supermicro Super Server/X11DPL-i, BIOS 2.1 06/15/2018
[    0.000000] tsc: Detected 2200.000 MHz processor
[    0.001692] e820: update [mem 0x00000000-0x00000fff] usable ==> reserved
[    0.001696] e820: remove [mem 0x000a0000-0x000fffff] usable
[    0.001705] last_pfn = 0x2080000 max_arch_pfn = 0x400000000
[    0.001711] MTRR default type: uncachable
[    0.001713] MTRR fixed ranges enabled:
[    0.001715]   00000-9FFFF write-back
[    0.001717]   A0000-BFFFF uncachable
[    0.001720]   C0000-FFFFF write-protect
[    0.001722] MTRR variable ranges enabled:
[    0.001725]   0 base 000000000000 mask 3FE000000000 write-back
[    0.001727]   1 base 002000000000 mask 3FFF80000000 write-back
[    0.001729]   2 base 000080000000 mask 3FFF80000000 uncachable
[    0.001732]   3 base 00007F000000 mask 3FFFFF000000 uncachable
[    0.001734]   4 disabled
[    0.001735]   5 disabled
[    0.001737]   6 disabled
[    0.001739]   7 disabled
[    0.001741]   8 disabled
[    0.001743]   9 disabled
[    0.005858] x86/PAT: Configuration [0-7]: WB  WC  UC- UC  WB  WP  UC- WT  
[    0.009109] total RAM covered: 131056M
[    0.009696] Found optimal setting for mtrr clean up
[    0.009699]  gran_size: 64K 	chunk_size: 32M 	num_reg: 8  	lose cover RAM: 0G
[    0.012335] e820: update [mem 0x7f000000-0xffffffff] usable ==> reserved
[    0.012343] last_pfn = 0x6f800 max_arch_pfn = 0x400000000
[    0.022112] check: Scanning 1 areas for low memory corruption
[    0.022118] Using GB pages for direct mapping
[    0.022121] BRK [0x83fe01000, 0x83fe01fff] PGTABLE
[    0.022126] BRK [0x83fe02000, 0x83fe02fff] PGTABLE
[    0.022128] BRK [0x83fe03000, 0x83fe03fff] PGTABLE
[    0.022159] BRK [0x83fe04000, 0x83fe04fff] PGTABLE
[    0.022162] BRK [0x83fe05000, 0x83fe05fff] PGTABLE
[    0.022389] BRK [0x83fe06000, 0x83fe06fff] PGTABLE
[    0.022481] BRK [0x83fe07000, 0x83fe07fff] PGTABLE
[    0.022514] BRK [0x83fe08000, 0x83fe08fff] PGTABLE
[    0.022548] BRK [0x83fe09000, 0x83fe09fff] PGTABLE
[    0.022666] RAMDISK: [mem 0x30895000-0x34441fff]
[    0.022674] ACPI: Early table checksum verification disabled
[    0.022731] ACPI: RSDP 0x00000000000F05B0 000024 (v02 SUPERM)
[    0.022736] ACPI: XSDT 0x000000006C7540C8 00010C (v01 SUPERM SUPERM   01072009 AMI  00010013)
[    0.022744] ACPI: FACP 0x000000006C79CA48 000114 (v06 SUPERM SMCI--MB 01072009 INTL 20091013)
[    0.022752] ACPI: DSDT 0x000000006C754268 0487D9 (v02 SUPERM SMCI--MB 01072009 INTL 20091013)
[    0.022757] ACPI: FACS 0x000000006D29F080 000040
[    0.022761] ACPI: FPDT 0x000000006C79CB60 000044 (v01                 01072009 AMI  00010013)
[    0.022766] ACPI: FIDT 0x000000006C79CBA8 00009C (v01 SUPERM SMCI--MB 01072009 AMI  00010013)
[    0.022770] ACPI: SPMI 0x000000006C79CC48 000041 (v05 SUPERM SMCI--MB 00000000 AMI. 00000000)
[    0.022775] ACPI: UEFI 0x000000006C79CC90 00005C (v01 INTEL  RstUefiV 00000000      00000000)
[    0.022780] ACPI: UEFI 0x000000006C79CCF0 000042 (v01 SUPERM SMCI--MB 01072009      01000013)
[    0.022784] ACPI: MCFG 0x000000006C79CD38 00003C (v01 SUPERM SMCI--MB 01072009 MSFT 00000097)
[    0.022789] ACPI: HPET 0x000000006C79CD78 000038 (v01 SUPERM SMCI--MB 00000001 INTL 20091013)
[    0.022793] ACPI: APIC 0x000000006C79CDB0 0016DE (v03 SUPERM SMCI--MB 00000000 INTL 20091013)
[    0.022798] ACPI: MIGT 0x000000006C79E490 000040 (v01 SUPERM SMCI--MB 00000000 INTL 20091013)
[    0.022802] ACPI: MSCT 0x000000006C79E4D0 000090 (v01 SUPERM SMCI--MB 00000001 INTL 20091013)
[    0.022807] ACPI: NFIT 0x000000006C79E560 018028 (v01                 00000000      00000000)
[    0.022812] ACPI: PCAT 0x000000006C7B6588 000048 (v01 SUPERM SMCI--MB 00000002 INTL 20091013)
[    0.022816] ACPI: PCCT 0x000000006C7B65D0 00006E (v01 SUPERM SMCI--MB 00000002 INTL 20091013)
[    0.022821] ACPI: RASF 0x000000006C7B6640 000030 (v01 SUPERM SMCI--MB 00000001 INTL 20091013)
[    0.022825] ACPI: SLIT 0x000000006C7B6670 000030 (v01 SUPERM SMCI--MB 00000001 INTL 20091013)
[    0.022830] ACPI: SRAT 0x000000006C7B66A0 002830 (v03 SUPERM SMCI--MB 00000002 INTL 20091013)
[    0.022834] ACPI: SVOS 0x000000006C7B8ED0 000032 (v01 SUPERM SMCI--MB 00000000 INTL 20091013)
[    0.022839] ACPI: WDDT 0x000000006C7B8F08 000040 (v01 SUPERM SMCI--MB 00000000 INTL 20091013)
[    0.022843] ACPI: OEM4 0x000000006C7B8F48 0A27C4 (v02 INTEL  CPU  CST 00003000 INTL 20140828)
[    0.022848] ACPI: OEM1 0x000000006C85B710 02A2C4 (v02 INTEL  CPU EIST 00003000 INTL 20140828)
[    0.022853] ACPI: SSDT 0x000000006C8859D8 033990 (v02 INTEL  SSDT  PM 00004000 INTL 20140828)
[    0.022857] ACPI: SSDT 0x000000006C8B9368 00065B (v02 SUPERM SMCI--MB 00000000 INTL 20091013)
[    0.022862] ACPI: SSDT 0x000000006C8B99C8 002AF6 (v02 INTEL  SpsNm    00000002 INTL 20140828)
[    0.022866] ACPI: DMAR 0x000000006C8BC4C0 000228 (v01 SUPERM SMCI--MB 00000001 INTL 20091013)
[    0.022871] ACPI: HEST 0x000000006C8BC6E8 0000A8 (v01 SUPERM SMCI--MB 00000001 INTL 00000001)
[    0.022876] ACPI: BERT 0x000000006C8BC790 000030 (v01 SUPERM SMCI--MB 00000001 INTL 00000001)
[    0.022880] ACPI: ERST 0x000000006C8BC7C0 000230 (v01 SUPERM SMCI--MB 00000001 INTL 00000001)
[    0.022885] ACPI: EINJ 0x000000006C8BC9F0 000150 (v01 SUPERM SMCI--MB 00000001 INTL 00000001)
[    0.022895] ACPI: Local APIC address 0xfee00000
[    0.022991] SRAT: PXM 0 -> APIC 0x00 -> Node 0
[    0.022994] SRAT: PXM 0 -> APIC 0x02 -> Node 0
[    0.022996] SRAT: PXM 0 -> APIC 0x04 -> Node 0
[    0.022997] SRAT: PXM 0 -> APIC 0x06 -> Node 0
[    0.022999] SRAT: PXM 0 -> APIC 0x08 -> Node 0
[    0.023001] SRAT: PXM 0 -> APIC 0x10 -> Node 0
[    0.023003] SRAT: PXM 0 -> APIC 0x12 -> Node 0
[    0.023005] SRAT: PXM 0 -> APIC 0x14 -> Node 0
[    0.023007] SRAT: PXM 0 -> APIC 0x16 -> Node 0
[    0.023009] SRAT: PXM 0 -> APIC 0x18 -> Node 0
[    0.023011] SRAT: PXM 1 -> APIC 0x20 -> Node 1
[    0.023013] SRAT: PXM 1 -> APIC 0x22 -> Node 1
[    0.023015] SRAT: PXM 1 -> APIC 0x24 -> Node 1
[    0.023017] SRAT: PXM 1 -> APIC 0x26 -> Node 1
[    0.023018] SRAT: PXM 1 -> APIC 0x28 -> Node 1
[    0.023020] SRAT: PXM 1 -> APIC 0x30 -> Node 1
[    0.023022] SRAT: PXM 1 -> APIC 0x32 -> Node 1
[    0.023024] SRAT: PXM 1 -> APIC 0x34 -> Node 1
[    0.023026] SRAT: PXM 1 -> APIC 0x36 -> Node 1
[    0.023028] SRAT: PXM 1 -> APIC 0x38 -> Node 1
[    0.023045] ACPI: SRAT: Node 0 PXM 0 [mem 0x00000000-0x7fffffff]
[    0.023047] ACPI: SRAT: Node 0 PXM 0 [mem 0x100000000-0x87fffffff]
[    0.023049] ACPI: SRAT: Node 0 PXM 0 [mem 0x880000000-0xc7fffffff]
[    0.023051] ACPI: SRAT: Node 0 PXM 0 [mem 0xc80000000-0x107fffffff]
[    0.023053] ACPI: SRAT: Node 1 PXM 1 [mem 0x1080000000-0x187fffffff]
[    0.023055] ACPI: SRAT: Node 1 PXM 1 [mem 0x1880000000-0x1c7fffffff]
[    0.023058] ACPI: SRAT: Node 1 PXM 1 [mem 0x1c80000000-0x207fffffff]
[    0.023066] NUMA: Initialized distance table, cnt=2
[    0.023070] NUMA: Node 0 [mem 0x00000000-0x7fffffff] + [mem 0x100000000-0x87fffffff] -> [mem 0x00000000-0x87fffffff]
[    0.023073] NUMA: Node 0 [mem 0x00000000-0x87fffffff] + [mem 0x880000000-0xc7fffffff] -> [mem 0x00000000-0xc7fffffff]
[    0.023075] NUMA: Node 0 [mem 0x00000000-0xc7fffffff] + [mem 0xc80000000-0x107fffffff] -> [mem 0x00000000-0x107fffffff]
[    0.023078] NUMA: Node 1 [mem 0x1080000000-0x187fffffff] + [mem 0x1880000000-0x1c7fffffff] -> [mem 0x1080000000-0x1c7fffffff]
[    0.023080] NUMA: Node 1 [mem 0x1080000000-0x1c7fffffff] + [mem 0x1c80000000-0x207fffffff] -> [mem 0x1080000000-0x207fffffff]
[    0.023091] NODE_DATA(0) allocated [mem 0xffffd5000-0xfffffffff]
[    0.023122] NODE_DATA(1) allocated [mem 0x207ffd4000-0x207fffefff]
[    0.023555] Zone ranges:
[    0.023557]   DMA      [mem 0x0000000000001000-0x0000000000ffffff]
[    0.023560]   DMA32    [mem 0x0000000001000000-0x00000000ffffffff]
[    0.023563]   Normal   [mem 0x0000000100000000-0x000000207fffffff]
[    0.023565]   Device   empty
[    0.023568] Movable zone start for each node
[    0.023572] Early memory node ranges
[    0.023574]   node   0: [mem 0x0000000000001000-0x0000000000098fff]
[    0.023576]   node   0: [mem 0x0000000000100000-0x000000006a548fff]
[    0.023578]   node   0: [mem 0x000000006c649000-0x000000006c753fff]
[    0.023580]   node   0: [mem 0x000000006f31c000-0x000000006f7fffff]
[    0.023582]   node   0: [mem 0x0000000100000000-0x0000000fffffffff]
[    0.023584]   node   1: [mem 0x0000001840000000-0x000000207fffffff]
[    0.024006] Zeroed struct page in unavailable ranges: 21808 pages
[    0.024007] Initmem setup node 0 [mem 0x0000000000001000-0x0000000fffffffff]
[    0.024010] On node 0 totalpages: 16165584
[    0.024013]   DMA zone: 64 pages used for memmap
[    0.024015]   DMA zone: 21 pages reserved
[    0.024017]   DMA zone: 3992 pages, LIFO batch:0
[    0.024125]   DMA32 zone: 6765 pages used for memmap
[    0.024127]   DMA32 zone: 432952 pages, LIFO batch:63
[    0.037772]   Normal zone: 245760 pages used for memmap
[    0.037775]   Normal zone: 15728640 pages, LIFO batch:63
[    0.445224] Initmem setup node 1 [mem 0x0000001840000000-0x000000207fffffff]
[    0.445227] On node 1 totalpages: 8650752
[    0.445230]   Normal zone: 135168 pages used for memmap
[    0.445232]   Normal zone: 8650752 pages, LIFO batch:63
[    0.673604] ACPI: PM-Timer IO Port: 0x508
[    0.673607] ACPI: Local APIC address 0xfee00000
[    0.673631] ACPI: X2APIC_NMI (uid[0xffffffff] high level lint[0x1])
[    0.673636] ACPI: LAPIC_NMI (acpi_id[0xff] high level lint[0x1])
[    0.673666] IOAPIC[0]: apic_id 8, version 32, address 0xfec00000, GSI 0-23
[    0.673675] IOAPIC[1]: apic_id 9, version 32, address 0xfec01000, GSI 24-31
[    0.673681] IOAPIC[2]: apic_id 10, version 32, address 0xfec08000, GSI 32-39
[    0.673687] IOAPIC[3]: apic_id 11, version 32, address 0xfec10000, GSI 40-47
[    0.673692] IOAPIC[4]: apic_id 12, version 32, address 0xfec18000, GSI 48-55
[    0.673699] IOAPIC[5]: apic_id 15, version 32, address 0xfec20000, GSI 72-79
[    0.673705] IOAPIC[6]: apic_id 16, version 32, address 0xfec28000, GSI 80-87
[    0.673711] IOAPIC[7]: apic_id 17, version 32, address 0xfec30000, GSI 88-95
[    0.673718] IOAPIC[8]: apic_id 18, version 32, address 0xfec38000, GSI 96-103
[    0.673724] ACPI: INT_SRC_OVR (bus 0 bus_irq 0 global_irq 2 dfl dfl)
[    0.673727] ACPI: INT_SRC_OVR (bus 0 bus_irq 9 global_irq 9 high level)
[    0.673731] ACPI: IRQ0 used by override.
[    0.673733] ACPI: IRQ9 used by override.
[    0.673740] Using ACPI (MADT) for SMP configuration information
[    0.673743] ACPI: HPET id: 0x8086a701 base: 0xfed00000
[    0.673748] smpboot: Allowing 20 CPUs, 0 hotplug CPUs
[    0.673774] PM: Registered nosave memory: [mem 0x00000000-0x00000fff]
[    0.673777] PM: Registered nosave memory: [mem 0x00099000-0x00099fff]
[    0.673779] PM: Registered nosave memory: [mem 0x0009a000-0x0009ffff]
[    0.673781] PM: Registered nosave memory: [mem 0x000a0000-0x000dffff]
[    0.673783] PM: Registered nosave memory: [mem 0x000e0000-0x000fffff]
[    0.673786] PM: Registered nosave memory: [mem 0x6a549000-0x6c648fff]
[    0.673789] PM: Registered nosave memory: [mem 0x6c754000-0x6d2a0fff]
[    0.673791] PM: Registered nosave memory: [mem 0x6d2a1000-0x6f31bfff]
[    0.673793] PM: Registered nosave memory: [mem 0x6f800000-0x8fffffff]
[    0.673795] PM: Registered nosave memory: [mem 0x90000000-0xfcffffff]
[    0.673797] PM: Registered nosave memory: [mem 0xfd000000-0xfe7fffff]
[    0.673799] PM: Registered nosave memory: [mem 0xfe800000-0xfed1ffff]
[    0.673801] PM: Registered nosave memory: [mem 0xfed20000-0xfed44fff]
[    0.673803] PM: Registered nosave memory: [mem 0xfed45000-0xfeffffff]
[    0.673805] PM: Registered nosave memory: [mem 0xff000000-0xffffffff]
[    0.673808] PM: Registered nosave memory: [mem 0x1000000000-0x183fffffff]
[    0.673814] [mem 0x90000000-0xfcffffff] available for PCI devices
[    0.673816] Booting paravirtualized kernel on bare hardware
[    0.673820] clocksource: refined-jiffies: mask: 0xffffffff max_cycles: 0xffffffff, max_idle_ns: 7645519600211568 ns
[    0.673842] random: get_random_bytes called from start_kernel+0x9c/0x535 with crng_init=0
[    0.673850] setup_percpu: NR_CPUS:8192 nr_cpumask_bits:20 nr_cpu_ids:20 nr_node_ids:2
[    0.691024] percpu: Embedded 496 pages/cpu s1994752 r8192 d28672 u2097152
[    0.691035] pcpu-alloc: s1994752 r8192 d28672 u2097152 alloc=1*2097152
[    0.691038] pcpu-alloc: [0] 00 [0] 01 [0] 02 [0] 03 [0] 04 [0] 05 [0] 06 [0] 07 
[    0.691047] pcpu-alloc: [0] 08 [0] 09 [1] 10 [1] 11 [1] 12 [1] 13 [1] 14 [1] 15 
[    0.691056] pcpu-alloc: [1] 16 [1] 17 [1] 18 [1] 19 
[    0.691100] Built 2 zonelists, mobility grouping on.  Total pages: 24428558
[    0.691103] Policy zone: Normal
[    0.691111] Kernel command line: BOOT_IMAGE=/vmlinuz-5.1.18 root=UUID=5038c2c1-500c-4617-bfaa-9474e58fbfb3 ro quiet splash memmap=33G!64G vt.handoff=1
[    0.701402] Calgary: detecting Calgary via BIOS EBDA area
[    0.701404] Calgary: Unable to locate Rio Grande table in EBDA - bailing!
[    1.016274] Memory: 97496112K/99265344K available (14339K kernel code, 3330K rwdata, 4464K rodata, 4332K init, 18820K bss, 1769232K reserved, 0K cma-reserved)
[    1.016657] SLUB: HWalign=64, Order=0-3, MinObjects=0, CPUs=20, Nodes=2
[    1.016693] Kernel/User page tables isolation: enabled
[    1.016772] ftrace: allocating 41933 entries in 164 pages
[    1.037428] Running RCU self tests
[    1.037431] rcu: Hierarchical RCU implementation.
[    1.037433] rcu: 	RCU lockdep checking is enabled.
[    1.037435] rcu: 	RCU restricting CPUs from NR_CPUS=8192 to nr_cpu_ids=20.
[    1.037437] 	Tasks RCU enabled.
[    1.037440] rcu: RCU calculated value of scheduler-enlistment delay is 25 jiffies.
[    1.037442] rcu: Adjusting geometry for rcu_fanout_leaf=16, nr_cpu_ids=20
[    1.041139] NR_IRQS: 524544, nr_irqs: 1944, preallocated irqs: 16
[    1.041562] Console: colour dummy device 80x25
[    1.041574] printk: console [tty0] enabled
[    1.041583] Lock dependency validator: Copyright (c) 2006 Red Hat, Inc., Ingo Molnar
[    1.041585] ... MAX_LOCKDEP_SUBCLASSES:  8
[    1.041587] ... MAX_LOCK_DEPTH:          48
[    1.041589] ... MAX_LOCKDEP_KEYS:        8191
[    1.041591] ... CLASSHASH_SIZE:          4096
[    1.041592] ... MAX_LOCKDEP_ENTRIES:     32768
[    1.041594] ... MAX_LOCKDEP_CHAINS:      65536
[    1.041596] ... CHAINHASH_SIZE:          32768
[    1.041598]  memory used by lock dependency info: 8411 kB
[    1.041600]  per task-struct memory footprint: 2688 bytes
[    1.041671] mempolicy: Enabling automatic NUMA balancing. Configure with numa_balancing= or the kernel.numa_balancing sysctl
[    1.041705] ACPI: Core revision 20190215
[    1.043353] clocksource: hpet: mask: 0xffffffff max_cycles: 0xffffffff, max_idle_ns: 79635855245 ns
[    1.043386] hpet clockevent registered
[    1.043453] APIC: Switch to symmetric I/O mode setup
[    1.043457] DMAR: Host address width 46
[    1.043459] DMAR: DRHD base: 0x000000d37fc000 flags: 0x0
[    1.043476] DMAR: dmar0: reg_base_addr d37fc000 ver 1:0 cap 8d2078c106f0466 ecap f020df
[    1.043479] DMAR: DRHD base: 0x000000e0ffc000 flags: 0x0
[    1.043486] DMAR: dmar1: reg_base_addr e0ffc000 ver 1:0 cap 8d2078c106f0466 ecap f020df
[    1.043488] DMAR: DRHD base: 0x000000ee7fc000 flags: 0x0
[    1.043495] DMAR: dmar2: reg_base_addr ee7fc000 ver 1:0 cap 8d2078c106f0466 ecap f020df
[    1.043498] DMAR: DRHD base: 0x000000fbffc000 flags: 0x0
[    1.043504] DMAR: dmar3: reg_base_addr fbffc000 ver 1:0 cap 8d2078c106f0466 ecap f020df
[    1.043507] DMAR: DRHD base: 0x000000aaffc000 flags: 0x0
[    1.043514] DMAR: dmar4: reg_base_addr aaffc000 ver 1:0 cap 8d2078c106f0466 ecap f020df
[    1.043516] DMAR: DRHD base: 0x000000b87fc000 flags: 0x0
[    1.043522] DMAR: dmar5: reg_base_addr b87fc000 ver 1:0 cap 8d2078c106f0466 ecap f020df
[    1.043525] DMAR: DRHD base: 0x000000c5ffc000 flags: 0x0
[    1.043531] DMAR: dmar6: reg_base_addr c5ffc000 ver 1:0 cap 8d2078c106f0466 ecap f020df
[    1.043534] DMAR: DRHD base: 0x0000009d7fc000 flags: 0x1
[    1.043541] DMAR: dmar7: reg_base_addr 9d7fc000 ver 1:0 cap 8d2078c106f0466 ecap f020df
[    1.043543] DMAR: RMRR base: 0x0000006ef30000 end: 0x0000006ef40fff
[    1.043547] DMAR: ATSR flags: 0x0
[    1.043550] DMAR: RHSA base: 0x0000009d7fc000 proximity domain: 0x0
[    1.043552] DMAR: RHSA base: 0x000000aaffc000 proximity domain: 0x0
[    1.043554] DMAR: RHSA base: 0x000000b87fc000 proximity domain: 0x0
[    1.043556] DMAR: RHSA base: 0x000000c5ffc000 proximity domain: 0x0
[    1.043557] DMAR: RHSA base: 0x000000d37fc000 proximity domain: 0x1
[    1.043559] DMAR: RHSA base: 0x000000e0ffc000 proximity domain: 0x1
[    1.043561] DMAR: RHSA base: 0x000000ee7fc000 proximity domain: 0x1
[    1.043563] DMAR: RHSA base: 0x000000fbffc000 proximity domain: 0x1
[    1.043566] DMAR-IR: IOAPIC id 12 under DRHD base  0xc5ffc000 IOMMU 6
[    1.043568] DMAR-IR: IOAPIC id 11 under DRHD base  0xb87fc000 IOMMU 5
[    1.043570] DMAR-IR: IOAPIC id 10 under DRHD base  0xaaffc000 IOMMU 4
[    1.043573] DMAR-IR: IOAPIC id 18 under DRHD base  0xfbffc000 IOMMU 3
[    1.043575] DMAR-IR: IOAPIC id 17 under DRHD base  0xee7fc000 IOMMU 2
[    1.043577] DMAR-IR: IOAPIC id 16 under DRHD base  0xe0ffc000 IOMMU 1
[    1.043579] DMAR-IR: IOAPIC id 15 under DRHD base  0xd37fc000 IOMMU 0
[    1.043581] DMAR-IR: IOAPIC id 8 under DRHD base  0x9d7fc000 IOMMU 7
[    1.043583] DMAR-IR: IOAPIC id 9 under DRHD base  0x9d7fc000 IOMMU 7
[    1.043585] DMAR-IR: HPET id 0 under DRHD base 0x9d7fc000
[    1.043588] DMAR-IR: x2apic is disabled because BIOS sets x2apic opt out bit.
[    1.043589] DMAR-IR: Use 'intremap=no_x2apic_optout' to override the BIOS setting.
[    1.045729] DMAR-IR: Enabled IRQ remapping in xapic mode
[    1.045732] x2apic: IRQ remapping doesn't support X2APIC mode
[    1.045740] Switched APIC routing to physical flat.
[    1.047075] ..TIMER: vector=0x30 apic1=0 pin1=2 apic2=-1 pin2=-1
[    1.063399] clocksource: tsc-early: mask: 0xffffffffffffffff max_cycles: 0x1fb633008a4, max_idle_ns: 440795292230 ns
[    1.063421] Calibrating delay loop (skipped), value calculated using timer frequency.. 4400.00 BogoMIPS (lpj=8800000)
[    1.063425] pid_max: default: 32768 minimum: 301
[    1.063571] LSM: Security Framework initializing
[    1.063580] Yama: becoming mindful.
[    1.063635] AppArmor: AppArmor initialized
[    1.075442] Dentry cache hash table entries: 8388608 (order: 14, 67108864 bytes)
[    1.081328] Inode-cache hash table entries: 4194304 (order: 13, 33554432 bytes)
[    1.081553] Mount-cache hash table entries: 131072 (order: 8, 1048576 bytes)
[    1.081745] Mountpoint-cache hash table entries: 131072 (order: 8, 1048576 bytes)
[    1.082481] ENERGY_PERF_BIAS: Set to 'normal', was 'performance'
[    1.082483] ENERGY_PERF_BIAS: View and update with x86_energy_perf_policy(8)
[    1.082523] mce: CPU0: Thermal monitoring enabled (TM1)
[    1.082577] process: using mwait in idle threads
[    1.082581] Last level iTLB entries: 4KB 128, 2MB 8, 4MB 8
[    1.082583] Last level dTLB entries: 4KB 64, 2MB 0, 4MB 0, 1GB 4
[    1.082587] Spectre V2 : Mitigation: Full generic retpoline
[    1.082589] Spectre V2 : Spectre v2 / SpectreRSB mitigation: Filling RSB on context switch
[    1.082591] Spectre V2 : Enabling Restricted Speculation for firmware calls
[    1.082601] Spectre V2 : mitigation: Enabling conditional Indirect Branch Prediction Barrier
[    1.082603] Spectre V2 : User space: Mitigation: STIBP via seccomp and prctl
[    1.082606] Speculative Store Bypass: Mitigation: Speculative Store Bypass disabled via prctl and seccomp
[    1.082641] MDS: Mitigation: Clear CPU buffers
[    1.083003] Freeing SMP alternatives memory: 36K
[    1.084905] TSC deadline timer enabled
[    1.084916] smpboot: CPU0: Intel(R) Xeon(R) Silver 4114 CPU @ 2.20GHz (family: 0x6, model: 0x55, stepping: 0x4)
[    1.085466] Performance Events: PEBS fmt3+, Skylake events, 32-deep LBR, full-width counters, Intel PMU driver.
[    1.085511] ... version:                4
[    1.085513] ... bit width:              48
[    1.085515] ... generic registers:      8
[    1.085517] ... value mask:             0000ffffffffffff
[    1.085519] ... max period:             00007fffffffffff
[    1.085521] ... fixed-purpose events:   3
[    1.085523] ... event mask:             00000007000000ff
[    1.085713] rcu: Hierarchical SRCU implementation.
[    1.087262] random: crng done (trusting CPU's manufacturer)
[    1.088093] NMI watchdog: Enabled. Permanently consumes one hw-PMU counter.
[    1.088809] smp: Bringing up secondary CPUs ...
[    1.089319] x86: Booting SMP configuration:
[    1.089325] .... node  #0, CPUs:        #1  #2  #3  #4  #5  #6  #7  #8  #9
[    1.140004] .... node  #1, CPUs:   #10 #11 #12 #13 #14 #15 #16 #17 #18 #19
[    1.294299] smp: Brought up 2 nodes, 20 CPUs
[    1.294299] smpboot: Max logical packages: 2
[    1.294299] smpboot: Total of 20 processors activated (88061.33 BogoMIPS)
[    1.299155] devtmpfs: initialized
[    1.299155] x86/mm: Memory block size: 2048MB
[    1.299512] PM: Registering ACPI NVS region [mem 0x6c754000-0x6d2a0fff] (11849728 bytes)
[    1.300340] rm_init_reserve_vaddr, start
[    1.300340] reservation success ffffd90000000000
[    1.303942] clocksource: jiffies: mask: 0xffffffff max_cycles: 0xffffffff, max_idle_ns: 7645041785100000 ns
[    1.303942] futex hash table entries: 8192 (order: 8, 1048576 bytes)
[    1.304631] pinctrl core: initialized pinctrl subsystem
[    1.304747] PM: RTC time: 11:36:03, date: 2020-05-01
[    1.305273] NET: Registered protocol family 16
[    1.305772] audit: initializing netlink subsys (disabled)
[    1.305839] audit: type=2000 audit(1588332962.264:1): state=initialized audit_enabled=0 res=1
[    1.307553] EISA bus registered
[    1.307643] cpuidle: using governor ladder
[    1.307715] cpuidle: using governor menu
[    1.307715] Detected 1 PCC Subspaces
[    1.307715] Registering PCC driver as Mailbox controller
[    1.308161] ACPI FADT declares the system doesn't support PCIe ASPM, so disable it
[    1.308161] ACPI: bus type PCI registered
[    1.308161] acpiphp: ACPI Hot Plug PCI Controller Driver version: 0.5
[    1.308161] PCI: MMCONFIG for domain 0000 [bus 00-ff] at [mem 0x80000000-0x8fffffff] (base 0x80000000)
[    1.308161] PCI: MMCONFIG at [mem 0x80000000-0x8fffffff] reserved in E820
[    1.308161] PCI: Using configuration type 1 for base access
[    1.315883] HugeTLB registered 1.00 GiB page size, pre-allocated 0 pages
[    1.315883] HugeTLB registered 2.00 MiB page size, pre-allocated 0 pages
[    1.315945] ACPI: Added _OSI(Module Device)
[    1.315945] ACPI: Added _OSI(Processor Device)
[    1.315946] ACPI: Added _OSI(3.0 _SCP Extensions)
[    1.315949] ACPI: Added _OSI(Processor Aggregator Device)
[    1.315953] ACPI: Added _OSI(Linux-Dell-Video)
[    1.315956] ACPI: Added _OSI(Linux-Lenovo-NV-HDMI-Audio)
[    1.315960] ACPI: Added _OSI(Linux-HPI-Hybrid-Graphics)
[    1.592008] ACPI: 4 ACPI AML tables successfully acquired and loaded
[    1.633496] ACPI: [Firmware Bug]: BIOS _OSI(Linux) query ignored
[    1.664655] ACPI: Dynamic OEM Table Load:
[    1.755435] ACPI: Dynamic OEM Table Load:
[    2.320935] ACPI: Interpreter enabled
[    2.320995] ACPI: (supports S0 S4 S5)
[    2.320998] ACPI: Using IOAPIC for interrupt routing
[    2.321255] HEST: Table parsing has been initialized.
[    2.321259] PCI: Using host bridge windows from ACPI; if necessary, use "pci=nocrs" and report a bug
[    2.325867] ACPI: Enabled 6 GPEs in block 00 to 7F
[    2.576057] ACPI: PCI Root Bridge [PC00] (domain 0000 [bus 00-16])
[    2.576070] acpi PNP0A08:00: _OSC: OS supports [ExtendedConfig ASPM ClockPM Segments MSI]
[    2.576635] acpi PNP0A08:00: _OSC: platform does not support [SHPCHotplug AER LTR]
[    2.577156] acpi PNP0A08:00: _OSC: OS now controls [PCIeHotplug PME PCIeCapability]
[    2.577158] acpi PNP0A08:00: FADT indicates ASPM is unsupported, using BIOS configuration
[    2.579791] PCI host bridge to bus 0000:00
[    2.579795] pci_bus 0000:00: root bus resource [io  0x0000-0x03af window]
[    2.579798] pci_bus 0000:00: root bus resource [io  0x03e0-0x0cf7 window]
[    2.579801] pci_bus 0000:00: root bus resource [io  0x03b0-0x03bb window]
[    2.579803] pci_bus 0000:00: root bus resource [io  0x03c0-0x03df window]
[    2.579807] pci_bus 0000:00: root bus resource [io  0x1000-0x3fff window]
[    2.579810] pci_bus 0000:00: root bus resource [mem 0x000a0000-0x000bffff window]
[    2.579813] pci_bus 0000:00: root bus resource [mem 0x000c4000-0x000c7fff window]
[    2.579816] pci_bus 0000:00: root bus resource [mem 0xfe010000-0xfe010fff window]
[    2.579818] pci_bus 0000:00: root bus resource [mem 0x90000000-0x9d7fbfff window]
[    2.579822] pci_bus 0000:00: root bus resource [mem 0x380000000000-0x383fffffffff window]
[    2.579825] pci_bus 0000:00: root bus resource [bus 00-16]
[    2.579853] pci 0000:00:00.0: [8086:2020] type 00 class 0x060000
[    2.580573] pci 0000:00:04.0: [8086:2021] type 00 class 0x088000
[    2.580593] pci 0000:00:04.0: reg 0x10: [mem 0x383ffff2c000-0x383ffff2ffff 64bit]
[    2.581195] pci 0000:00:04.1: [8086:2021] type 00 class 0x088000
[    2.581215] pci 0000:00:04.1: reg 0x10: [mem 0x383ffff28000-0x383ffff2bfff 64bit]
[    2.581807] pci 0000:00:04.2: [8086:2021] type 00 class 0x088000
[    2.581826] pci 0000:00:04.2: reg 0x10: [mem 0x383ffff24000-0x383ffff27fff 64bit]
[    2.582417] pci 0000:00:04.3: [8086:2021] type 00 class 0x088000
[    2.582436] pci 0000:00:04.3: reg 0x10: [mem 0x383ffff20000-0x383ffff23fff 64bit]
[    2.583026] pci 0000:00:04.4: [8086:2021] type 00 class 0x088000
[    2.583044] pci 0000:00:04.4: reg 0x10: [mem 0x383ffff1c000-0x383ffff1ffff 64bit]
[    2.583642] pci 0000:00:04.5: [8086:2021] type 00 class 0x088000
[    2.583661] pci 0000:00:04.5: reg 0x10: [mem 0x383ffff18000-0x383ffff1bfff 64bit]
[    2.584253] pci 0000:00:04.6: [8086:2021] type 00 class 0x088000
[    2.584272] pci 0000:00:04.6: reg 0x10: [mem 0x383ffff14000-0x383ffff17fff 64bit]
[    2.584860] pci 0000:00:04.7: [8086:2021] type 00 class 0x088000
[    2.584879] pci 0000:00:04.7: reg 0x10: [mem 0x383ffff10000-0x383ffff13fff 64bit]
[    2.585467] pci 0000:00:05.0: [8086:2024] type 00 class 0x088000
[    2.586033] pci 0000:00:05.2: [8086:2025] type 00 class 0x088000
[    2.586598] pci 0000:00:05.4: [8086:2026] type 00 class 0x080020
[    2.586613] pci 0000:00:05.4: reg 0x10: [mem 0x9d20a000-0x9d20afff]
[    2.587186] pci 0000:00:08.0: [8086:2014] type 00 class 0x088000
[    2.587755] pci 0000:00:08.1: [8086:2015] type 00 class 0x110100
[    2.588283] pci 0000:00:08.2: [8086:2016] type 00 class 0x088000
[    2.588858] pci 0000:00:11.0: [8086:a1ec] type 00 class 0xff0000
[    2.589495] pci 0000:00:11.1: [8086:a1ed] type 00 class 0xff0000
[    2.590139] pci 0000:00:11.5: [8086:a1d2] type 00 class 0x010601
[    2.590164] pci 0000:00:11.5: reg 0x10: [mem 0x9d206000-0x9d207fff]
[    2.590175] pci 0000:00:11.5: reg 0x14: [mem 0x9d209000-0x9d2090ff]
[    2.590186] pci 0000:00:11.5: reg 0x18: [io  0x0800-0x0807]
[    2.590197] pci 0000:00:11.5: reg 0x1c: [io  0x0810-0x0813]
[    2.590207] pci 0000:00:11.5: reg 0x20: [io  0x0820-0x083f]
[    2.590218] pci 0000:00:11.5: reg 0x24: [mem 0x9d180000-0x9d1fffff]
[    2.590281] pci 0000:00:11.5: PME# supported from D3hot
[    2.590942] pci 0000:00:14.0: [8086:a1af] type 00 class 0x0c0330
[    2.590971] pci 0000:00:14.0: reg 0x10: [mem 0x383ffff00000-0x383ffff0ffff 64bit]
[    2.591061] pci 0000:00:14.0: PME# supported from D3hot D3cold
[    2.591713] pci 0000:00:14.2: [8086:a1b1] type 00 class 0x118000
[    2.591742] pci 0000:00:14.2: reg 0x10: [mem 0x383ffff33000-0x383ffff33fff 64bit]
[    2.592363] pci 0000:00:16.0: [8086:a1ba] type 00 class 0x078000
[    2.592399] pci 0000:00:16.0: reg 0x10: [mem 0x383ffff32000-0x383ffff32fff 64bit]
[    2.592511] pci 0000:00:16.0: PME# supported from D3hot
[    2.593054] pci 0000:00:16.1: [8086:a1bb] type 00 class 0x078000
[    2.593090] pci 0000:00:16.1: reg 0x10: [mem 0x383ffff31000-0x383ffff31fff 64bit]
[    2.593200] pci 0000:00:16.1: PME# supported from D3hot
[    2.593748] pci 0000:00:16.4: [8086:a1be] type 00 class 0x078000
[    2.593784] pci 0000:00:16.4: reg 0x10: [mem 0x383ffff30000-0x383ffff30fff 64bit]
[    2.593894] pci 0000:00:16.4: PME# supported from D3hot
[    2.594445] pci 0000:00:17.0: [8086:a182] type 00 class 0x010601
[    2.594470] pci 0000:00:17.0: reg 0x10: [mem 0x9d204000-0x9d205fff]
[    2.594481] pci 0000:00:17.0: reg 0x14: [mem 0x9d208000-0x9d2080ff]
[    2.594492] pci 0000:00:17.0: reg 0x18: [io  0x0840-0x0847]
[    2.594502] pci 0000:00:17.0: reg 0x1c: [io  0x0850-0x0853]
[    2.594513] pci 0000:00:17.0: reg 0x20: [io  0x0860-0x087f]
[    2.594524] pci 0000:00:17.0: reg 0x24: [mem 0x9d100000-0x9d17ffff]
[    2.594586] pci 0000:00:17.0: PME# supported from D3hot
[    2.595227] pci 0000:00:1c.0: [8086:a190] type 01 class 0x060400
[    2.595741] pci 0000:00:1c.0: PME# supported from D0 D3hot D3cold
[    2.596505] pci 0000:00:1c.5: [8086:a195] type 01 class 0x060400
[    2.596617] pci 0000:00:1c.5: PME# supported from D0 D3hot D3cold
[    2.597398] pci 0000:00:1f.0: [8086:a1c1] type 00 class 0x060100
[    2.598086] pci 0000:00:1f.2: [8086:a1a1] type 00 class 0x058000
[    2.598108] pci 0000:00:1f.2: reg 0x10: [mem 0x9d200000-0x9d203fff]
[    2.598771] pci 0000:00:1f.4: [8086:a1a3] type 00 class 0x0c0500
[    2.598798] pci 0000:00:1f.4: reg 0x10: [mem 0x00000000-0x000000ff 64bit]
[    2.598828] pci 0000:00:1f.4: reg 0x20: [io  0x0780-0x079f]
[    2.599380] pci 0000:00:1f.5: [8086:a1a4] type 00 class 0x0c8000
[    2.599402] pci 0000:00:1f.5: reg 0x10: [mem 0xfe010000-0xfe010fff]
[    2.600106] pci 0000:00:1c.0: PCI bridge to [bus 01]
[    2.600275] pci 0000:02:00.0: [1a03:1150] type 01 class 0x060400
[    2.600350] pci 0000:02:00.0: enabling Extended Tags
[    2.600441] pci 0000:02:00.0: supports D1 D2
[    2.600444] pci 0000:02:00.0: PME# supported from D0 D1 D2 D3hot D3cold
[    2.600689] pci 0000:00:1c.5: PCI bridge to [bus 02-03]
[    2.600694] pci 0000:00:1c.5:   bridge window [io  0x3000-0x3fff]
[    2.600699] pci 0000:00:1c.5:   bridge window [mem 0x9c000000-0x9d0fffff]
[    2.600752] pci_bus 0000:03: extended config space not accessible
[    2.600854] pci 0000:03:00.0: [1a03:2000] type 00 class 0x030000
[    2.600880] pci 0000:03:00.0: reg 0x10: [mem 0x9c000000-0x9cffffff]
[    2.600895] pci 0000:03:00.0: reg 0x14: [mem 0x9d000000-0x9d01ffff]
[    2.600911] pci 0000:03:00.0: reg 0x18: [io  0x3000-0x307f]
[    2.601034] pci 0000:03:00.0: supports D1 D2
[    2.601036] pci 0000:03:00.0: PME# supported from D0 D1 D2 D3hot D3cold
[    2.601251] pci 0000:02:00.0: PCI bridge to [bus 03]
[    2.601260] pci 0000:02:00.0:   bridge window [io  0x3000-0x3fff]
[    2.601265] pci 0000:02:00.0:   bridge window [mem 0x9c000000-0x9d0fffff]
[    2.601295] pci_bus 0000:00: on NUMA node 0
[    2.604208] ACPI: PCI Root Bridge [PC01] (domain 0000 [bus 17-39])
[    2.604216] acpi PNP0A08:01: _OSC: OS supports [ExtendedConfig ASPM ClockPM Segments MSI]
[    2.606240] acpi PNP0A08:01: _OSC: platform does not support [SHPCHotplug AER LTR]
[    2.607168] acpi PNP0A08:01: _OSC: OS now controls [PCIeHotplug PME PCIeCapability]
[    2.607170] acpi PNP0A08:01: FADT indicates ASPM is unsupported, using BIOS configuration
[    2.608187] PCI host bridge to bus 0000:17
[    2.608191] pci_bus 0000:17: root bus resource [io  0x4000-0x5fff window]
[    2.608194] pci_bus 0000:17: root bus resource [mem 0x9d800000-0xaaffbfff window]
[    2.608197] pci_bus 0000:17: root bus resource [mem 0x384000000000-0x387fffffffff window]
[    2.608200] pci_bus 0000:17: root bus resource [bus 17-39]
[    2.608215] pci 0000:17:00.0: [8086:2030] type 01 class 0x060400
[    2.608319] pci 0000:17:00.0: PME# supported from D0 D3hot D3cold
[    2.608726] pci 0000:17:05.0: [8086:2034] type 00 class 0x088000
[    2.609014] pci 0000:17:05.2: [8086:2035] type 00 class 0x088000
[    2.609300] pci 0000:17:05.4: [8086:2036] type 00 class 0x080020
[    2.609315] pci 0000:17:05.4: reg 0x10: [mem 0xaaf00000-0xaaf00fff]
[    2.609605] pci 0000:17:08.0: [8086:208d] type 00 class 0x088000
[    2.609868] pci 0000:17:08.1: [8086:208d] type 00 class 0x088000
[    2.610109] pci 0000:17:08.2: [8086:208d] type 00 class 0x088000
[    2.610352] pci 0000:17:08.3: [8086:208d] type 00 class 0x088000
[    2.610599] pci 0000:17:08.4: [8086:208d] type 00 class 0x088000
[    2.610840] pci 0000:17:08.5: [8086:208d] type 00 class 0x088000
[    2.611082] pci 0000:17:08.6: [8086:208d] type 00 class 0x088000
[    2.611324] pci 0000:17:08.7: [8086:208d] type 00 class 0x088000
[    2.611566] pci 0000:17:09.0: [8086:208d] type 00 class 0x088000
[    2.611828] pci 0000:17:09.1: [8086:208d] type 00 class 0x088000
[    2.612082] pci 0000:17:0e.0: [8086:208e] type 00 class 0x088000
[    2.612345] pci 0000:17:0e.1: [8086:208e] type 00 class 0x088000
[    2.612589] pci 0000:17:0e.2: [8086:208e] type 00 class 0x088000
[    2.612832] pci 0000:17:0e.3: [8086:208e] type 00 class 0x088000
[    2.613072] pci 0000:17:0e.4: [8086:208e] type 00 class 0x088000
[    2.613315] pci 0000:17:0e.5: [8086:208e] type 00 class 0x088000
[    2.613559] pci 0000:17:0e.6: [8086:208e] type 00 class 0x088000
[    2.613803] pci 0000:17:0e.7: [8086:208e] type 00 class 0x088000
[    2.614045] pci 0000:17:0f.0: [8086:208e] type 00 class 0x088000
[    2.614306] pci 0000:17:0f.1: [8086:208e] type 00 class 0x088000
[    2.614573] pci 0000:17:1d.0: [8086:2054] type 00 class 0x088000
[    2.614836] pci 0000:17:1d.1: [8086:2055] type 00 class 0x088000
[    2.615079] pci 0000:17:1d.2: [8086:2056] type 00 class 0x088000
[    2.615323] pci 0000:17:1d.3: [8086:2057] type 00 class 0x088000
[    2.615572] pci 0000:17:1e.0: [8086:2080] type 00 class 0x088000
[    2.615835] pci 0000:17:1e.1: [8086:2081] type 00 class 0x088000
[    2.616080] pci 0000:17:1e.2: [8086:2082] type 00 class 0x088000
[    2.616325] pci 0000:17:1e.3: [8086:2083] type 00 class 0x088000
[    2.616571] pci 0000:17:1e.4: [8086:2084] type 00 class 0x088000
[    2.616815] pci 0000:17:1e.5: [8086:2085] type 00 class 0x088000
[    2.617058] pci 0000:17:1e.6: [8086:2086] type 00 class 0x088000
[    2.617508] pci 0000:18:00.0: [15b3:1013] type 00 class 0x020700
[    2.617677] pci 0000:18:00.0: reg 0x10: [mem 0x387ffe000000-0x387fffffffff 64bit pref]
[    2.617923] pci 0000:18:00.0: reg 0x30: [mem 0xaae00000-0xaaefffff pref]
[    2.618453] pci 0000:18:00.0: PME# supported from D3cold
[    2.618888] pci 0000:18:00.1: [15b3:1013] type 00 class 0x020700
[    2.619047] pci 0000:18:00.1: reg 0x10: [mem 0x387ffc000000-0x387ffdffffff 64bit pref]
[    2.619294] pci 0000:18:00.1: reg 0x30: [mem 0xaad00000-0xaadfffff pref]
[    2.619790] pci 0000:18:00.1: PME# supported from D3cold
[    2.620148] pci 0000:17:00.0: PCI bridge to [bus 18]
[    2.620154] pci 0000:17:00.0:   bridge window [mem 0xaad00000-0xaaefffff]
[    2.620160] pci 0000:17:00.0:   bridge window [mem 0x387ffc000000-0x387fffffffff 64bit pref]
[    2.620170] pci_bus 0000:17: on NUMA node 0
[    2.620573] ACPI: PCI Root Bridge [PC02] (domain 0000 [bus 3a-5c])
[    2.620580] acpi PNP0A08:02: _OSC: OS supports [ExtendedConfig ASPM ClockPM Segments MSI]
[    2.622507] acpi PNP0A08:02: _OSC: platform does not support [SHPCHotplug AER LTR]
[    2.623382] acpi PNP0A08:02: _OSC: OS now controls [PCIeHotplug PME PCIeCapability]
[    2.623385] acpi PNP0A08:02: FADT indicates ASPM is unsupported, using BIOS configuration
[    2.624172] PCI host bridge to bus 0000:3a
[    2.624176] pci_bus 0000:3a: root bus resource [io  0x6000-0x7fff window]
[    2.624179] pci_bus 0000:3a: root bus resource [mem 0xab000000-0xb87fbfff window]
[    2.624182] pci_bus 0000:3a: root bus resource [mem 0x388000000000-0x38bfffffffff window]
[    2.624185] pci_bus 0000:3a: root bus resource [bus 3a-5c]
[    2.624203] pci 0000:3a:05.0: [8086:2034] type 00 class 0x088000
[    2.624451] pci 0000:3a:05.2: [8086:2035] type 00 class 0x088000
[    2.624696] pci 0000:3a:05.4: [8086:2036] type 00 class 0x080020
[    2.624711] pci 0000:3a:05.4: reg 0x10: [mem 0xb8700000-0xb8700fff]
[    2.624960] pci 0000:3a:08.0: [8086:2066] type 00 class 0x088000
[    2.625219] pci 0000:3a:09.0: [8086:2066] type 00 class 0x088000
[    2.625474] pci 0000:3a:0a.0: [8086:2040] type 00 class 0x088000
[    2.625723] pci 0000:3a:0a.1: [8086:2041] type 00 class 0x088000
[    2.625954] pci 0000:3a:0a.2: [8086:2042] type 00 class 0x088000
[    2.626183] pci 0000:3a:0a.3: [8086:2043] type 00 class 0x088000
[    2.626414] pci 0000:3a:0a.4: [8086:2044] type 00 class 0x088000
[    2.626645] pci 0000:3a:0a.5: [8086:2045] type 00 class 0x088000
[    2.626870] pci 0000:3a:0a.6: [8086:2046] type 00 class 0x088000
[    2.627100] pci 0000:3a:0a.7: [8086:2047] type 00 class 0x088000
[    2.627329] pci 0000:3a:0b.0: [8086:2048] type 00 class 0x088000
[    2.627580] pci 0000:3a:0b.1: [8086:2049] type 00 class 0x088000
[    2.627821] pci 0000:3a:0b.2: [8086:204a] type 00 class 0x088000
[    2.628051] pci 0000:3a:0b.3: [8086:204b] type 00 class 0x088000
[    2.628285] pci 0000:3a:0c.0: [8086:2040] type 00 class 0x088000
[    2.628537] pci 0000:3a:0c.1: [8086:2041] type 00 class 0x088000
[    2.628767] pci 0000:3a:0c.2: [8086:2042] type 00 class 0x088000
[    2.628997] pci 0000:3a:0c.3: [8086:2043] type 00 class 0x088000
[    2.629226] pci 0000:3a:0c.4: [8086:2044] type 00 class 0x088000
[    2.629456] pci 0000:3a:0c.5: [8086:2045] type 00 class 0x088000
[    2.629682] pci 0000:3a:0c.6: [8086:2046] type 00 class 0x088000
[    2.629912] pci 0000:3a:0c.7: [8086:2047] type 00 class 0x088000
[    2.630141] pci 0000:3a:0d.0: [8086:2048] type 00 class 0x088000
[    2.630390] pci 0000:3a:0d.1: [8086:2049] type 00 class 0x088000
[    2.630618] pci 0000:3a:0d.2: [8086:204a] type 00 class 0x088000
[    2.630845] pci 0000:3a:0d.3: [8086:204b] type 00 class 0x088000
[    2.631094] pci_bus 0000:3a: on NUMA node 0
[    2.631415] ACPI: PCI Root Bridge [PC03] (domain 0000 [bus 5d-7f])
[    2.631422] acpi PNP0A08:03: _OSC: OS supports [ExtendedConfig ASPM ClockPM Segments MSI]
[    2.633449] acpi PNP0A08:03: _OSC: platform does not support [SHPCHotplug AER LTR]
[    2.634323] acpi PNP0A08:03: _OSC: OS now controls [PCIeHotplug PME PCIeCapability]
[    2.634326] acpi PNP0A08:03: FADT indicates ASPM is unsupported, using BIOS configuration
[    2.635140] PCI host bridge to bus 0000:5d
[    2.635144] pci_bus 0000:5d: root bus resource [io  0x8000-0x9fff window]
[    2.635147] pci_bus 0000:5d: root bus resource [mem 0xb8800000-0xc5ffbfff window]
[    2.635150] pci_bus 0000:5d: root bus resource [mem 0x38c000000000-0x38ffffffffff window]
[    2.635153] pci_bus 0000:5d: root bus resource [bus 5d-7f]
[    2.635168] pci 0000:5d:00.0: [8086:2030] type 01 class 0x060400
[    2.635214] pci 0000:5d:00.0: enabling Extended Tags
[    2.635276] pci 0000:5d:00.0: PME# supported from D0 D3hot D3cold
[    2.635532] pci 0000:5d:05.0: [8086:2034] type 00 class 0x088000
[    2.635770] pci 0000:5d:05.2: [8086:2035] type 00 class 0x088000
[    2.636008] pci 0000:5d:05.4: [8086:2036] type 00 class 0x080020
[    2.636023] pci 0000:5d:05.4: reg 0x10: [mem 0xc5f00000-0xc5f00fff]
[    2.636273] pci 0000:5d:0e.0: [8086:2058] type 00 class 0x110100
[    2.636516] pci 0000:5d:0e.1: [8086:2059] type 00 class 0x088000
[    2.636751] pci 0000:5d:0f.0: [8086:2058] type 00 class 0x110100
[    2.636993] pci 0000:5d:0f.1: [8086:2059] type 00 class 0x088000
[    2.637225] pci 0000:5d:12.0: [8086:204c] type 00 class 0x110100
[    2.637464] pci 0000:5d:12.1: [8086:204d] type 00 class 0x110100
[    2.637659] pci 0000:5d:12.2: [8086:204e] type 00 class 0x088000
[    2.637858] pci 0000:5d:15.0: [8086:2018] type 00 class 0x088000
[    2.638077] pci 0000:5d:16.0: [8086:2018] type 00 class 0x088000
[    2.638293] pci 0000:5d:16.4: [8086:2018] type 00 class 0x088000
[    2.638621] pci 0000:5e:00.0: [8086:37c0] type 01 class 0x060400
[    2.638647] pci 0000:5e:00.0: reg 0x10: [mem 0xc5e00000-0xc5e1ffff 64bit]
[    2.638657] pci 0000:5e:00.0: reg 0x38: [mem 0xc5c00000-0xc5cfffff pref]
[    2.638744] pci 0000:5e:00.0: PME# supported from D0 D3hot D3cold
[    2.638940] pci 0000:5d:00.0: PCI bridge to [bus 5e-60]
[    2.638946] pci 0000:5d:00.0:   bridge window [mem 0xc5c00000-0xc5efffff]
[    2.638952] pci 0000:5d:00.0:   bridge window [mem 0xc3000000-0xc50fffff 64bit pref]
[    2.639175] pci 0000:5f:03.0: [8086:37c5] type 01 class 0x060400
[    2.639310] pci 0000:5f:03.0: PME# supported from D0 D3hot D3cold
[    2.639538] pci 0000:5e:00.0: PCI bridge to [bus 5f-60]
[    2.639545] pci 0000:5e:00.0:   bridge window [mem 0xc5d00000-0xc5dfffff]
[    2.639552] pci 0000:5e:00.0:   bridge window [mem 0xc3000000-0xc50fffff 64bit pref]
[    2.639760] pci 0000:60:00.0: [8086:37d1] type 00 class 0x020000
[    2.639795] pci 0000:60:00.0: reg 0x10: [mem 0xc4000000-0xc4ffffff 64bit pref]
[    2.639820] pci 0000:60:00.0: reg 0x1c: [mem 0xc5008000-0xc500ffff 64bit pref]
[    2.639840] pci 0000:60:00.0: reg 0x30: [mem 0xc5d80000-0xc5dfffff pref]
[    2.639850] pci 0000:60:00.0: enabling Extended Tags
[    2.639962] pci 0000:60:00.0: PME# supported from D0 D3hot D3cold
[    2.640005] pci 0000:60:00.0: reg 0x184: [mem 0x00000000-0x0001ffff 64bit pref]
[    2.640008] pci 0000:60:00.0: VF(n) BAR0 space: [mem 0x00000000-0x003fffff 64bit pref] (contains BAR0 for 32 VFs)
[    2.640030] pci 0000:60:00.0: reg 0x190: [mem 0x00000000-0x00003fff 64bit pref]
[    2.640033] pci 0000:60:00.0: VF(n) BAR3 space: [mem 0x00000000-0x0007ffff 64bit pref] (contains BAR3 for 32 VFs)
[    2.640341] pci 0000:60:00.1: [8086:37d1] type 00 class 0x020000
[    2.640375] pci 0000:60:00.1: reg 0x10: [mem 0xc3000000-0xc3ffffff 64bit pref]
[    2.640401] pci 0000:60:00.1: reg 0x1c: [mem 0xc5000000-0xc5007fff 64bit pref]
[    2.640421] pci 0000:60:00.1: reg 0x30: [mem 0xc5d00000-0xc5d7ffff pref]
[    2.640430] pci 0000:60:00.1: enabling Extended Tags
[    2.640543] pci 0000:60:00.1: PME# supported from D0 D3hot D3cold
[    2.640579] pci 0000:60:00.1: reg 0x184: [mem 0x00000000-0x0001ffff 64bit pref]
[    2.640581] pci 0000:60:00.1: VF(n) BAR0 space: [mem 0x00000000-0x003fffff 64bit pref] (contains BAR0 for 32 VFs)
[    2.640603] pci 0000:60:00.1: reg 0x190: [mem 0x00000000-0x00003fff 64bit pref]
[    2.640605] pci 0000:60:00.1: VF(n) BAR3 space: [mem 0x00000000-0x0007ffff 64bit pref] (contains BAR3 for 32 VFs)
[    2.640926] pci 0000:5f:03.0: PCI bridge to [bus 60]
[    2.640933] pci 0000:5f:03.0:   bridge window [mem 0xc5d00000-0xc5dfffff]
[    2.640940] pci 0000:5f:03.0:   bridge window [mem 0xc3000000-0xc50fffff 64bit pref]
[    2.640963] pci_bus 0000:5d: on NUMA node 0
[    2.641580] ACPI: PCI Root Bridge [PC06] (domain 0000 [bus 80-84])
[    2.641587] acpi PNP0A08:06: _OSC: OS supports [ExtendedConfig ASPM ClockPM Segments MSI]
[    2.642664] acpi PNP0A08:06: _OSC: platform does not support [SHPCHotplug AER LTR]
[    2.643361] acpi PNP0A08:06: _OSC: OS now controls [PCIeHotplug PME PCIeCapability]
[    2.643363] acpi PNP0A08:06: FADT indicates ASPM is unsupported, using BIOS configuration
[    2.644030] PCI host bridge to bus 0000:80
[    2.644034] pci_bus 0000:80: root bus resource [io  0xa000-0xbfff window]
[    2.644037] pci_bus 0000:80: root bus resource [mem 0xc6000000-0xd37fbfff window]
[    2.644040] pci_bus 0000:80: root bus resource [mem 0x390000000000-0x393fffffffff window]
[    2.644043] pci_bus 0000:80: root bus resource [bus 80-84]
[    2.644062] pci 0000:80:04.0: [8086:2021] type 00 class 0x088000
[    2.644083] pci 0000:80:04.0: reg 0x10: [mem 0x393ffff1c000-0x393ffff1ffff 64bit]
[    2.644362] pci 0000:80:04.1: [8086:2021] type 00 class 0x088000
[    2.644382] pci 0000:80:04.1: reg 0x10: [mem 0x393ffff18000-0x393ffff1bfff 64bit]
[    2.644655] pci 0000:80:04.2: [8086:2021] type 00 class 0x088000
[    2.644674] pci 0000:80:04.2: reg 0x10: [mem 0x393ffff14000-0x393ffff17fff 64bit]
[    2.644948] pci 0000:80:04.3: [8086:2021] type 00 class 0x088000
[    2.644967] pci 0000:80:04.3: reg 0x10: [mem 0x393ffff10000-0x393ffff13fff 64bit]
[    2.645240] pci 0000:80:04.4: [8086:2021] type 00 class 0x088000
[    2.645260] pci 0000:80:04.4: reg 0x10: [mem 0x393ffff0c000-0x393ffff0ffff 64bit]
[    2.645529] pci 0000:80:04.5: [8086:2021] type 00 class 0x088000
[    2.645549] pci 0000:80:04.5: reg 0x10: [mem 0x393ffff08000-0x393ffff0bfff 64bit]
[    2.645826] pci 0000:80:04.6: [8086:2021] type 00 class 0x088000
[    2.645845] pci 0000:80:04.6: reg 0x10: [mem 0x393ffff04000-0x393ffff07fff 64bit]
[    2.646114] pci 0000:80:04.7: [8086:2021] type 00 class 0x088000
[    2.646134] pci 0000:80:04.7: reg 0x10: [mem 0x393ffff00000-0x393ffff03fff 64bit]
[    2.646401] pci 0000:80:05.0: [8086:2024] type 00 class 0x088000
[    2.646646] pci 0000:80:05.2: [8086:2025] type 00 class 0x088000
[    2.646889] pci 0000:80:05.4: [8086:2026] type 00 class 0x080020
[    2.646904] pci 0000:80:05.4: reg 0x10: [mem 0xd3700000-0xd3700fff]
[    2.647159] pci 0000:80:08.0: [8086:2014] type 00 class 0x088000
[    2.647405] pci 0000:80:08.1: [8086:2015] type 00 class 0x110100
[    2.647612] pci 0000:80:08.2: [8086:2016] type 00 class 0x088000
[    2.647865] pci_bus 0000:80: on NUMA node 1
[    2.648170] ACPI: PCI Root Bridge [PC07] (domain 0000 [bus 85-ad])
[    2.648177] acpi PNP0A08:07: _OSC: OS supports [ExtendedConfig ASPM ClockPM Segments MSI]
[    2.650131] acpi PNP0A08:07: _OSC: platform does not support [SHPCHotplug AER LTR]
[    2.651007] acpi PNP0A08:07: _OSC: OS now controls [PCIeHotplug PME PCIeCapability]
[    2.651010] acpi PNP0A08:07: FADT indicates ASPM is unsupported, using BIOS configuration
[    2.652101] PCI host bridge to bus 0000:85
[    2.652105] pci_bus 0000:85: root bus resource [io  0xc000-0xdfff window]
[    2.652108] pci_bus 0000:85: root bus resource [mem 0xd3800000-0xe0ffbfff window]
[    2.652111] pci_bus 0000:85: root bus resource [mem 0x394000000000-0x397fffffffff window]
[    2.652114] pci_bus 0000:85: root bus resource [bus 85-ad]
[    2.652133] pci 0000:85:05.0: [8086:2034] type 00 class 0x088000
[    2.652424] pci 0000:85:05.2: [8086:2035] type 00 class 0x088000
[    2.652712] pci 0000:85:05.4: [8086:2036] type 00 class 0x080020
[    2.652728] pci 0000:85:05.4: reg 0x10: [mem 0xe0f00000-0xe0f00fff]
[    2.653022] pci 0000:85:08.0: [8086:208d] type 00 class 0x088000
[    2.653288] pci 0000:85:08.1: [8086:208d] type 00 class 0x088000
[    2.653535] pci 0000:85:08.2: [8086:208d] type 00 class 0x088000
[    2.653779] pci 0000:85:08.3: [8086:208d] type 00 class 0x088000
[    2.654026] pci 0000:85:08.4: [8086:208d] type 00 class 0x088000
[    2.654268] pci 0000:85:08.5: [8086:208d] type 00 class 0x088000
[    2.654512] pci 0000:85:08.6: [8086:208d] type 00 class 0x088000
[    2.654756] pci 0000:85:08.7: [8086:208d] type 00 class 0x088000
[    2.655000] pci 0000:85:09.0: [8086:208d] type 00 class 0x088000
[    2.655267] pci 0000:85:09.1: [8086:208d] type 00 class 0x088000
[    2.655526] pci 0000:85:0e.0: [8086:208e] type 00 class 0x088000
[    2.655787] pci 0000:85:0e.1: [8086:208e] type 00 class 0x088000
[    2.656031] pci 0000:85:0e.2: [8086:208e] type 00 class 0x088000
[    2.656276] pci 0000:85:0e.3: [8086:208e] type 00 class 0x088000
[    2.656520] pci 0000:85:0e.4: [8086:208e] type 00 class 0x088000
[    2.656764] pci 0000:85:0e.5: [8086:208e] type 00 class 0x088000
[    2.657009] pci 0000:85:0e.6: [8086:208e] type 00 class 0x088000
[    2.657250] pci 0000:85:0e.7: [8086:208e] type 00 class 0x088000
[    2.657496] pci 0000:85:0f.0: [8086:208e] type 00 class 0x088000
[    2.657760] pci 0000:85:0f.1: [8086:208e] type 00 class 0x088000
[    2.658028] pci 0000:85:1d.0: [8086:2054] type 00 class 0x088000
[    2.658292] pci 0000:85:1d.1: [8086:2055] type 00 class 0x088000
[    2.658537] pci 0000:85:1d.2: [8086:2056] type 00 class 0x088000
[    2.658780] pci 0000:85:1d.3: [8086:2057] type 00 class 0x088000
[    2.659030] pci 0000:85:1e.0: [8086:2080] type 00 class 0x088000
[    2.659294] pci 0000:85:1e.1: [8086:2081] type 00 class 0x088000
[    2.659543] pci 0000:85:1e.2: [8086:2082] type 00 class 0x088000
[    2.659788] pci 0000:85:1e.3: [8086:2083] type 00 class 0x088000
[    2.660033] pci 0000:85:1e.4: [8086:2084] type 00 class 0x088000
[    2.660277] pci 0000:85:1e.5: [8086:2085] type 00 class 0x088000
[    2.660521] pci 0000:85:1e.6: [8086:2086] type 00 class 0x088000
[    2.660765] pci_bus 0000:85: on NUMA node 1
[    2.661149] ACPI: PCI Root Bridge [PC08] (domain 0000 [bus ae-d6])
[    2.661156] acpi PNP0A08:08: _OSC: OS supports [ExtendedConfig ASPM ClockPM Segments MSI]
[    2.663068] acpi PNP0A08:08: _OSC: platform does not support [SHPCHotplug AER LTR]
[    2.663946] acpi PNP0A08:08: _OSC: OS now controls [PCIeHotplug PME PCIeCapability]
[    2.663948] acpi PNP0A08:08: FADT indicates ASPM is unsupported, using BIOS configuration
[    2.664824] PCI host bridge to bus 0000:ae
[    2.664827] pci_bus 0000:ae: root bus resource [io  0xe000-0xefff window]
[    2.664831] pci_bus 0000:ae: root bus resource [mem 0xe1000000-0xee7fbfff window]
[    2.664834] pci_bus 0000:ae: root bus resource [mem 0x398000000000-0x39bfffffffff window]
[    2.664837] pci_bus 0000:ae: root bus resource [bus ae-d6]
[    2.664855] pci 0000:ae:05.0: [8086:2034] type 00 class 0x088000
[    2.665107] pci 0000:ae:05.2: [8086:2035] type 00 class 0x088000
[    2.665351] pci 0000:ae:05.4: [8086:2036] type 00 class 0x080020
[    2.665367] pci 0000:ae:05.4: reg 0x10: [mem 0xee700000-0xee700fff]
[    2.665632] pci 0000:ae:08.0: [8086:2066] type 00 class 0x088000
[    2.665894] pci 0000:ae:09.0: [8086:2066] type 00 class 0x088000
[    2.666154] pci 0000:ae:0a.0: [8086:2040] type 00 class 0x088000
[    2.666408] pci 0000:ae:0a.1: [8086:2041] type 00 class 0x088000
[    2.666643] pci 0000:ae:0a.2: [8086:2042] type 00 class 0x088000
[    2.666874] pci 0000:ae:0a.3: [8086:2043] type 00 class 0x088000
[    2.667110] pci 0000:ae:0a.4: [8086:2044] type 00 class 0x088000
[    2.667345] pci 0000:ae:0a.5: [8086:2045] type 00 class 0x088000
[    2.667584] pci 0000:ae:0a.6: [8086:2046] type 00 class 0x088000
[    2.667819] pci 0000:ae:0a.7: [8086:2047] type 00 class 0x088000
[    2.668053] pci 0000:ae:0b.0: [8086:2048] type 00 class 0x088000
[    2.668306] pci 0000:ae:0b.1: [8086:2049] type 00 class 0x088000
[    2.668540] pci 0000:ae:0b.2: [8086:204a] type 00 class 0x088000
[    2.668776] pci 0000:ae:0b.3: [8086:204b] type 00 class 0x088000
[    2.669014] pci 0000:ae:0c.0: [8086:2040] type 00 class 0x088000
[    2.669268] pci 0000:ae:0c.1: [8086:2041] type 00 class 0x088000
[    2.669506] pci 0000:ae:0c.2: [8086:2042] type 00 class 0x088000
[    2.669738] pci 0000:ae:0c.3: [8086:2043] type 00 class 0x088000
[    2.669972] pci 0000:ae:0c.4: [8086:2044] type 00 class 0x088000
[    2.670207] pci 0000:ae:0c.5: [8086:2045] type 00 class 0x088000
[    2.670443] pci 0000:ae:0c.6: [8086:2046] type 00 class 0x088000
[    2.670678] pci 0000:ae:0c.7: [8086:2047] type 00 class 0x088000
[    2.670913] pci 0000:ae:0d.0: [8086:2048] type 00 class 0x088000
[    2.671169] pci 0000:ae:0d.1: [8086:2049] type 00 class 0x088000
[    2.671406] pci 0000:ae:0d.2: [8086:204a] type 00 class 0x088000
[    2.671642] pci 0000:ae:0d.3: [8086:204b] type 00 class 0x088000
[    2.671901] pci_bus 0000:ae: on NUMA node 1
[    2.672235] ACPI: PCI Root Bridge [PC09] (domain 0000 [bus d7-ff])
[    2.672242] acpi PNP0A08:09: _OSC: OS supports [ExtendedConfig ASPM ClockPM Segments MSI]
[    2.674163] acpi PNP0A08:09: _OSC: platform does not support [SHPCHotplug AER LTR]
[    2.675039] acpi PNP0A08:09: _OSC: OS now controls [PCIeHotplug PME PCIeCapability]
[    2.675041] acpi PNP0A08:09: FADT indicates ASPM is unsupported, using BIOS configuration
[    2.675898] PCI host bridge to bus 0000:d7
[    2.675902] pci_bus 0000:d7: root bus resource [io  0xf000-0xffff window]
[    2.675905] pci_bus 0000:d7: root bus resource [mem 0xee800000-0xfbffbfff window]
[    2.675908] pci_bus 0000:d7: root bus resource [mem 0x39c000000000-0x39ffffffffff window]
[    2.675911] pci_bus 0000:d7: root bus resource [bus d7-ff]
[    2.675930] pci 0000:d7:05.0: [8086:2034] type 00 class 0x088000
[    2.676179] pci 0000:d7:05.2: [8086:2035] type 00 class 0x088000
[    2.676422] pci 0000:d7:05.4: [8086:2036] type 00 class 0x080020
[    2.676438] pci 0000:d7:05.4: reg 0x10: [mem 0xfbf00000-0xfbf00fff]
[    2.676696] pci 0000:d7:0e.0: [8086:2058] type 00 class 0x110100
[    2.676942] pci 0000:d7:0e.1: [8086:2059] type 00 class 0x088000
[    2.677178] pci 0000:d7:0f.0: [8086:2058] type 00 class 0x110100
[    2.677429] pci 0000:d7:0f.1: [8086:2059] type 00 class 0x088000
[    2.677668] pci 0000:d7:12.0: [8086:204c] type 00 class 0x110100
[    2.677913] pci 0000:d7:12.1: [8086:204d] type 00 class 0x110100
[    2.678113] pci 0000:d7:12.2: [8086:204e] type 00 class 0x088000
[    2.678321] pci 0000:d7:15.0: [8086:2018] type 00 class 0x088000
[    2.678545] pci 0000:d7:16.0: [8086:2018] type 00 class 0x088000
[    2.678766] pci 0000:d7:16.4: [8086:2018] type 00 class 0x088000
[    2.678971] pci_bus 0000:d7: on NUMA node 1
[    2.680447] ACPI: PCI Interrupt Link [LNKA] (IRQs 3 4 5 6 7 10 *11 12 14 15)
[    2.680617] ACPI: PCI Interrupt Link [LNKB] (IRQs 3 4 5 6 7 *10 11 12 14 15)
[    2.680782] ACPI: PCI Interrupt Link [LNKC] (IRQs 3 4 5 6 10 *11 12 14 15)
[    2.680947] ACPI: PCI Interrupt Link [LNKD] (IRQs 3 4 5 6 10 *11 12 14 15)
[    2.681110] ACPI: PCI Interrupt Link [LNKE] (IRQs 3 4 5 6 7 10 *11 12 14 15)
[    2.681274] ACPI: PCI Interrupt Link [LNKF] (IRQs 3 4 5 6 7 10 *11 12 14 15)
[    2.681437] ACPI: PCI Interrupt Link [LNKG] (IRQs 3 4 5 6 7 10 *11 12 14 15)
[    2.681601] ACPI: PCI Interrupt Link [LNKH] (IRQs 3 4 5 6 7 10 *11 12 14 15)
[    2.685823] pci 0000:03:00.0: vgaarb: setting as boot VGA device
[    2.685823] pci 0000:03:00.0: vgaarb: VGA device added: decodes=io+mem,owns=io+mem,locks=none
[    2.685823] pci 0000:03:00.0: vgaarb: bridge control possible
[    2.685823] vgaarb: loaded
[    2.685823] SCSI subsystem initialized
[    2.687471] libata version 3.00 loaded.
[    2.687511] ACPI: bus type USB registered
[    2.687558] usbcore: registered new interface driver usbfs
[    2.687590] usbcore: registered new interface driver hub
[    2.687750] usbcore: registered new device driver usb
[    2.687851] pps_core: LinuxPPS API ver. 1 registered
[    2.687853] pps_core: Software ver. 5.3.6 - Copyright 2005-2007 Rodolfo Giometti <giometti@linux.it>
[    2.687862] PTP clock support registered
[    2.688083] EDAC MC: Ver: 3.0.0
[    2.688235] PCI: Using ACPI for IRQ routing
[    2.692241] PCI: pci_cache_line_size set to 64 bytes
[    2.692631] e820: reserve RAM buffer [mem 0x00099800-0x0009ffff]
[    2.692637] e820: reserve RAM buffer [mem 0x6a549000-0x6bffffff]
[    2.692640] e820: reserve RAM buffer [mem 0x6c754000-0x6fffffff]
[    2.692643] e820: reserve RAM buffer [mem 0x6f800000-0x6fffffff]
[    2.693119] NetLabel: Initializing
[    2.693122] NetLabel:  domain hash size = 128
[    2.693124] NetLabel:  protocols = UNLABELED CIPSOv4 CALIPSO
[    2.693171] NetLabel:  unlabeled traffic allowed by default
[    2.696232] hpet0: at MMIO 0xfed00000, IRQs 2, 8, 0, 0, 0, 0, 0, 0
[    2.696240] hpet0: 8 comparators, 64-bit 24.000000 MHz counter
[    2.699711] clocksource: Switched to clocksource tsc-early
[    2.766376] VFS: Disk quotas dquot_6.6.0
[    2.766431] VFS: Dquot-cache hash table entries: 512 (order 0, 4096 bytes)
[    2.767190] AppArmor: AppArmor Filesystem Enabled
[    2.767258] pnp: PnP ACPI init
[    2.769064] pnp 00:00: Plug and Play ACPI device, IDs PNP0b00 (active)
[    2.769655] system 00:01: [io  0x0500-0x053f] has been reserved
[    2.769659] system 00:01: [io  0x0400-0x047f] has been reserved
[    2.769664] system 00:01: [io  0x0540-0x057f] has been reserved
[    2.769668] system 00:01: [io  0x0600-0x061f] has been reserved
[    2.769672] system 00:01: [io  0x0880-0x0883] has been reserved
[    2.769676] system 00:01: [io  0x0800-0x081f] could not be reserved
[    2.769682] system 00:01: [mem 0xfed1c000-0xfed3ffff] could not be reserved
[    2.769686] system 00:01: [mem 0xfed45000-0xfed8bfff] has been reserved
[    2.769690] system 00:01: [mem 0xff000000-0xffffffff] has been reserved
[    2.769694] system 00:01: [mem 0xfee00000-0xfeefffff] has been reserved
[    2.769698] system 00:01: [mem 0xfed12000-0xfed1200f] has been reserved
[    2.769702] system 00:01: [mem 0xfed12010-0xfed1201f] has been reserved
[    2.769717] system 00:01: [mem 0xfed1b000-0xfed1bfff] has been reserved
[    2.769730] system 00:01: Plug and Play ACPI device, IDs PNP0c02 (active)
[    2.770861] system 00:02: [io  0x0a00-0x0a0f] has been reserved
[    2.770865] system 00:02: [io  0x0a10-0x0a1f] has been reserved
[    2.770869] system 00:02: [io  0x0a20-0x0a2f] has been reserved
[    2.770873] system 00:02: [io  0x0a30-0x0a3f] has been reserved
[    2.770877] system 00:02: [io  0x0a40-0x0a4f] has been reserved
[    2.770888] system 00:02: Plug and Play ACPI device, IDs PNP0c02 (active)
[    2.771625] pnp 00:03: [dma 0 disabled]
[    2.771715] pnp 00:03: Plug and Play ACPI device, IDs PNP0501 (active)
[    2.772421] pnp 00:04: [dma 0 disabled]
[    2.772507] pnp 00:04: Plug and Play ACPI device, IDs PNP0501 (active)
[    2.773318] system 00:05: [mem 0xfd000000-0xfdabffff] has been reserved
[    2.773322] system 00:05: [mem 0xfdad0000-0xfdadffff] has been reserved
[    2.773326] system 00:05: [mem 0xfdb00000-0xfdffffff] has been reserved
[    2.773330] system 00:05: [mem 0xfe000000-0xfe00ffff] has been reserved
[    2.773334] system 00:05: [mem 0xfe011000-0xfe01ffff] has been reserved
[    2.773338] system 00:05: [mem 0xfe036000-0xfe03bfff] has been reserved
[    2.773342] system 00:05: [mem 0xfe03d000-0xfe3fffff] has been reserved
[    2.773346] system 00:05: [mem 0xfe410000-0xfe7fffff] has been reserved
[    2.773357] system 00:05: Plug and Play ACPI device, IDs PNP0c02 (active)
[    2.774188] system 00:06: [io  0x0f00-0x0ffe] has been reserved
[    2.774199] system 00:06: Plug and Play ACPI device, IDs PNP0c02 (active)
[    2.777294] pnp: PnP ACPI: found 7 devices
[    2.787273] clocksource: acpi_pm: mask: 0xffffff max_cycles: 0xffffff, max_idle_ns: 2085701024 ns
[    2.787291] pci 0000:00:1c.0: bridge window [io  0x1000-0x0fff] to [bus 01] add_size 1000
[    2.787296] pci 0000:00:1c.0: bridge window [mem 0x00100000-0x000fffff 64bit pref] to [bus 01] add_size 200000 add_align 100000
[    2.787299] pci 0000:00:1c.0: bridge window [mem 0x00100000-0x000fffff] to [bus 01] add_size 200000 add_align 100000
[    2.787314] pci 0000:00:1c.0: BAR 14: assigned [mem 0x90000000-0x901fffff]
[    2.787321] pci 0000:00:1c.0: BAR 15: assigned [mem 0x380000000000-0x3800001fffff 64bit pref]
[    2.787328] pci 0000:00:1c.0: BAR 13: assigned [io  0x1000-0x1fff]
[    2.787334] pci 0000:00:1f.4: BAR 0: assigned [mem 0x380000200000-0x3800002000ff 64bit]
[    2.787349] pci 0000:00:1c.0: PCI bridge to [bus 01]
[    2.787352] pci 0000:00:1c.0:   bridge window [io  0x1000-0x1fff]
[    2.787358] pci 0000:00:1c.0:   bridge window [mem 0x90000000-0x901fffff]
[    2.787363] pci 0000:00:1c.0:   bridge window [mem 0x380000000000-0x3800001fffff 64bit pref]
[    2.787370] pci 0000:02:00.0: PCI bridge to [bus 03]
[    2.787374] pci 0000:02:00.0:   bridge window [io  0x3000-0x3fff]
[    2.787381] pci 0000:02:00.0:   bridge window [mem 0x9c000000-0x9d0fffff]
[    2.787392] pci 0000:00:1c.5: PCI bridge to [bus 02-03]
[    2.787396] pci 0000:00:1c.5:   bridge window [io  0x3000-0x3fff]
[    2.787401] pci 0000:00:1c.5:   bridge window [mem 0x9c000000-0x9d0fffff]
[    2.787419] pci_bus 0000:00: resource 4 [io  0x0000-0x03af window]
[    2.787421] pci_bus 0000:00: resource 5 [io  0x03e0-0x0cf7 window]
[    2.787424] pci_bus 0000:00: resource 6 [io  0x03b0-0x03bb window]
[    2.787426] pci_bus 0000:00: resource 7 [io  0x03c0-0x03df window]
[    2.787429] pci_bus 0000:00: resource 8 [io  0x1000-0x3fff window]
[    2.787431] pci_bus 0000:00: resource 9 [mem 0x000a0000-0x000bffff window]
[    2.787434] pci_bus 0000:00: resource 10 [mem 0x000c4000-0x000c7fff window]
[    2.787437] pci_bus 0000:00: resource 11 [mem 0xfe010000-0xfe010fff window]
[    2.787439] pci_bus 0000:00: resource 12 [mem 0x90000000-0x9d7fbfff window]
[    2.787442] pci_bus 0000:00: resource 13 [mem 0x380000000000-0x383fffffffff window]
[    2.787445] pci_bus 0000:01: resource 0 [io  0x1000-0x1fff]
[    2.787447] pci_bus 0000:01: resource 1 [mem 0x90000000-0x901fffff]
[    2.787450] pci_bus 0000:01: resource 2 [mem 0x380000000000-0x3800001fffff 64bit pref]
[    2.787452] pci_bus 0000:02: resource 0 [io  0x3000-0x3fff]
[    2.787455] pci_bus 0000:02: resource 1 [mem 0x9c000000-0x9d0fffff]
[    2.787457] pci_bus 0000:03: resource 0 [io  0x3000-0x3fff]
[    2.787460] pci_bus 0000:03: resource 1 [mem 0x9c000000-0x9d0fffff]
[    2.787901] pci 0000:17:00.0: PCI bridge to [bus 18]
[    2.787906] pci 0000:17:00.0:   bridge window [mem 0xaad00000-0xaaefffff]
[    2.787910] pci 0000:17:00.0:   bridge window [mem 0x387ffc000000-0x387fffffffff 64bit pref]
[    2.787917] pci_bus 0000:17: resource 4 [io  0x4000-0x5fff window]
[    2.787920] pci_bus 0000:17: resource 5 [mem 0x9d800000-0xaaffbfff window]
[    2.787922] pci_bus 0000:17: resource 6 [mem 0x384000000000-0x387fffffffff window]
[    2.787925] pci_bus 0000:18: resource 1 [mem 0xaad00000-0xaaefffff]
[    2.787928] pci_bus 0000:18: resource 2 [mem 0x387ffc000000-0x387fffffffff 64bit pref]
[    2.788005] pci_bus 0000:3a: resource 4 [io  0x6000-0x7fff window]
[    2.788007] pci_bus 0000:3a: resource 5 [mem 0xab000000-0xb87fbfff window]
[    2.788010] pci_bus 0000:3a: resource 6 [mem 0x388000000000-0x38bfffffffff window]
[    2.788057] pci_bus 0000:5d: max bus depth: 3 pci_try_num: 4
[    2.788070] pci 0000:60:00.0: BAR 7: no space for [mem size 0x00400000 64bit pref]
[    2.788079] pci 0000:60:00.0: BAR 7: failed to assign [mem size 0x00400000 64bit pref]
[    2.788085] pci 0000:60:00.1: BAR 7: no space for [mem size 0x00400000 64bit pref]
[    2.788088] pci 0000:60:00.1: BAR 7: failed to assign [mem size 0x00400000 64bit pref]
[    2.788092] pci 0000:60:00.0: BAR 10: assigned [mem 0xc5010000-0xc508ffff 64bit pref]
[    2.788101] pci 0000:60:00.1: BAR 10: no space for [mem size 0x00080000 64bit pref]
[    2.788104] pci 0000:60:00.1: BAR 10: failed to assign [mem size 0x00080000 64bit pref]
[    2.788108] pci 0000:5f:03.0: PCI bridge to [bus 60]
[    2.788114] pci 0000:5f:03.0:   bridge window [mem 0xc5d00000-0xc5dfffff]
[    2.788118] pci 0000:5f:03.0:   bridge window [mem 0xc3000000-0xc50fffff 64bit pref]
[    2.788126] pci 0000:5e:00.0: PCI bridge to [bus 5f-60]
[    2.788131] pci 0000:5e:00.0:   bridge window [mem 0xc5d00000-0xc5dfffff]
[    2.788136] pci 0000:5e:00.0:   bridge window [mem 0xc3000000-0xc50fffff 64bit pref]
[    2.788142] pci 0000:5d:00.0: PCI bridge to [bus 5e-60]
[    2.788147] pci 0000:5d:00.0:   bridge window [mem 0xc5c00000-0xc5efffff]
[    2.788151] pci 0000:5d:00.0:   bridge window [mem 0xc3000000-0xc50fffff 64bit pref]
[    2.788157] pci_bus 0000:5d: No. 2 try to assign unassigned res
[    2.788162] release child resource [mem 0xc3000000-0xc3ffffff 64bit pref]
[    2.788167] release child resource [mem 0xc4000000-0xc4ffffff 64bit pref]
[    2.788169] release child resource [mem 0xc5000000-0xc5007fff 64bit pref]
[    2.788171] release child resource [mem 0xc5008000-0xc500ffff 64bit pref]
[    2.788173] release child resource [mem 0xc5010000-0xc508ffff 64bit pref]
[    2.788176] pci 0000:5f:03.0: resource 15 [mem 0xc3000000-0xc50fffff 64bit pref] released
[    2.788179] pci 0000:5f:03.0: PCI bridge to [bus 60]
[    2.788195] pci 0000:5f:03.0: BAR 15: no space for [mem size 0x03000000 64bit pref]
[    2.788198] pci 0000:5f:03.0: BAR 15: failed to assign [mem size 0x03000000 64bit pref]
[    2.788206] pci 0000:60:00.0: BAR 0: no space for [mem size 0x01000000 64bit pref]
[    2.788209] pci 0000:60:00.0: BAR 0: failed to assign [mem size 0x01000000 64bit pref]
[    2.788213] pci 0000:60:00.1: BAR 0: no space for [mem size 0x01000000 64bit pref]
[    2.788215] pci 0000:60:00.1: BAR 0: failed to assign [mem size 0x01000000 64bit pref]
[    2.788219] pci 0000:60:00.0: BAR 7: no space for [mem size 0x00400000 64bit pref]
[    2.788222] pci 0000:60:00.0: BAR 7: failed to assign [mem size 0x00400000 64bit pref]
[    2.788225] pci 0000:60:00.1: BAR 7: no space for [mem size 0x00400000 64bit pref]
[    2.788228] pci 0000:60:00.1: BAR 7: failed to assign [mem size 0x00400000 64bit pref]
[    2.788232] pci 0000:60:00.0: BAR 3: no space for [mem size 0x00008000 64bit pref]
[    2.788235] pci 0000:60:00.0: BAR 3: failed to assign [mem size 0x00008000 64bit pref]
[    2.788238] pci 0000:60:00.1: BAR 3: no space for [mem size 0x00008000 64bit pref]
[    2.788241] pci 0000:60:00.1: BAR 3: failed to assign [mem size 0x00008000 64bit pref]
[    2.788245] pci 0000:60:00.0: BAR 10: no space for [mem size 0x00080000 64bit pref]
[    2.788248] pci 0000:60:00.0: BAR 10: failed to assign [mem size 0x00080000 64bit pref]
[    2.788251] pci 0000:60:00.1: BAR 10: no space for [mem size 0x00080000 64bit pref]
[    2.788254] pci 0000:60:00.1: BAR 10: failed to assign [mem size 0x00080000 64bit pref]
[    2.788258] pci 0000:5f:03.0: PCI bridge to [bus 60]
[    2.788264] pci 0000:5f:03.0:   bridge window [mem 0xc5d00000-0xc5dfffff]
[    2.788273] pci 0000:5e:00.0: PCI bridge to [bus 5f-60]
[    2.788278] pci 0000:5e:00.0:   bridge window [mem 0xc5d00000-0xc5dfffff]
[    2.788283] pci 0000:5e:00.0:   bridge window [mem 0xc3000000-0xc50fffff 64bit pref]
[    2.788289] pci 0000:5d:00.0: PCI bridge to [bus 5e-60]
[    2.788294] pci 0000:5d:00.0:   bridge window [mem 0xc5c00000-0xc5efffff]
[    2.788298] pci 0000:5d:00.0:   bridge window [mem 0xc3000000-0xc50fffff 64bit pref]
[    2.788304] pci_bus 0000:5d: No. 3 try to assign unassigned res
[    2.788306] release child resource [mem 0xc5d00000-0xc5d7ffff pref]
[    2.788309] release child resource [mem 0xc5d80000-0xc5dfffff pref]
[    2.788311] pci 0000:5f:03.0: resource 14 [mem 0xc5d00000-0xc5dfffff] released
[    2.788314] pci 0000:5f:03.0: PCI bridge to [bus 60]
[    2.788320] pci 0000:5e:00.0: resource 15 [mem 0xc3000000-0xc50fffff 64bit pref] released
[    2.788322] pci 0000:5e:00.0: PCI bridge to [bus 5f-60]
[    2.788338] pci 0000:5e:00.0: BAR 15: no space for [mem size 0x03000000 64bit pref]
[    2.788341] pci 0000:5e:00.0: BAR 15: failed to assign [mem size 0x03000000 64bit pref]
[    2.788346] pci 0000:5f:03.0: BAR 15: no space for [mem size 0x03000000 64bit pref]
[    2.788349] pci 0000:5f:03.0: BAR 15: failed to assign [mem size 0x03000000 64bit pref]
[    2.788352] pci 0000:5f:03.0: BAR 14: assigned [mem 0xc5d00000-0xc5dfffff]
[    2.788360] pci 0000:60:00.0: BAR 0: no space for [mem size 0x01000000 64bit pref]
[    2.788363] pci 0000:60:00.0: BAR 0: failed to assign [mem size 0x01000000 64bit pref]
[    2.788367] pci 0000:60:00.1: BAR 0: no space for [mem size 0x01000000 64bit pref]
[    2.788370] pci 0000:60:00.1: BAR 0: failed to assign [mem size 0x01000000 64bit pref]
[    2.788373] pci 0000:60:00.0: BAR 6: assigned [mem 0xc5d00000-0xc5d7ffff pref]
[    2.788376] pci 0000:60:00.1: BAR 6: assigned [mem 0xc5d80000-0xc5dfffff pref]
[    2.788380] pci 0000:60:00.0: BAR 7: no space for [mem size 0x00400000 64bit pref]
[    2.788382] pci 0000:60:00.0: BAR 7: failed to assign [mem size 0x00400000 64bit pref]
[    2.788386] pci 0000:60:00.1: BAR 7: no space for [mem size 0x00400000 64bit pref]
[    2.788389] pci 0000:60:00.1: BAR 7: failed to assign [mem size 0x00400000 64bit pref]
[    2.788392] pci 0000:60:00.0: BAR 3: no space for [mem size 0x00008000 64bit pref]
[    2.788395] pci 0000:60:00.0: BAR 3: failed to assign [mem size 0x00008000 64bit pref]
[    2.788399] pci 0000:60:00.1: BAR 3: no space for [mem size 0x00008000 64bit pref]
[    2.788401] pci 0000:60:00.1: BAR 3: failed to assign [mem size 0x00008000 64bit pref]
[    2.788405] pci 0000:60:00.0: BAR 10: no space for [mem size 0x00080000 64bit pref]
[    2.788408] pci 0000:60:00.0: BAR 10: failed to assign [mem size 0x00080000 64bit pref]
[    2.788411] pci 0000:60:00.1: BAR 10: no space for [mem size 0x00080000 64bit pref]
[    2.788414] pci 0000:60:00.1: BAR 10: failed to assign [mem size 0x00080000 64bit pref]
[    2.788418] pci 0000:5f:03.0: PCI bridge to [bus 60]
[    2.788424] pci 0000:5f:03.0:   bridge window [mem 0xc5d00000-0xc5dfffff]
[    2.788433] pci 0000:5e:00.0: PCI bridge to [bus 5f-60]
[    2.788439] pci 0000:5e:00.0:   bridge window [mem 0xc5d00000-0xc5dfffff]
[    2.788447] pci 0000:5d:00.0: PCI bridge to [bus 5e-60]
[    2.788452] pci 0000:5d:00.0:   bridge window [mem 0xc5c00000-0xc5efffff]
[    2.788456] pci 0000:5d:00.0:   bridge window [mem 0xc3000000-0xc50fffff 64bit pref]
[    2.788462] pci_bus 0000:5d: No. 4 try to assign unassigned res
[    2.788464] release child resource [mem 0xc5d00000-0xc5d7ffff pref]
[    2.788466] release child resource [mem 0xc5d80000-0xc5dfffff pref]
[    2.788469] pci 0000:5f:03.0: resource 14 [mem 0xc5d00000-0xc5dfffff] released
[    2.788471] pci 0000:5f:03.0: PCI bridge to [bus 60]
[    2.788477] pci 0000:5e:00.0: resource 14 [mem 0xc5d00000-0xc5dfffff] released
[    2.788479] pci 0000:5e:00.0: PCI bridge to [bus 5f-60]
[    2.788485] pci 0000:5d:00.0: resource 15 [mem 0xc3000000-0xc50fffff 64bit pref] released
[    2.788487] pci 0000:5d:00.0: PCI bridge to [bus 5e-60]
[    2.788499] pci 0000:5f:03.0: bridge window [mem 0x00800000-0x037fffff 64bit pref] to [bus 60] add_size 1000000 add_align 800000
[    2.788503] pci 0000:5e:00.0: bridge window [mem 0x00800000-0x037fffff 64bit pref] to [bus 5f-60] add_size 1000000 add_align 800000
[    2.788506] pci 0000:5d:00.0: bridge window [mem 0x00800000-0x037fffff 64bit pref] to [bus 5e-60] add_size 1000000 add_align 800000
[    2.788513] pci 0000:5d:00.0: BAR 15: assigned [mem 0x38c000000000-0x38c003ffffff 64bit pref]
[    2.788519] pci 0000:5e:00.0: BAR 15: assigned [mem 0x38c000000000-0x38c003ffffff 64bit pref]
[    2.788522] pci 0000:5e:00.0: BAR 14: assigned [mem 0xc5d00000-0xc5dfffff]
[    2.788528] pci 0000:5f:03.0: BAR 15: assigned [mem 0x38c000000000-0x38c003ffffff 64bit pref]
[    2.788531] pci 0000:5f:03.0: BAR 14: assigned [mem 0xc5d00000-0xc5dfffff]
[    2.788543] pci 0000:60:00.0: BAR 0: assigned [mem 0x38c000000000-0x38c000ffffff 64bit pref]
[    2.788555] pci 0000:60:00.1: BAR 0: assigned [mem 0x38c001000000-0x38c001ffffff 64bit pref]
[    2.788567] pci 0000:60:00.0: BAR 6: assigned [mem 0xc5d00000-0xc5d7ffff pref]
[    2.788570] pci 0000:60:00.1: BAR 6: assigned [mem 0xc5d80000-0xc5dfffff pref]
[    2.788573] pci 0000:60:00.0: BAR 7: assigned [mem 0x38c002000000-0x38c0023fffff 64bit pref]
[    2.788579] pci 0000:60:00.1: BAR 7: assigned [mem 0x38c002400000-0x38c0027fffff 64bit pref]
[    2.788585] pci 0000:60:00.0: BAR 3: assigned [mem 0x38c002800000-0x38c002807fff 64bit pref]
[    2.788596] pci 0000:60:00.1: BAR 3: assigned [mem 0x38c002808000-0x38c00280ffff 64bit pref]
[    2.788608] pci 0000:60:00.0: BAR 10: assigned [mem 0x38c002810000-0x38c00288ffff 64bit pref]
[    2.788614] pci 0000:60:00.1: BAR 10: assigned [mem 0x38c002890000-0x38c00290ffff 64bit pref]
[    2.788623] pci 0000:5f:03.0: PCI bridge to [bus 60]
[    2.788628] pci 0000:5f:03.0:   bridge window [mem 0xc5d00000-0xc5dfffff]
[    2.788633] pci 0000:5f:03.0:   bridge window [mem 0x38c000000000-0x38c003ffffff 64bit pref]
[    2.788640] pci 0000:5e:00.0: PCI bridge to [bus 5f-60]
[    2.788646] pci 0000:5e:00.0:   bridge window [mem 0xc5d00000-0xc5dfffff]
[    2.788650] pci 0000:5e:00.0:   bridge window [mem 0x38c000000000-0x38c003ffffff 64bit pref]
[    2.788656] pci 0000:5d:00.0: PCI bridge to [bus 5e-60]
[    2.788661] pci 0000:5d:00.0:   bridge window [mem 0xc5c00000-0xc5efffff]
[    2.788665] pci 0000:5d:00.0:   bridge window [mem 0x38c000000000-0x38c003ffffff 64bit pref]
[    2.788672] pci_bus 0000:5d: resource 4 [io  0x8000-0x9fff window]
[    2.788674] pci_bus 0000:5d: resource 5 [mem 0xb8800000-0xc5ffbfff window]
[    2.788677] pci_bus 0000:5d: resource 6 [mem 0x38c000000000-0x38ffffffffff window]
[    2.788680] pci_bus 0000:5e: resource 1 [mem 0xc5c00000-0xc5efffff]
[    2.788682] pci_bus 0000:5e: resource 2 [mem 0x38c000000000-0x38c003ffffff 64bit pref]
[    2.788685] pci_bus 0000:5f: resource 1 [mem 0xc5d00000-0xc5dfffff]
[    2.788687] pci_bus 0000:5f: resource 2 [mem 0x38c000000000-0x38c003ffffff 64bit pref]
[    2.788690] pci_bus 0000:60: resource 1 [mem 0xc5d00000-0xc5dfffff]
[    2.788693] pci_bus 0000:60: resource 2 [mem 0x38c000000000-0x38c003ffffff 64bit pref]
[    2.788776] pci_bus 0000:80: resource 4 [io  0xa000-0xbfff window]
[    2.788779] pci_bus 0000:80: resource 5 [mem 0xc6000000-0xd37fbfff window]
[    2.788781] pci_bus 0000:80: resource 6 [mem 0x390000000000-0x393fffffffff window]
[    2.788826] pci_bus 0000:85: resource 4 [io  0xc000-0xdfff window]
[    2.788829] pci_bus 0000:85: resource 5 [mem 0xd3800000-0xe0ffbfff window]
[    2.788831] pci_bus 0000:85: resource 6 [mem 0x394000000000-0x397fffffffff window]
[    2.788897] pci_bus 0000:ae: resource 4 [io  0xe000-0xefff window]
[    2.788900] pci_bus 0000:ae: resource 5 [mem 0xe1000000-0xee7fbfff window]
[    2.788902] pci_bus 0000:ae: resource 6 [mem 0x398000000000-0x39bfffffffff window]
[    2.788947] pci_bus 0000:d7: resource 4 [io  0xf000-0xffff window]
[    2.788950] pci_bus 0000:d7: resource 5 [mem 0xee800000-0xfbffbfff window]
[    2.788952] pci_bus 0000:d7: resource 6 [mem 0x39c000000000-0x39ffffffffff window]
[    2.789103] NET: Registered protocol family 2
[    2.790217] tcp_listen_portaddr_hash hash table entries: 65536 (order: 10, 5767168 bytes)
[    2.792849] TCP established hash table entries: 524288 (order: 10, 4194304 bytes)
[    2.793800] TCP bind hash table entries: 65536 (order: 10, 5242880 bytes)
[    2.796044] TCP: Hash tables configured (established 524288 bind 65536)
[    2.797057] UDP hash table entries: 65536 (order: 11, 12582912 bytes)
[    2.802625] UDP-Lite hash table entries: 65536 (order: 11, 12582912 bytes)
[    2.807631] NET: Registered protocol family 1
[    2.807645] NET: Registered protocol family 44
[    2.823244] pci 0000:00:14.0: quirk_usb_early_handoff+0x0/0x6b0 took 15175 usecs
[    2.823298] pci 0000:03:00.0: Video device with shadowed ROM at [mem 0x000c0000-0x000dffff]
[    2.824285] PCI: CLS mismatch (64 != 32), using 64 bytes
[    2.824935] Unpacking initramfs...
[    4.093832] Freeing initrd memory: 61108K
[    4.107678] PCI-DMA: Using software bounce buffering for IO (SWIOTLB)
[    4.107681] software IO TLB: mapped [mem 0x66549000-0x6a549000] (64MB)
[    4.111932] check: Scanning for low memory corruption every 60 seconds
[    4.120186] Initialise system trusted keyrings
[    4.120265] Key type blacklist registered
[    4.120419] workingset: timestamp_bits=36 max_order=25 bucket_order=0
[    4.127859] zbud: loaded
[    4.130207] squashfs: version 4.0 (2009/01/31) Phillip Lougher
[    4.131001] fuse init (API version 7.29)
[    4.219854] Key type asymmetric registered
[    4.219867] Asymmetric key parser 'x509' registered
[    4.219888] Block layer SCSI generic (bsg) driver version 0.4 loaded (major 243)
[    4.220065] io scheduler mq-deadline registered
[    4.222442] pcieport 0000:00:1c.0: Signaling PME with IRQ 25
[    4.222615] pciehp 0000:00:1c.0:pcie004: Slot #0 AttnBtn- PwrCtrl- MRL- AttnInd- PwrInd- HotPlug+ Surprise+ Interlock- NoCompl+ LLActRep+
[    4.223654] pcieport 0000:00:1c.5: Signaling PME with IRQ 26
[    4.224224] pcieport 0000:17:00.0: Signaling PME with IRQ 27
[    4.225080] pcieport 0000:5d:00.0: Signaling PME with IRQ 29
[    4.226028] shpchp: Standard Hot Plug PCI Controller Driver version: 0.4
[    4.226617] vesafb: mode is 1280x1024x32, linelength=5120, pages=0
[    4.226620] vesafb: scrolling: redraw
[    4.226623] vesafb: Truecolor: size=8:8:8:8, shift=24:16:8:0
[    4.226648] vesafb: framebuffer at 0x9c000000, mapped to 0x000000007e085b2e, using 5120k, total 5120k
[    4.227041] Console: switching to colour frame buffer device 160x64
[    4.381478] fb0: VESA VGA frame buffer device
[    4.381521] intel_idle: MWAIT substates: 0x2020
[    4.381524] intel_idle: v0.4.1 model 0x55
[    4.384513] intel_idle: lapic_timer_reliable_states 0xffffffff
[    4.386047] input: Power Button as /devices/LNXSYSTM:00/LNXPWRBN:00/input/input0
[    4.386245] ACPI: Power Button [PWRF]
[    4.389678] ERST: Error Record Serialization Table (ERST) support is initialized.
[    4.389696] pstore: Registered erst as persistent store backend
[    4.390431] GHES: APEI firmware first mode is enabled by APEI bit and WHEA _OSC.
[    4.390985] Serial: 8250/16550 driver, 32 ports, IRQ sharing enabled
[    4.412161] 00:03: ttyS0 at I/O 0x3f8 (irq = 4, base_baud = 115200) is a 16550A
[    4.433720] 00:04: ttyS1 at I/O 0x2f8 (irq = 3, base_baud = 115200) is a 16550A
[    4.440623] Linux agpgart interface v0.103
[    4.460149] loop: module loaded
[    4.461703] libphy: Fixed MDIO Bus: probed
[    4.461706] tun: Universal TUN/TAP device driver, 1.6
[    4.461800] PPP generic driver version 2.4.2
[    4.461926] ehci_hcd: USB 2.0 'Enhanced' Host Controller (EHCI) Driver
[    4.461939] ehci-pci: EHCI PCI platform driver
[    4.462087] ehci-platform: EHCI generic platform driver
[    4.462115] ohci_hcd: USB 1.1 'Open' Host Controller (OHCI) Driver
[    4.462123] ohci-pci: OHCI PCI platform driver
[    4.462269] ohci-platform: OHCI generic platform driver
[    4.462294] uhci_hcd: USB Universal Host Controller Interface driver
[    4.463347] xhci_hcd 0000:00:14.0: xHCI Host Controller
[    4.463431] xhci_hcd 0000:00:14.0: new USB bus registered, assigned bus number 1
[    4.464627] xhci_hcd 0000:00:14.0: hcc params 0x200077c1 hci version 0x100 quirks 0x0000000000009810
[    4.464635] xhci_hcd 0000:00:14.0: cache line size of 64 is not supported
[    4.465622] usb usb1: New USB device found, idVendor=1d6b, idProduct=0002, bcdDevice= 5.01
[    4.465629] usb usb1: New USB device strings: Mfr=3, Product=2, SerialNumber=1
[    4.465632] usb usb1: Product: xHCI Host Controller
[    4.465635] usb usb1: Manufacturer: Linux 5.1.18 xhci-hcd
[    4.465638] usb usb1: SerialNumber: 0000:00:14.0
[    4.466221] hub 1-0:1.0: USB hub found
[    4.466287] hub 1-0:1.0: 16 ports detected
[    4.473423] xhci_hcd 0000:00:14.0: xHCI Host Controller
[    4.473449] xhci_hcd 0000:00:14.0: new USB bus registered, assigned bus number 2
[    4.473456] xhci_hcd 0000:00:14.0: Host supports USB 3.0 SuperSpeed
[    4.473641] usb usb2: New USB device found, idVendor=1d6b, idProduct=0003, bcdDevice= 5.01
[    4.473646] usb usb2: New USB device strings: Mfr=3, Product=2, SerialNumber=1
[    4.473648] usb usb2: Product: xHCI Host Controller
[    4.473651] usb usb2: Manufacturer: Linux 5.1.18 xhci-hcd
[    4.473653] usb usb2: SerialNumber: 0000:00:14.0
[    4.474210] hub 2-0:1.0: USB hub found
[    4.474270] hub 2-0:1.0: 10 ports detected
[    4.475147] usb: port power management may be unreliable
[    4.478780] i8042: PNP: No PS/2 controller found.
[    4.479032] mousedev: PS/2 mouse device common for all mice
[    4.479438] rtc_cmos 00:00: RTC can wake from S4
[    4.479905] rtc_cmos 00:00: registered as rtc0
[    4.479987] rtc_cmos 00:00: alarms up to one month, y3k, 114 bytes nvram, hpet irqs
[    4.480008] i2c /dev entries driver
[    4.480156] device-mapper: uevent: version 1.0.3
[    4.480366] device-mapper: ioctl: 4.40.0-ioctl (2019-01-18) initialised: dm-devel@redhat.com
[    4.480429] platform eisa.0: Probing EISA bus 0
[    4.480433] platform eisa.0: EISA: Cannot allocate resource for mainboard
[    4.480437] platform eisa.0: Cannot allocate resource for EISA slot 1
[    4.480440] platform eisa.0: Cannot allocate resource for EISA slot 2
[    4.480443] platform eisa.0: Cannot allocate resource for EISA slot 3
[    4.480447] platform eisa.0: Cannot allocate resource for EISA slot 4
[    4.480450] platform eisa.0: Cannot allocate resource for EISA slot 5
[    4.480453] platform eisa.0: Cannot allocate resource for EISA slot 6
[    4.480456] platform eisa.0: Cannot allocate resource for EISA slot 7
[    4.480459] platform eisa.0: Cannot allocate resource for EISA slot 8
[    4.480462] platform eisa.0: EISA: Detected 0 cards
[    4.480472] intel_pstate: Intel P-state driver initializing
[    4.491857] ledtrig-cpu: registered to indicate activity on CPUs
[    4.492799] NET: Registered protocol family 10
[    4.503819] Segment Routing with IPv6
[    4.503847] NET: Registered protocol family 17
[    4.503993] Key type dns_resolver registered
[    4.508198] mce: Using 20 MCE banks
[    4.508241] RAS: Correctable Errors collector initialized.
[    4.508385] microcode: sig=0x50654, pf=0x1, revision=0x2000064
[    4.509395] microcode: Microcode Update Driver: v2.2.
[    4.511068] resctrl: MB allocation detected
[    4.511092] sched_clock: Marking stable (4513052623, -2023968)->(4628460218, -117431563)
[    4.511693] registered taskstats version 1
[    4.511721] Loading compiled-in X.509 certificates
[    4.514182] Loaded X.509 cert 'Build time autogenerated kernel key: 7315b0a7db529c5b306f8dab1d99d61ec037e94f'
[    4.514280] zswap: loaded using pool lzo/zbud
[    4.514747] pstore: Using crash dump compression: deflate
[    4.524907] Key type big_key registered
[    4.529699] Key type encrypted registered
[    4.529704] AppArmor: AppArmor sha1 policy hashing enabled
[    4.529733] ima: No TPM chip found, activating TPM-bypass!
[    4.529742] ima: Allocated hash algorithm: sha1
[    4.529760] No architecture policies found
[    4.529800] evm: Initialising EVM extended attributes:
[    4.529801] evm: security.selinux
[    4.529802] evm: security.SMACK64
[    4.529804] evm: security.SMACK64EXEC
[    4.529805] evm: security.SMACK64TRANSMUTE
[    4.529807] evm: security.SMACK64MMAP
[    4.529808] evm: security.apparmor
[    4.529809] evm: security.ima
[    4.529811] evm: security.capability
[    4.529812] evm: HMAC attrs: 0x1
[    4.532613] PM:   Magic number: 4:813:629
[    4.532711] acpi device:191: hash matches
[    4.533002] rtc_cmos 00:00: setting system clock to 2020-05-01T11:36:06 UTC (1588332966)
[    4.538019] Freeing unused decrypted memory: 2040K
[    4.539609] Freeing unused kernel image memory: 4332K
[    4.579599] Write protecting the kernel read-only data: 22528k
[    4.581270] Freeing unused kernel image memory: 2012K
[    4.582082] Freeing unused kernel image memory: 1680K
[    4.590979] x86/mm: Checked W+X mappings: passed, no W+X pages found.
[    4.590981] x86/mm: Checking user space page tables
[    4.599163] x86/mm: Checked W+X mappings: passed, no W+X pages found.
[    4.599167] Run /init as init process
[    4.811493] usb 1-7: new high-speed USB device number 2 using xhci_hcd
[    4.959999] usb 1-7: New USB device found, idVendor=0557, idProduct=7000, bcdDevice= 0.00
[    4.960008] usb 1-7: New USB device strings: Mfr=0, Product=0, SerialNumber=0
[    4.961454] hub 1-7:1.0: USB hub found
[    4.961656] hub 1-7:1.0: 4 ports detected
[    5.046453] i801_smbus 0000:00:1f.4: enabling device (0001 -> 0003)
[    5.046874] i801_smbus 0000:00:1f.4: SPD Write Disable is set
[    5.046975] i801_smbus 0000:00:1f.4: SMBus using PCI interrupt
[    5.049559] i40e: Intel(R) Ethernet Connection XL710 Network Driver - version 2.8.10-k
[    5.049562] i40e: Copyright (c) 2013 - 2014 Intel Corporation.
[    5.058983] ahci 0000:00:11.5: version 3.0
[    5.059721] ahci 0000:00:11.5: AHCI 0001.0301 32 slots 2 ports 6 Gbps 0x3 impl SATA mode
[    5.059725] ahci 0000:00:11.5: flags: 64bit ncq sntf led clo only pio slum part ems deso sadm sds apst 
[    5.065343] i40e 0000:60:00.0: fw 3.1.55727 api 1.5 nvm 3.31 0x80000cd9 1.1638.0
[    5.069039] i40e 0000:60:00.0: MAC address: ac:1f:6b:70:01:28
[    5.072900] scsi host0: ahci
[    5.073707] scsi host1: ahci
[    5.073900] ata1: SATA max UDMA/133 abar m524288@0x9d180000 port 0x9d180100 irq 33
[    5.073902] ata2: SATA max UDMA/133 abar m524288@0x9d180000 port 0x9d180180 irq 33
[    5.084966] i40e 0000:60:00.0 eth0: NIC Link is Up, 1000 Mbps Full Duplex, Flow Control: None
[    5.086260] mlx5_core 0000:18:00.0: firmware version: 12.26.4012
[    5.086293] mlx5_core 0000:18:00.0: 63.008 Gb/s available PCIe bandwidth (8 GT/s x8 link)
[    5.098574] i40e 0000:60:00.0: Added LAN device PF0 bus=0x60 dev=0x00 func=0x00
[    5.099102] i40e 0000:60:00.0: Features: PF-id[0] VFs: 32 VSIs: 34 QP: 20 RSS FD_ATR FD_SB NTUPLE DCB VxLAN Geneve PTP VEPA
[    5.102262] checking generic (9c000000 500000) vs hw (9c000000 1000000)
[    5.102267] fb0: switching to astdrmfb from VESA VGA
[    5.102385] Console: switching to colour dummy device 80x25
[    5.103245] ahci 0000:00:17.0: AHCI 0001.0301 32 slots 8 ports 6 Gbps 0xff impl SATA mode
[    5.103249] ahci 0000:00:17.0: flags: 64bit ncq sntf led clo only pio slum part ems deso sadm sds apst 
[    5.104924] [drm] Using P2A bridge for configuration
[    5.104932] [drm] AST 2500 detected
[    5.104939] [drm] Analog VGA only
[    5.104953] [drm] dram MCLK=800 Mhz type=7 bus_width=16 size=00f00000
[    5.105256] [TTM] Zone  kernel: Available graphics memory: 48783660 kiB
[    5.105263] [TTM] Zone   dma32: Available graphics memory: 2097152 kiB
[    5.105265] [TTM] Initializing pool allocator
[    5.105285] [TTM] Initializing DMA pool allocator
[    5.131657] tsc: Refined TSC clocksource calibration: 2199.999 MHz
[    5.131678] clocksource: tsc: mask: 0xffffffffffffffff max_cycles: 0x1fb631c647b, max_idle_ns: 440795226700 ns
[    5.211263] clocksource: Switched to clocksource tsc
[    5.311481] usb 1-7.1: new low-speed USB device number 3 using xhci_hcd
[    5.390783] ata2: SATA link down (SStatus 0 SControl 300)
[    5.390911] ata1: SATA link down (SStatus 0 SControl 300)
[    5.440168] usb 1-7.1: New USB device found, idVendor=0557, idProduct=2419, bcdDevice= 1.00
[    5.440171] usb 1-7.1: New USB device strings: Mfr=0, Product=0, SerialNumber=0
[    5.449000] hidraw: raw HID events driver (C) Jiri Kosina
[    5.453096] usbcore: registered new interface driver usbhid
[    5.453098] usbhid: USB HID core driver
[    5.627087] input: HID 0557:2419 as /devices/pci0000:00/0000:00:14.0/usb1/1-7/1-7.1/1-7.1:1.0/0003:0557:2419.0001/input/input1
[    5.634321] fbcon: astdrmfb (fb0) is primary device
[    5.634385] scsi host2: ahci
[    5.634842] scsi host3: ahci
[    5.635439] scsi host4: ahci
[    5.644078] scsi host5: ahci
[    5.644446] scsi host6: ahci
[    5.644842] scsi host7: ahci
[    5.645136] scsi host8: ahci
[    5.645433] scsi host9: ahci
[    5.645605] ata3: SATA max UDMA/133 abar m524288@0x9d100000 port 0x9d100100 irq 118
[    5.645607] ata4: SATA max UDMA/133 abar m524288@0x9d100000 port 0x9d100180 irq 118
[    5.645608] ata5: SATA max UDMA/133 abar m524288@0x9d100000 port 0x9d100200 irq 118
[    5.645610] ata6: SATA max UDMA/133 abar m524288@0x9d100000 port 0x9d100280 irq 118
[    5.645612] ata7: SATA max UDMA/133 abar m524288@0x9d100000 port 0x9d100300 irq 118
[    5.645614] ata8: SATA max UDMA/133 abar m524288@0x9d100000 port 0x9d100380 irq 118
[    5.645616] ata9: SATA max UDMA/133 abar m524288@0x9d100000 port 0x9d100400 irq 118
[    5.645618] ata10: SATA max UDMA/133 abar m524288@0x9d100000 port 0x9d100480 irq 118
[    5.662263] Console: switching to colour frame buffer device 128x48
[    5.671567] ast 0000:03:00.0: fb0: astdrmfb frame buffer device
[    5.689105] hid-generic 0003:0557:2419.0001: input,hidraw0: USB HID v1.00 Keyboard [HID 0557:2419] on usb-0000:00:14.0-7.1/input0
[    5.690112] input: HID 0557:2419 as /devices/pci0000:00/0000:00:14.0/usb1/1-7/1-7.1/1-7.1:1.1/0003:0557:2419.0002/input/input2
[    5.691125] hid-generic 0003:0557:2419.0002: input,hidraw1: USB HID v1.00 Mouse [HID 0557:2419] on usb-0000:00:14.0-7.1/input1
[    5.807466] [drm] Initialized ast 0.1.0 20120228 for 0000:03:00.0 on minor 0
[    5.957758] ata6: SATA link down (SStatus 0 SControl 300)
[    5.958588] ata5: SATA link down (SStatus 0 SControl 300)
[    5.958621] ata3: SATA link up 6.0 Gbps (SStatus 133 SControl 300)
[    5.958981] ata4: SATA link down (SStatus 0 SControl 300)
[    5.962502] ata8: SATA link down (SStatus 0 SControl 300)
[    5.962595] ata9: SATA link down (SStatus 0 SControl 300)
[    5.962689] ata10: SATA link down (SStatus 0 SControl 300)
[    5.962900] ata7: SATA link down (SStatus 0 SControl 300)
[    5.966448] ata3.00: ATA-9: VIVA300sPro LITE, Q0816C0, max UDMA/133
[    5.966451] ata3.00: 500118192 sectors, multi 1: LBA48 NCQ (depth 32), AA
[    5.978542] ata3.00: configured for UDMA/133
[    5.979567] scsi 2:0:0:0: Direct-Access     ATA      VIVA300sPro LITE 6C0  PQ: 0 ANSI: 5
[    5.980769] sd 2:0:0:0: [sda] 500118192 512-byte logical blocks: (256 GB/238 GiB)
[    5.980794] sd 2:0:0:0: [sda] Write Protect is off
[    5.980796] sd 2:0:0:0: [sda] Mode Sense: 00 3a 00 00
[    5.980822] sd 2:0:0:0: [sda] Write cache: enabled, read cache: enabled, doesn't support DPO or FUA
[    5.981285] sd 2:0:0:0: Attached scsi generic sg0 type 0
[    5.983374]  sda: sda1 sda2 < sda5 sda6 >
[    5.985665] sd 2:0:0:0: [sda] Attached SCSI disk
[    6.099508] i40e 0000:60:00.1: fw 3.1.55727 api 1.5 nvm 3.31 0x80000cd9 1.1638.0
[    6.102855] i40e 0000:60:00.1: MAC address: ac:1f:6b:70:01:29
[    6.116033] i40e 0000:60:00.1: Added LAN device PF1 bus=0x60 dev=0x00 func=0x01
[    6.116556] i40e 0000:60:00.1: Features: PF-id[1] VFs: 32 VSIs: 34 QP: 20 RSS FD_ATR FD_SB NTUPLE DCB VxLAN Geneve PTP VEPA
[    6.119785] i40e 0000:60:00.0 eno1: renamed from eth0
[    6.417093] i40e 0000:60:00.1 eno2: renamed from eth1
[    7.997509] mlx5_core 0000:18:00.0: Port module event: module 0, Cable plugged
[    8.137765] mlx5_core 0000:18:00.1: firmware version: 12.26.4012
[    8.137808] mlx5_core 0000:18:00.1: 63.008 Gb/s available PCIe bandwidth (8 GT/s x8 link)
[    9.009760] mlx5_core 0000:18:00.1: Port module event: module 1, Cable plugged
[    9.148626] mlx5_ib: Mellanox Connect-IB Infiniband driver v5.0-0
[    9.494970] EXT4-fs (sda5): mounted filesystem with ordered data mode. Opts: (null)
[    9.779635] systemd[1]: systemd 237 running in system mode. (+PAM +AUDIT +SELINUX +IMA +APPARMOR +SMACK +SYSVINIT +UTMP +LIBCRYPTSETUP +GCRYPT +GNUTLS +ACL +XZ +LZ4 +SECCOMP +BLKID +ELFUTILS +KMOD -IDN2 +IDN -PCRE2 default-hierarchy=hybrid)
[    9.800441] systemd[1]: Detected architecture x86-64.
[    9.806477] systemd[1]: Set hostname to <tigris06>.
[    9.999713] systemd[1]: Set up automount Arbitrary Executable File Formats File System Automount Point.
[    9.999810] systemd[1]: Reached target User and Group Name Lookups.
[   10.003651] systemd[1]: Created slice User and Session Slice.
[   10.003824] systemd[1]: Started Forward Password Requests to Wall Directory Watch.
[   10.004938] systemd[1]: Created slice System Slice.
[   10.005127] systemd[1]: Listening on fsck to fsckd communication Socket.
[   10.005141] systemd[1]: Reached target Slices.
[   10.053317] EXT4-fs (sda5): re-mounted. Opts: errors=remount-ro
[   10.067117] RPC: Registered named UNIX socket transport module.
[   10.067125] RPC: Registered udp transport module.
[   10.067127] RPC: Registered tcp transport module.
[   10.067129] RPC: Registered tcp NFSv4.1 backchannel transport module.
[   10.070913] lp: driver loaded but no devices found
[   10.075054] ppdev: user-space parallel port driver
[   10.149759] Installing knfsd (copyright (C) 1996 okir@monad.swb.de).
[   10.780532] systemd-journald[552]: Received request to flush runtime journal from PID 1
[   10.793283] systemd-journald[552]: File /var/log/journal/21b6248da07844f0b8035e485fb12b18/system.journal corrupted or uncleanly shut down, renaming and replacing.
[   11.128627] IPMI message handler: version 39.2
[   11.131287] ipmi device interface
[   11.135261] ipmi_si: IPMI System Interface driver
[   11.135363] ipmi_si dmi-ipmi-si.0: ipmi_platform: probing via SMBIOS
[   11.135367] ipmi_platform: ipmi_si: SMBIOS: io 0xca2 regsize 1 spacing 1 irq 0
[   11.135404] ipmi_si: Adding SMBIOS-specified kcs state machine
[   11.135523] ipmi_si IPI0001:00: ipmi_platform: probing via ACPI
[   11.135787] ipmi_si IPI0001:00: ipmi_platform: [io  0x0ca2] regsize 1 spacing 1 irq 0
[   11.135791] ipmi_si dmi-ipmi-si.0: Removing SMBIOS-specified kcs state machine in favor of ACPI
[   11.135794] ipmi_si: Adding ACPI-specified kcs state machine
[   11.136341] ipmi_si: Trying ACPI-specified kcs state machine at i/o address 0xca2, slave address 0x20, irq 0
[   11.260027] dca service started, version 1.12.1
[   11.261176] lpc_ich 0000:00:1f.0: I/O space for ACPI uninitialized
[   11.261180] lpc_ich 0000:00:1f.0: No MFD cells added
[   11.263985] ioatdma: Intel(R) QuickData Technology Driver 5.00
[   11.403098] nd_pmem namespace0.0: unable to guarantee persistence of writes
[   11.443447] ipmi_si IPI0001:00: The BMC does not support clearing the recv irq bit, compensating, but the BMC needs to be fixed.
[   11.456299] RAPL PMU: API unit is 2^-32 Joules, 3 fixed counters, 655360 ms ovfl timer
[   11.456303] RAPL PMU: hw unit of domain pp0-core 2^-14 Joules
[   11.456305] RAPL PMU: hw unit of domain package 2^-14 Joules
[   11.456307] RAPL PMU: hw unit of domain dram 2^-16 Joules
[   11.514303] ipmi_si IPI0001:00: IPMI message handler: Found new BMC (man_id: 0x002a7c, prod_id: 0x0968, dev_id: 0x20)
[   11.520314] ipmi_si IPI0001:00: IPMI kcs interface initialized
[   11.522703] ipmi_ssif: IPMI SSIF Interface driver
[   11.565961] cryptd: max_cpu_qlen set to 1000
[   11.578801] AVX2 version of gcm_enc/dec engaged.
[   11.578804] AES CTR mode by8 optimization enabled
[   11.815583] namespace0.0 initialised, 8650752 pages in 140ms
[   11.816993] pmem0: detected capacity change from 0 to 35433480192
[   11.823496] mei mei::55213584-9a29-4916-badf-0fb7ed682aeb:01: Could not read FW version
[   11.823634] mei mei::55213584-9a29-4916-badf-0fb7ed682aeb:01: FW version command failed -5
[   11.929092] EDAC MC0: Giving out device to module skx_edac controller Skylake Socket#0 IMC#0: DEV 0000:3a:0a.0 (INTERRUPT)
[   11.929211] EDAC MC1: Giving out device to module skx_edac controller Skylake Socket#0 IMC#1: DEV 0000:3a:0c.0 (INTERRUPT)
[   11.929338] EDAC MC2: Giving out device to module skx_edac controller Skylake Socket#1 IMC#0: DEV 0000:ae:0a.0 (INTERRUPT)
[   11.929431] EDAC MC3: Giving out device to module skx_edac controller Skylake Socket#1 IMC#1: DEV 0000:ae:0c.0 (INTERRUPT)
[   11.931898] intel_rapl: Found RAPL domain package
[   11.931928] intel_rapl: Found RAPL domain dram
[   11.931933] intel_rapl: DRAM domain energy unit 15300pj
[   11.932818] intel_rapl: Found RAPL domain package
[   11.932827] intel_rapl: Found RAPL domain dram
[   11.932832] intel_rapl: DRAM domain energy unit 15300pj
[   12.111642] power_meter ACPI000D:00: Found ACPI power meter.
[   12.111710] power_meter ACPI000D:00: hwmon_device_register() is deprecated. Please convert the driver to use hwmon_device_register_with_info().
[   12.159464] Adding 68904956k swap on /dev/sda6.  Priority:-2 extents:1 across:68904956k SSFS
[   12.200516] EXT4-fs (sda1): mounted filesystem with ordered data mode. Opts: (null)
[   12.390827] audit: type=1400 audit(1588332974.354:2): apparmor="STATUS" operation="profile_load" profile="unconfined" name="libreoffice-xpdfimport" pid=1083 comm="apparmor_parser"
[   12.390839] audit: type=1400 audit(1588332974.354:3): apparmor="STATUS" operation="profile_load" profile="unconfined" name="libreoffice-oopslash" pid=1080 comm="apparmor_parser"
