[    0.000000] microcode: microcode updated early to revision 0x2000064, date = 2019-07-31
[    0.000000] Linux version 5.1.18 (root@tigris06) (gcc version 7.4.0 (Ubuntu 7.4.0-1ubuntu1~18.04.1)) #1 SMP Tue Jan 7 15:34:10 KST 2020
[    0.000000] Command line: BOOT_IMAGE=/vmlinuz-5.1.18 root=UUID=5038c2c1-500c-4617-bfaa-9474e58fbfb3 ro quiet splash memmap=32G!80G isolcpus=13 isolcpus=14 isolcpus=15 vt.handoff=1
[    0.000000] KERNEL supported cpus:
[    0.000000]   Intel GenuineIntel
[    0.000000]   AMD AuthenticAMD
[    0.000000]   Hygon HygonGenuine
[    0.000000]   Centaur CentaurHauls
[    0.000000] x86/fpu: Supporting XSAVE feature 0x001: 'x87 floating point registers'
[    0.000000] x86/fpu: Supporting XSAVE feature 0x002: 'SSE registers'
[    0.000000] x86/fpu: Supporting XSAVE feature 0x004: 'AVX registers'
[    0.000000] x86/fpu: Supporting XSAVE feature 0x008: 'MPX bounds registers'
[    0.000000] x86/fpu: Supporting XSAVE feature 0x010: 'MPX CSR'
[    0.000000] x86/fpu: Supporting XSAVE feature 0x020: 'AVX-512 opmask'
[    0.000000] x86/fpu: Supporting XSAVE feature 0x040: 'AVX-512 Hi256'
[    0.000000] x86/fpu: Supporting XSAVE feature 0x080: 'AVX-512 ZMM_Hi256'
[    0.000000] x86/fpu: Supporting XSAVE feature 0x200: 'Protection Keys User registers'
[    0.000000] x86/fpu: xstate_offset[2]:  576, xstate_sizes[2]:  256
[    0.000000] x86/fpu: xstate_offset[3]:  832, xstate_sizes[3]:   64
[    0.000000] x86/fpu: xstate_offset[4]:  896, xstate_sizes[4]:   64
[    0.000000] x86/fpu: xstate_offset[5]:  960, xstate_sizes[5]:   64
[    0.000000] x86/fpu: xstate_offset[6]: 1024, xstate_sizes[6]:  512
[    0.000000] x86/fpu: xstate_offset[7]: 1536, xstate_sizes[7]: 1024
[    0.000000] x86/fpu: xstate_offset[9]: 2560, xstate_sizes[9]:    8
[    0.000000] x86/fpu: Enabled xstate features 0x2ff, context size is 2568 bytes, using 'compacted' format.
[    0.000000] BIOS-provided physical RAM map:
[    0.000000] BIOS-e820: [mem 0x0000000000000000-0x00000000000997ff] usable
[    0.000000] BIOS-e820: [mem 0x0000000000099800-0x000000000009ffff] reserved
[    0.000000] BIOS-e820: [mem 0x00000000000e0000-0x00000000000fffff] reserved
[    0.000000] BIOS-e820: [mem 0x0000000000100000-0x000000006a548fff] usable
[    0.000000] BIOS-e820: [mem 0x000000006a549000-0x000000006c648fff] reserved
[    0.000000] BIOS-e820: [mem 0x000000006c649000-0x000000006c753fff] usable
[    0.000000] BIOS-e820: [mem 0x000000006c754000-0x000000006d2a0fff] ACPI NVS
[    0.000000] BIOS-e820: [mem 0x000000006d2a1000-0x000000006f31bfff] reserved
[    0.000000] BIOS-e820: [mem 0x000000006f31c000-0x000000006f7fffff] usable
[    0.000000] BIOS-e820: [mem 0x000000006f800000-0x000000008fffffff] reserved
[    0.000000] BIOS-e820: [mem 0x00000000fd000000-0x00000000fe7fffff] reserved
[    0.000000] BIOS-e820: [mem 0x00000000fed20000-0x00000000fed44fff] reserved
[    0.000000] BIOS-e820: [mem 0x00000000ff000000-0x00000000ffffffff] reserved
[    0.000000] BIOS-e820: [mem 0x0000000100000000-0x000000207fffffff] usable
[    0.000000] NX (Execute Disable) protection: active
[    0.000000] user-defined physical RAM map:
[    0.000000] user: [mem 0x0000000000000000-0x00000000000997ff] usable
[    0.000000] user: [mem 0x0000000000099800-0x000000000009ffff] reserved
[    0.000000] user: [mem 0x00000000000e0000-0x00000000000fffff] reserved
[    0.000000] user: [mem 0x0000000000100000-0x000000006a548fff] usable
[    0.000000] user: [mem 0x000000006a549000-0x000000006c648fff] reserved
[    0.000000] user: [mem 0x000000006c649000-0x000000006c753fff] usable
[    0.000000] user: [mem 0x000000006c754000-0x000000006d2a0fff] ACPI NVS
[    0.000000] user: [mem 0x000000006d2a1000-0x000000006f31bfff] reserved
[    0.000000] user: [mem 0x000000006f31c000-0x000000006f7fffff] usable
[    0.000000] user: [mem 0x000000006f800000-0x000000008fffffff] reserved
[    0.000000] user: [mem 0x00000000fd000000-0x00000000fe7fffff] reserved
[    0.000000] user: [mem 0x00000000fed20000-0x00000000fed44fff] reserved
[    0.000000] user: [mem 0x00000000ff000000-0x00000000ffffffff] reserved
[    0.000000] user: [mem 0x0000000100000000-0x00000013ffffffff] usable
[    0.000000] user: [mem 0x0000001400000000-0x0000001bffffffff] persistent (type 12)
[    0.000000] user: [mem 0x0000001c00000000-0x000000207fffffff] usable
[    0.000000] SMBIOS 3.1.1 present.
[    0.000000] DMI: Supermicro Super Server/X11DPL-i, BIOS 2.1 06/15/2018
[    0.000000] tsc: Detected 2200.000 MHz processor
[    0.001686] e820: update [mem 0x00000000-0x00000fff] usable ==> reserved
[    0.001687] e820: remove [mem 0x000a0000-0x000fffff] usable
[    0.001694] last_pfn = 0x2080000 max_arch_pfn = 0x400000000
[    0.001699] MTRR default type: uncachable
[    0.001700] MTRR fixed ranges enabled:
[    0.001701]   00000-9FFFF write-back
[    0.001702]   A0000-BFFFF uncachable
[    0.001703]   C0000-FFFFF write-protect
[    0.001703] MTRR variable ranges enabled:
[    0.001705]   0 base 000000000000 mask 3FE000000000 write-back
[    0.001706]   1 base 002000000000 mask 3FFF80000000 write-back
[    0.001707]   2 base 000080000000 mask 3FFF80000000 uncachable
[    0.001708]   3 base 00007F000000 mask 3FFFFF000000 uncachable
[    0.001709]   4 disabled
[    0.001709]   5 disabled
[    0.001710]   6 disabled
[    0.001710]   7 disabled
[    0.001711]   8 disabled
[    0.001711]   9 disabled
[    0.004549] x86/PAT: Configuration [0-7]: WB  WC  UC- UC  WB  WP  UC- WT  
[    0.004842] total RAM covered: 131056M
[    0.005447] Found optimal setting for mtrr clean up
[    0.005449]  gran_size: 64K 	chunk_size: 32M 	num_reg: 8  	lose cover RAM: 0G
[    0.008250] e820: update [mem 0x7f000000-0xffffffff] usable ==> reserved
[    0.008257] last_pfn = 0x6f800 max_arch_pfn = 0x400000000
[    0.017918] check: Scanning 1 areas for low memory corruption
[    0.017924] Using GB pages for direct mapping
[    0.017927] BRK [0x13e7801000, 0x13e7801fff] PGTABLE
[    0.017930] BRK [0x13e7802000, 0x13e7802fff] PGTABLE
[    0.017931] BRK [0x13e7803000, 0x13e7803fff] PGTABLE
[    0.017969] BRK [0x13e7804000, 0x13e7804fff] PGTABLE
[    0.018051] BRK [0x13e7805000, 0x13e7805fff] PGTABLE
[    0.018086] BRK [0x13e7806000, 0x13e7806fff] PGTABLE
[    0.018132] BRK [0x13e7807000, 0x13e7807fff] PGTABLE
[    0.018176] BRK [0x13e7808000, 0x13e7808fff] PGTABLE
[    0.018265] RAMDISK: [mem 0x30bed000-0x345edfff]
[    0.018273] ACPI: Early table checksum verification disabled
[    0.018323] ACPI: RSDP 0x00000000000F05B0 000024 (v02 SUPERM)
[    0.018326] ACPI: XSDT 0x000000006C7540C8 00010C (v01 SUPERM SUPERM   01072009 AMI  00010013)
[    0.018334] ACPI: FACP 0x000000006C79CA48 000114 (v06 SUPERM SMCI--MB 01072009 INTL 20091013)
[    0.018340] ACPI: DSDT 0x000000006C754268 0487D9 (v02 SUPERM SMCI--MB 01072009 INTL 20091013)
[    0.018343] ACPI: FACS 0x000000006D29F080 000040
[    0.018345] ACPI: FPDT 0x000000006C79CB60 000044 (v01                 01072009 AMI  00010013)
[    0.018348] ACPI: FIDT 0x000000006C79CBA8 00009C (v01 SUPERM SMCI--MB 01072009 AMI  00010013)
[    0.018351] ACPI: SPMI 0x000000006C79CC48 000041 (v05 SUPERM SMCI--MB 00000000 AMI. 00000000)
[    0.018354] ACPI: UEFI 0x000000006C79CC90 00005C (v01 INTEL  RstUefiV 00000000      00000000)
[    0.018357] ACPI: UEFI 0x000000006C79CCF0 000042 (v01 SUPERM SMCI--MB 01072009      01000013)
[    0.018359] ACPI: MCFG 0x000000006C79CD38 00003C (v01 SUPERM SMCI--MB 01072009 MSFT 00000097)
[    0.018362] ACPI: HPET 0x000000006C79CD78 000038 (v01 SUPERM SMCI--MB 00000001 INTL 20091013)
[    0.018364] ACPI: APIC 0x000000006C79CDB0 0016DE (v03 SUPERM SMCI--MB 00000000 INTL 20091013)
[    0.018367] ACPI: MIGT 0x000000006C79E490 000040 (v01 SUPERM SMCI--MB 00000000 INTL 20091013)
[    0.018370] ACPI: MSCT 0x000000006C79E4D0 000090 (v01 SUPERM SMCI--MB 00000001 INTL 20091013)
[    0.018373] ACPI: NFIT 0x000000006C79E560 018028 (v01                 00000000      00000000)
[    0.018376] ACPI: PCAT 0x000000006C7B6588 000048 (v01 SUPERM SMCI--MB 00000002 INTL 20091013)
[    0.018378] ACPI: PCCT 0x000000006C7B65D0 00006E (v01 SUPERM SMCI--MB 00000002 INTL 20091013)
[    0.018381] ACPI: RASF 0x000000006C7B6640 000030 (v01 SUPERM SMCI--MB 00000001 INTL 20091013)
[    0.018384] ACPI: SLIT 0x000000006C7B6670 000030 (v01 SUPERM SMCI--MB 00000001 INTL 20091013)
[    0.018386] ACPI: SRAT 0x000000006C7B66A0 002830 (v03 SUPERM SMCI--MB 00000002 INTL 20091013)
[    0.018389] ACPI: SVOS 0x000000006C7B8ED0 000032 (v01 SUPERM SMCI--MB 00000000 INTL 20091013)
[    0.018392] ACPI: WDDT 0x000000006C7B8F08 000040 (v01 SUPERM SMCI--MB 00000000 INTL 20091013)
[    0.018395] ACPI: OEM4 0x000000006C7B8F48 0A27C4 (v02 INTEL  CPU  CST 00003000 INTL 20140828)
[    0.018397] ACPI: OEM1 0x000000006C85B710 02A2C4 (v02 INTEL  CPU EIST 00003000 INTL 20140828)
[    0.018400] ACPI: SSDT 0x000000006C8859D8 033990 (v02 INTEL  SSDT  PM 00004000 INTL 20140828)
[    0.018403] ACPI: SSDT 0x000000006C8B9368 00065B (v02 SUPERM SMCI--MB 00000000 INTL 20091013)
[    0.018406] ACPI: SSDT 0x000000006C8B99C8 002AF6 (v02 INTEL  SpsNm    00000002 INTL 20140828)
[    0.018408] ACPI: DMAR 0x000000006C8BC4C0 000228 (v01 SUPERM SMCI--MB 00000001 INTL 20091013)
[    0.018411] ACPI: HEST 0x000000006C8BC6E8 0000A8 (v01 SUPERM SMCI--MB 00000001 INTL 00000001)
[    0.018414] ACPI: BERT 0x000000006C8BC790 000030 (v01 SUPERM SMCI--MB 00000001 INTL 00000001)
[    0.018417] ACPI: ERST 0x000000006C8BC7C0 000230 (v01 SUPERM SMCI--MB 00000001 INTL 00000001)
[    0.018419] ACPI: EINJ 0x000000006C8BC9F0 000150 (v01 SUPERM SMCI--MB 00000001 INTL 00000001)
[    0.018430] ACPI: Local APIC address 0xfee00000
[    0.018593] SRAT: PXM 0 -> APIC 0x00 -> Node 0
[    0.018594] SRAT: PXM 0 -> APIC 0x02 -> Node 0
[    0.018595] SRAT: PXM 0 -> APIC 0x04 -> Node 0
[    0.018595] SRAT: PXM 0 -> APIC 0x06 -> Node 0
[    0.018596] SRAT: PXM 0 -> APIC 0x08 -> Node 0
[    0.018597] SRAT: PXM 0 -> APIC 0x10 -> Node 0
[    0.018597] SRAT: PXM 0 -> APIC 0x12 -> Node 0
[    0.018598] SRAT: PXM 0 -> APIC 0x14 -> Node 0
[    0.018598] SRAT: PXM 0 -> APIC 0x16 -> Node 0
[    0.018599] SRAT: PXM 0 -> APIC 0x18 -> Node 0
[    0.018600] SRAT: PXM 1 -> APIC 0x20 -> Node 1
[    0.018600] SRAT: PXM 1 -> APIC 0x22 -> Node 1
[    0.018601] SRAT: PXM 1 -> APIC 0x24 -> Node 1
[    0.018601] SRAT: PXM 1 -> APIC 0x26 -> Node 1
[    0.018602] SRAT: PXM 1 -> APIC 0x28 -> Node 1
[    0.018602] SRAT: PXM 1 -> APIC 0x30 -> Node 1
[    0.018603] SRAT: PXM 1 -> APIC 0x32 -> Node 1
[    0.018604] SRAT: PXM 1 -> APIC 0x34 -> Node 1
[    0.018604] SRAT: PXM 1 -> APIC 0x36 -> Node 1
[    0.018605] SRAT: PXM 1 -> APIC 0x38 -> Node 1
[    0.018620] ACPI: SRAT: Node 0 PXM 0 [mem 0x00000000-0x7fffffff]
[    0.018621] ACPI: SRAT: Node 0 PXM 0 [mem 0x100000000-0x87fffffff]
[    0.018622] ACPI: SRAT: Node 0 PXM 0 [mem 0x880000000-0xc7fffffff]
[    0.018622] ACPI: SRAT: Node 0 PXM 0 [mem 0xc80000000-0x107fffffff]
[    0.018623] ACPI: SRAT: Node 1 PXM 1 [mem 0x1080000000-0x187fffffff]
[    0.018624] ACPI: SRAT: Node 1 PXM 1 [mem 0x1880000000-0x1c7fffffff]
[    0.018625] ACPI: SRAT: Node 1 PXM 1 [mem 0x1c80000000-0x207fffffff]
[    0.018632] NUMA: Initialized distance table, cnt=2
[    0.018635] NUMA: Node 0 [mem 0x00000000-0x7fffffff] + [mem 0x100000000-0x87fffffff] -> [mem 0x00000000-0x87fffffff]
[    0.018636] NUMA: Node 0 [mem 0x00000000-0x87fffffff] + [mem 0x880000000-0xc7fffffff] -> [mem 0x00000000-0xc7fffffff]
[    0.018638] NUMA: Node 0 [mem 0x00000000-0xc7fffffff] + [mem 0xc80000000-0x107fffffff] -> [mem 0x00000000-0x107fffffff]
[    0.018639] NUMA: Node 1 [mem 0x1080000000-0x187fffffff] + [mem 0x1880000000-0x1c7fffffff] -> [mem 0x1080000000-0x1c7fffffff]
[    0.018640] NUMA: Node 1 [mem 0x1080000000-0x1c7fffffff] + [mem 0x1c80000000-0x207fffffff] -> [mem 0x1080000000-0x207fffffff]
[    0.018651] NODE_DATA(0) allocated [mem 0x107ffd5000-0x107fffffff]
[    0.018678] NODE_DATA(1) allocated [mem 0x207ffd4000-0x207fffefff]
[    0.018859] cma: Reserved 1536 MiB at 0x000000201fc00000
[    0.018964] Zone ranges:
[    0.018965]   DMA      [mem 0x0000000000001000-0x0000000000ffffff]
[    0.018966]   DMA32    [mem 0x0000000001000000-0x00000000ffffffff]
[    0.018967]   Normal   [mem 0x0000000100000000-0x000000207fffffff]
[    0.018968]   Device   empty
[    0.018969] Movable zone start for each node
[    0.018973] Early memory node ranges
[    0.018974]   node   0: [mem 0x0000000000001000-0x0000000000098fff]
[    0.018974]   node   0: [mem 0x0000000000100000-0x000000006a548fff]
[    0.018975]   node   0: [mem 0x000000006c649000-0x000000006c753fff]
[    0.018976]   node   0: [mem 0x000000006f31c000-0x000000006f7fffff]
[    0.018976]   node   0: [mem 0x0000000100000000-0x000000107fffffff]
[    0.018977]   node   1: [mem 0x0000001080000000-0x00000013ffffffff]
[    0.018978]   node   1: [mem 0x0000001c00000000-0x000000207fffffff]
[    0.019447] Zeroed struct page in unavailable ranges: 21808 pages
[    0.019449] Initmem setup node 0 [mem 0x0000000000001000-0x000000107fffffff]
[    0.019450] On node 0 totalpages: 16689872
[    0.019451]   DMA zone: 64 pages used for memmap
[    0.019452]   DMA zone: 21 pages reserved
[    0.019453]   DMA zone: 3992 pages, LIFO batch:0
[    0.019553]   DMA32 zone: 6765 pages used for memmap
[    0.019553]   DMA32 zone: 432952 pages, LIFO batch:63
[    0.032995]   Normal zone: 253952 pages used for memmap
[    0.032996]   Normal zone: 16252928 pages, LIFO batch:63
[    0.421021] Initmem setup node 1 [mem 0x0000001080000000-0x000000207fffffff]
[    0.421022] On node 1 totalpages: 8388608
[    0.421023]   Normal zone: 131072 pages used for memmap
[    0.421024]   Normal zone: 8388608 pages, LIFO batch:63
[    0.665391] ACPI: PM-Timer IO Port: 0x508
[    0.665394] ACPI: Local APIC address 0xfee00000
[    0.665414] ACPI: X2APIC_NMI (uid[0xffffffff] high level lint[0x1])
[    0.665417] ACPI: LAPIC_NMI (acpi_id[0xff] high level lint[0x1])
[    0.665437] IOAPIC[0]: apic_id 8, version 32, address 0xfec00000, GSI 0-23
[    0.665441] IOAPIC[1]: apic_id 9, version 32, address 0xfec01000, GSI 24-31
[    0.665445] IOAPIC[2]: apic_id 10, version 32, address 0xfec08000, GSI 32-39
[    0.665450] IOAPIC[3]: apic_id 11, version 32, address 0xfec10000, GSI 40-47
[    0.665454] IOAPIC[4]: apic_id 12, version 32, address 0xfec18000, GSI 48-55
[    0.665458] IOAPIC[5]: apic_id 15, version 32, address 0xfec20000, GSI 72-79
[    0.665463] IOAPIC[6]: apic_id 16, version 32, address 0xfec28000, GSI 80-87
[    0.665467] IOAPIC[7]: apic_id 17, version 32, address 0xfec30000, GSI 88-95
[    0.665472] IOAPIC[8]: apic_id 18, version 32, address 0xfec38000, GSI 96-103
[    0.665476] ACPI: INT_SRC_OVR (bus 0 bus_irq 0 global_irq 2 dfl dfl)
[    0.665478] ACPI: INT_SRC_OVR (bus 0 bus_irq 9 global_irq 9 high level)
[    0.665480] ACPI: IRQ0 used by override.
[    0.665481] ACPI: IRQ9 used by override.
[    0.665485] Using ACPI (MADT) for SMP configuration information
[    0.665487] ACPI: HPET id: 0x8086a701 base: 0xfed00000
[    0.665492] smpboot: Allowing 20 CPUs, 0 hotplug CPUs
[    0.665510] PM: Registered nosave memory: [mem 0x00000000-0x00000fff]
[    0.665512] PM: Registered nosave memory: [mem 0x00099000-0x00099fff]
[    0.665512] PM: Registered nosave memory: [mem 0x0009a000-0x0009ffff]
[    0.665513] PM: Registered nosave memory: [mem 0x000a0000-0x000dffff]
[    0.665514] PM: Registered nosave memory: [mem 0x000e0000-0x000fffff]
[    0.665515] PM: Registered nosave memory: [mem 0x6a549000-0x6c648fff]
[    0.665516] PM: Registered nosave memory: [mem 0x6c754000-0x6d2a0fff]
[    0.665517] PM: Registered nosave memory: [mem 0x6d2a1000-0x6f31bfff]
[    0.665518] PM: Registered nosave memory: [mem 0x6f800000-0x8fffffff]
[    0.665519] PM: Registered nosave memory: [mem 0x90000000-0xfcffffff]
[    0.665519] PM: Registered nosave memory: [mem 0xfd000000-0xfe7fffff]
[    0.665520] PM: Registered nosave memory: [mem 0xfe800000-0xfed1ffff]
[    0.665521] PM: Registered nosave memory: [mem 0xfed20000-0xfed44fff]
[    0.665521] PM: Registered nosave memory: [mem 0xfed45000-0xfeffffff]
[    0.665522] PM: Registered nosave memory: [mem 0xff000000-0xffffffff]
[    0.665524] PM: Registered nosave memory: [mem 0x1400000000-0x1bffffffff]
[    0.665527] [mem 0x90000000-0xfcffffff] available for PCI devices
[    0.665528] Booting paravirtualized kernel on bare hardware
[    0.665532] clocksource: refined-jiffies: mask: 0xffffffff max_cycles: 0xffffffff, max_idle_ns: 7645519600211568 ns
[    0.665545] random: get_random_bytes called from start_kernel+0x88/0x4f2 with crng_init=0
[    0.665553] setup_percpu: NR_CPUS:8192 nr_cpumask_bits:20 nr_cpu_ids:20 nr_node_ids:2
[    0.668316] percpu: Embedded 47 pages/cpu s155648 r8192 d28672 u524288
[    0.668323] pcpu-alloc: s155648 r8192 d28672 u524288 alloc=1*2097152
[    0.668325] pcpu-alloc: [0] 00 01 02 03 [0] 04 05 06 07 
[    0.668328] pcpu-alloc: [0] 08 09 -- -- [1] 10 11 12 13 
[    0.668331] pcpu-alloc: [1] 14 15 16 17 [1] 18 19 -- -- 
[    0.668367] Built 2 zonelists, mobility grouping on.  Total pages: 24686606
[    0.668367] Policy zone: Normal
[    0.668369] Kernel command line: BOOT_IMAGE=/vmlinuz-5.1.18 root=UUID=5038c2c1-500c-4617-bfaa-9474e58fbfb3 ro quiet splash memmap=32G!80G isolcpus=13 isolcpus=14 isolcpus=15 vt.handoff=1
[    0.668544] Housekeeping: nohz_full= must match isolcpus=
[    0.668576] Housekeeping: nohz_full= must match isolcpus=
[    0.678751] Calgary: detecting Calgary via BIOS EBDA area
[    0.678753] Calgary: Unable to locate Rio Grande table in EBDA - bailing!
[    0.978443] Memory: 97011708K/100313920K available (12291K kernel code, 2340K rwdata, 4264K rodata, 2476K init, 5300K bss, 1729348K reserved, 1572864K cma-reserved)
[    0.978867] SLUB: HWalign=64, Order=0-3, MinObjects=0, CPUs=20, Nodes=2
[    0.978875] Kernel/User page tables isolation: enabled
[    0.978900] ftrace: allocating 41292 entries in 162 pages
[    1.001054] rcu: Hierarchical RCU implementation.
[    1.001055] rcu: 	RCU restricting CPUs from NR_CPUS=8192 to nr_cpu_ids=20.
[    1.001057] 	Tasks RCU enabled.
[    1.001058] rcu: RCU calculated value of scheduler-enlistment delay is 25 jiffies.
[    1.001058] rcu: Adjusting geometry for rcu_fanout_leaf=16, nr_cpu_ids=20
[    1.004405] NR_IRQS: 524544, nr_irqs: 1944, preallocated irqs: 16
[    1.004725] Console: colour dummy device 80x25
[    1.004736] printk: console [tty0] enabled
[    1.004791] mempolicy: Enabling automatic NUMA balancing. Configure with numa_balancing= or the kernel.numa_balancing sysctl
[    1.004815] ACPI: Core revision 20190215
[    1.006164] clocksource: hpet: mask: 0xffffffff max_cycles: 0xffffffff, max_idle_ns: 79635855245 ns
[    1.006183] hpet clockevent registered
[    1.006215] APIC: Switch to symmetric I/O mode setup
[    1.006218] DMAR: Host address width 46
[    1.006219] DMAR: DRHD base: 0x000000d37fc000 flags: 0x0
[    1.006225] DMAR: dmar0: reg_base_addr d37fc000 ver 1:0 cap 8d2078c106f0466 ecap f020df
[    1.006226] DMAR: DRHD base: 0x000000e0ffc000 flags: 0x0
[    1.006230] DMAR: dmar1: reg_base_addr e0ffc000 ver 1:0 cap 8d2078c106f0466 ecap f020df
[    1.006231] DMAR: DRHD base: 0x000000ee7fc000 flags: 0x0
[    1.006235] DMAR: dmar2: reg_base_addr ee7fc000 ver 1:0 cap 8d2078c106f0466 ecap f020df
[    1.006236] DMAR: DRHD base: 0x000000fbffc000 flags: 0x0
[    1.006239] DMAR: dmar3: reg_base_addr fbffc000 ver 1:0 cap 8d2078c106f0466 ecap f020df
[    1.006240] DMAR: DRHD base: 0x000000aaffc000 flags: 0x0
[    1.006244] DMAR: dmar4: reg_base_addr aaffc000 ver 1:0 cap 8d2078c106f0466 ecap f020df
[    1.006245] DMAR: DRHD base: 0x000000b87fc000 flags: 0x0
[    1.006248] DMAR: dmar5: reg_base_addr b87fc000 ver 1:0 cap 8d2078c106f0466 ecap f020df
[    1.006249] DMAR: DRHD base: 0x000000c5ffc000 flags: 0x0
[    1.006252] DMAR: dmar6: reg_base_addr c5ffc000 ver 1:0 cap 8d2078c106f0466 ecap f020df
[    1.006253] DMAR: DRHD base: 0x0000009d7fc000 flags: 0x1
[    1.006256] DMAR: dmar7: reg_base_addr 9d7fc000 ver 1:0 cap 8d2078c106f0466 ecap f020df
[    1.006257] DMAR: RMRR base: 0x0000006ef30000 end: 0x0000006ef40fff
[    1.006259] DMAR: ATSR flags: 0x0
[    1.006262] DMAR: RHSA base: 0x0000009d7fc000 proximity domain: 0x0
[    1.006263] DMAR: RHSA base: 0x000000aaffc000 proximity domain: 0x0
[    1.006264] DMAR: RHSA base: 0x000000b87fc000 proximity domain: 0x0
[    1.006265] DMAR: RHSA base: 0x000000c5ffc000 proximity domain: 0x0
[    1.006265] DMAR: RHSA base: 0x000000d37fc000 proximity domain: 0x1
[    1.006266] DMAR: RHSA base: 0x000000e0ffc000 proximity domain: 0x1
[    1.006267] DMAR: RHSA base: 0x000000ee7fc000 proximity domain: 0x1
[    1.006267] DMAR: RHSA base: 0x000000fbffc000 proximity domain: 0x1
[    1.006269] DMAR-IR: IOAPIC id 12 under DRHD base  0xc5ffc000 IOMMU 6
[    1.006270] DMAR-IR: IOAPIC id 11 under DRHD base  0xb87fc000 IOMMU 5
[    1.006271] DMAR-IR: IOAPIC id 10 under DRHD base  0xaaffc000 IOMMU 4
[    1.006272] DMAR-IR: IOAPIC id 18 under DRHD base  0xfbffc000 IOMMU 3
[    1.006272] DMAR-IR: IOAPIC id 17 under DRHD base  0xee7fc000 IOMMU 2
[    1.006273] DMAR-IR: IOAPIC id 16 under DRHD base  0xe0ffc000 IOMMU 1
[    1.006274] DMAR-IR: IOAPIC id 15 under DRHD base  0xd37fc000 IOMMU 0
[    1.006275] DMAR-IR: IOAPIC id 8 under DRHD base  0x9d7fc000 IOMMU 7
[    1.006276] DMAR-IR: IOAPIC id 9 under DRHD base  0x9d7fc000 IOMMU 7
[    1.006277] DMAR-IR: HPET id 0 under DRHD base 0x9d7fc000
[    1.006278] DMAR-IR: x2apic is disabled because BIOS sets x2apic opt out bit.
[    1.006279] DMAR-IR: Use 'intremap=no_x2apic_optout' to override the BIOS setting.
[    1.008341] DMAR-IR: Enabled IRQ remapping in xapic mode
[    1.008341] x2apic: IRQ remapping doesn't support X2APIC mode
[    1.008348] Switched APIC routing to physical flat.
[    1.009431] ..TIMER: vector=0x30 apic1=0 pin1=2 apic2=-1 pin2=-1
[    1.026191] clocksource: tsc-early: mask: 0xffffffffffffffff max_cycles: 0x1fb633008a4, max_idle_ns: 440795292230 ns
[    1.026205] Calibrating delay loop (skipped), value calculated using timer frequency.. 4400.00 BogoMIPS (lpj=8800000)
[    1.026207] pid_max: default: 32768 minimum: 301
[    1.026288] LSM: Security Framework initializing
[    1.026305] Yama: becoming mindful.
[    1.026345] AppArmor: AppArmor initialized
[    1.026347] TOMOYO Linux initialized
[    1.037451] Dentry cache hash table entries: 8388608 (order: 14, 67108864 bytes)
[    1.042977] Inode-cache hash table entries: 4194304 (order: 13, 33554432 bytes)
[    1.043186] Mount-cache hash table entries: 131072 (order: 8, 1048576 bytes)
[    1.043360] Mountpoint-cache hash table entries: 131072 (order: 8, 1048576 bytes)
[    1.043596] *** VALIDATE proc ***
[    1.043674] *** VALIDATE cgroup1 ***
[    1.043676] *** VALIDATE cgroup2 ***
[    1.043723] ENERGY_PERF_BIAS: Set to 'normal', was 'performance'
[    1.043724] ENERGY_PERF_BIAS: View and update with x86_energy_perf_policy(8)
[    1.043756] mce: CPU0: Thermal monitoring enabled (TM1)
[    1.043806] process: using mwait in idle threads
[    1.043809] Last level iTLB entries: 4KB 128, 2MB 8, 4MB 8
[    1.043810] Last level dTLB entries: 4KB 64, 2MB 0, 4MB 0, 1GB 4
[    1.043813] Spectre V2 : Mitigation: Full generic retpoline
[    1.043813] Spectre V2 : Spectre v2 / SpectreRSB mitigation: Filling RSB on context switch
[    1.043814] Spectre V2 : Enabling Restricted Speculation for firmware calls
[    1.043821] Spectre V2 : mitigation: Enabling conditional Indirect Branch Prediction Barrier
[    1.043822] Spectre V2 : User space: Mitigation: STIBP via seccomp and prctl
[    1.043824] Speculative Store Bypass: Mitigation: Speculative Store Bypass disabled via prctl and seccomp
[    1.043851] MDS: Mitigation: Clear CPU buffers
[    1.044199] Freeing SMP alternatives memory: 36K
[    1.047370] TSC deadline timer enabled
[    1.047376] smpboot: CPU0: Intel(R) Xeon(R) Silver 4114 CPU @ 2.20GHz (family: 0x6, model: 0x55, stepping: 0x4)
[    1.047544] Performance Events: PEBS fmt3+, Skylake events, 32-deep LBR, full-width counters, Intel PMU driver.
[    1.047581] ... version:                4
[    1.047581] ... bit width:              48
[    1.047582] ... generic registers:      8
[    1.047583] ... value mask:             0000ffffffffffff
[    1.047583] ... max period:             00007fffffffffff
[    1.047584] ... fixed-purpose events:   3
[    1.047585] ... event mask:             00000007000000ff
[    1.047645] rcu: Hierarchical SRCU implementation.
[    1.050194] NMI watchdog: Enabled. Permanently consumes one hw-PMU counter.
[    1.050194] smp: Bringing up secondary CPUs ...
[    1.050194] x86: Booting SMP configuration:
[    1.050194] .... node  #0, CPUs:        #1  #2  #3  #4  #5  #6  #7  #8  #9
[    1.097570] .... node  #1, CPUs:   #10 #11 #12 #13 #14 #15 #16 #17 #18 #19
[    1.243687] smp: Brought up 2 nodes, 20 CPUs
[    1.243687] smpboot: Max logical packages: 2
[    1.243687] smpboot: Total of 20 processors activated (88016.74 BogoMIPS)
[    1.248702] devtmpfs: initialized
[    1.248702] x86/mm: Memory block size: 2048MB
[    1.248702] PM: Registering ACPI NVS region [mem 0x6c754000-0x6d2a0fff] (11849728 bytes)
[    1.248702] rm_init_reserve_vaddr, start
[    1.248702] reservation success ffffd90000000000
[    1.248702] clocksource: jiffies: mask: 0xffffffff max_cycles: 0xffffffff, max_idle_ns: 7645041785100000 ns
[    1.248702] futex hash table entries: 8192 (order: 7, 524288 bytes)
[    1.255669] pinctrl core: initialized pinctrl subsystem
[    1.255815] PM: RTC time: 11:37:15, date: 2020-04-07
[    1.256067] NET: Registered protocol family 16
[    1.256205] audit: initializing netlink subsys (disabled)
[    1.256212] audit: type=2000 audit(1586259435.252:1): state=initialized audit_enabled=0 res=1
[    1.256212] cpuidle: using governor ladder
[    1.256212] cpuidle: using governor menu
[    1.256212] Detected 1 PCC Subspaces
[    1.256212] Registering PCC driver as Mailbox controller
[    1.256212] ACPI FADT declares the system doesn't support PCIe ASPM, so disable it
[    1.256212] ACPI: bus type PCI registered
[    1.256212] acpiphp: ACPI Hot Plug PCI Controller Driver version: 0.5
[    1.256212] PCI: MMCONFIG for domain 0000 [bus 00-ff] at [mem 0x80000000-0x8fffffff] (base 0x80000000)
[    1.256212] PCI: MMCONFIG at [mem 0x80000000-0x8fffffff] reserved in E820
[    1.256212] PCI: Using configuration type 1 for base access
[    1.258757] HugeTLB registered 1.00 GiB page size, pre-allocated 0 pages
[    1.258757] HugeTLB registered 2.00 MiB page size, pre-allocated 0 pages
[    1.258757] ACPI: Added _OSI(Module Device)
[    1.258757] ACPI: Added _OSI(Processor Device)
[    1.258757] ACPI: Added _OSI(3.0 _SCP Extensions)
[    1.258757] ACPI: Added _OSI(Processor Aggregator Device)
[    1.258757] ACPI: Added _OSI(Linux-Dell-Video)
[    1.258757] ACPI: Added _OSI(Linux-Lenovo-NV-HDMI-Audio)
[    1.258757] ACPI: Added _OSI(Linux-HPI-Hybrid-Graphics)
[    1.375341] ACPI: 4 ACPI AML tables successfully acquired and loaded
[    1.385443] ACPI: [Firmware Bug]: BIOS _OSI(Linux) query ignored
[    1.400505] ACPI: Dynamic OEM Table Load:
[    1.435083] ACPI: Dynamic OEM Table Load:
[    1.648889] ACPI: Interpreter enabled
[    1.648916] ACPI: (supports S0 S4 S5)
[    1.648917] ACPI: Using IOAPIC for interrupt routing
[    1.649023] HEST: Table parsing has been initialized.
[    1.649025] PCI: Using host bridge windows from ACPI; if necessary, use "pci=nocrs" and report a bug
[    1.650510] ACPI: Enabled 6 GPEs in block 00 to 7F
[    1.719208] ACPI: PCI Root Bridge [PC00] (domain 0000 [bus 00-16])
[    1.719214] acpi PNP0A08:00: _OSC: OS supports [ExtendedConfig ASPM ClockPM Segments MSI]
[    1.719407] acpi PNP0A08:00: _OSC: platform does not support [AER LTR]
[    1.719586] acpi PNP0A08:00: _OSC: OS now controls [PCIeHotplug PME PCIeCapability]
[    1.719587] acpi PNP0A08:00: FADT indicates ASPM is unsupported, using BIOS configuration
[    1.720317] PCI host bridge to bus 0000:00
[    1.720320] pci_bus 0000:00: root bus resource [io  0x0000-0x03af window]
[    1.720321] pci_bus 0000:00: root bus resource [io  0x03e0-0x0cf7 window]
[    1.720322] pci_bus 0000:00: root bus resource [io  0x03b0-0x03bb window]
[    1.720323] pci_bus 0000:00: root bus resource [io  0x03c0-0x03df window]
[    1.720325] pci_bus 0000:00: root bus resource [io  0x1000-0x3fff window]
[    1.720326] pci_bus 0000:00: root bus resource [mem 0x000a0000-0x000bffff window]
[    1.720327] pci_bus 0000:00: root bus resource [mem 0x000c4000-0x000c7fff window]
[    1.720328] pci_bus 0000:00: root bus resource [mem 0xfe010000-0xfe010fff window]
[    1.720329] pci_bus 0000:00: root bus resource [mem 0x90000000-0x9d7fbfff window]
[    1.720330] pci_bus 0000:00: root bus resource [mem 0x380000000000-0x383fffffffff window]
[    1.720331] pci_bus 0000:00: root bus resource [bus 00-16]
[    1.720341] pci 0000:00:00.0: [8086:2020] type 00 class 0x060000
[    1.720556] pci 0000:00:04.0: [8086:2021] type 00 class 0x088000
[    1.720569] pci 0000:00:04.0: reg 0x10: [mem 0x383ffff2c000-0x383ffff2ffff 64bit]
[    1.720755] pci 0000:00:04.1: [8086:2021] type 00 class 0x088000
[    1.720767] pci 0000:00:04.1: reg 0x10: [mem 0x383ffff28000-0x383ffff2bfff 64bit]
[    1.720944] pci 0000:00:04.2: [8086:2021] type 00 class 0x088000
[    1.720955] pci 0000:00:04.2: reg 0x10: [mem 0x383ffff24000-0x383ffff27fff 64bit]
[    1.721130] pci 0000:00:04.3: [8086:2021] type 00 class 0x088000
[    1.721141] pci 0000:00:04.3: reg 0x10: [mem 0x383ffff20000-0x383ffff23fff 64bit]
[    1.721316] pci 0000:00:04.4: [8086:2021] type 00 class 0x088000
[    1.721327] pci 0000:00:04.4: reg 0x10: [mem 0x383ffff1c000-0x383ffff1ffff 64bit]
[    1.721503] pci 0000:00:04.5: [8086:2021] type 00 class 0x088000
[    1.721515] pci 0000:00:04.5: reg 0x10: [mem 0x383ffff18000-0x383ffff1bfff 64bit]
[    1.721693] pci 0000:00:04.6: [8086:2021] type 00 class 0x088000
[    1.721704] pci 0000:00:04.6: reg 0x10: [mem 0x383ffff14000-0x383ffff17fff 64bit]
[    1.721879] pci 0000:00:04.7: [8086:2021] type 00 class 0x088000
[    1.721891] pci 0000:00:04.7: reg 0x10: [mem 0x383ffff10000-0x383ffff13fff 64bit]
[    1.722063] pci 0000:00:05.0: [8086:2024] type 00 class 0x088000
[    1.722233] pci 0000:00:05.2: [8086:2025] type 00 class 0x088000
[    1.722400] pci 0000:00:05.4: [8086:2026] type 00 class 0x080020
[    1.722409] pci 0000:00:05.4: reg 0x10: [mem 0x9d20a000-0x9d20afff]
[    1.722580] pci 0000:00:08.0: [8086:2014] type 00 class 0x088000
[    1.722739] pci 0000:00:08.1: [8086:2015] type 00 class 0x110100
[    1.722885] pci 0000:00:08.2: [8086:2016] type 00 class 0x088000
[    1.723050] pci 0000:00:11.0: [8086:a1ec] type 00 class 0xff0000
[    1.723279] pci 0000:00:11.1: [8086:a1ed] type 00 class 0xff0000
[    1.723514] pci 0000:00:11.5: [8086:a1d2] type 00 class 0x010601
[    1.723532] pci 0000:00:11.5: reg 0x10: [mem 0x9d206000-0x9d207fff]
[    1.723539] pci 0000:00:11.5: reg 0x14: [mem 0x9d209000-0x9d2090ff]
[    1.723546] pci 0000:00:11.5: reg 0x18: [io  0x0800-0x0807]
[    1.723553] pci 0000:00:11.5: reg 0x1c: [io  0x0810-0x0813]
[    1.723560] pci 0000:00:11.5: reg 0x20: [io  0x0820-0x083f]
[    1.723568] pci 0000:00:11.5: reg 0x24: [mem 0x9d180000-0x9d1fffff]
[    1.723610] pci 0000:00:11.5: PME# supported from D3hot
[    1.723808] pci 0000:00:14.0: [8086:a1af] type 00 class 0x0c0330
[    1.723830] pci 0000:00:14.0: reg 0x10: [mem 0x383ffff00000-0x383ffff0ffff 64bit]
[    1.723895] pci 0000:00:14.0: PME# supported from D3hot D3cold
[    1.724083] pci 0000:00:14.2: [8086:a1b1] type 00 class 0x118000
[    1.724104] pci 0000:00:14.2: reg 0x10: [mem 0x383ffff33000-0x383ffff33fff 64bit]
[    1.724313] pci 0000:00:16.0: [8086:a1ba] type 00 class 0x078000
[    1.724342] pci 0000:00:16.0: reg 0x10: [mem 0x383ffff32000-0x383ffff32fff 64bit]
[    1.724427] pci 0000:00:16.0: PME# supported from D3hot
[    1.724576] pci 0000:00:16.1: [8086:a1bb] type 00 class 0x078000
[    1.724605] pci 0000:00:16.1: reg 0x10: [mem 0x383ffff31000-0x383ffff31fff 64bit]
[    1.724690] pci 0000:00:16.1: PME# supported from D3hot
[    1.724841] pci 0000:00:16.4: [8086:a1be] type 00 class 0x078000
[    1.724869] pci 0000:00:16.4: reg 0x10: [mem 0x383ffff30000-0x383ffff30fff 64bit]
[    1.724955] pci 0000:00:16.4: PME# supported from D3hot
[    1.725108] pci 0000:00:17.0: [8086:a182] type 00 class 0x010601
[    1.725126] pci 0000:00:17.0: reg 0x10: [mem 0x9d204000-0x9d205fff]
[    1.725133] pci 0000:00:17.0: reg 0x14: [mem 0x9d208000-0x9d2080ff]
[    1.725140] pci 0000:00:17.0: reg 0x18: [io  0x0840-0x0847]
[    1.725147] pci 0000:00:17.0: reg 0x1c: [io  0x0850-0x0853]
[    1.725155] pci 0000:00:17.0: reg 0x20: [io  0x0860-0x087f]
[    1.725162] pci 0000:00:17.0: reg 0x24: [mem 0x9d100000-0x9d17ffff]
[    1.725204] pci 0000:00:17.0: PME# supported from D3hot
[    1.725394] pci 0000:00:1c.0: [8086:a190] type 01 class 0x060400
[    1.725568] pci 0000:00:1c.0: PME# supported from D0 D3hot D3cold
[    1.725799] pci 0000:00:1c.5: [8086:a195] type 01 class 0x060400
[    1.725875] pci 0000:00:1c.5: PME# supported from D0 D3hot D3cold
[    1.726113] pci 0000:00:1f.0: [8086:a1c1] type 00 class 0x060100
[    1.726357] pci 0000:00:1f.2: [8086:a1a1] type 00 class 0x058000
[    1.726373] pci 0000:00:1f.2: reg 0x10: [mem 0x9d200000-0x9d203fff]
[    1.726596] pci 0000:00:1f.4: [8086:a1a3] type 00 class 0x0c0500
[    1.726617] pci 0000:00:1f.4: reg 0x10: [mem 0x00000000-0x000000ff 64bit]
[    1.726640] pci 0000:00:1f.4: reg 0x20: [io  0x0780-0x079f]
[    1.726800] pci 0000:00:1f.5: [8086:a1a4] type 00 class 0x0c8000
[    1.726816] pci 0000:00:1f.5: reg 0x10: [mem 0xfe010000-0xfe010fff]
[    1.727048] pci 0000:00:1c.0: PCI bridge to [bus 01]
[    1.727116] pci 0000:02:00.0: [1a03:1150] type 01 class 0x060400
[    1.727176] pci 0000:02:00.0: enabling Extended Tags
[    1.727240] pci 0000:02:00.0: supports D1 D2
[    1.727241] pci 0000:02:00.0: PME# supported from D0 D1 D2 D3hot D3cold
[    1.727343] pci 0000:00:1c.5: PCI bridge to [bus 02-03]
[    1.727345] pci 0000:00:1c.5:   bridge window [io  0x3000-0x3fff]
[    1.727348] pci 0000:00:1c.5:   bridge window [mem 0x9c000000-0x9d0fffff]
[    1.727388] pci_bus 0000:03: extended config space not accessible
[    1.727421] pci 0000:03:00.0: [1a03:2000] type 00 class 0x030000
[    1.727442] pci 0000:03:00.0: reg 0x10: [mem 0x9c000000-0x9cffffff]
[    1.727454] pci 0000:03:00.0: reg 0x14: [mem 0x9d000000-0x9d01ffff]
[    1.727466] pci 0000:03:00.0: reg 0x18: [io  0x3000-0x307f]
[    1.727557] pci 0000:03:00.0: supports D1 D2
[    1.727558] pci 0000:03:00.0: PME# supported from D0 D1 D2 D3hot D3cold
[    1.727652] pci 0000:02:00.0: PCI bridge to [bus 03]
[    1.727658] pci 0000:02:00.0:   bridge window [io  0x3000-0x3fff]
[    1.727662] pci 0000:02:00.0:   bridge window [mem 0x9c000000-0x9d0fffff]
[    1.727683] pci_bus 0000:00: on NUMA node 0
[    1.728719] ACPI: PCI Root Bridge [PC01] (domain 0000 [bus 17-39])
[    1.728722] acpi PNP0A08:01: _OSC: OS supports [ExtendedConfig ASPM ClockPM Segments MSI]
[    1.729309] acpi PNP0A08:01: _OSC: platform does not support [AER LTR]
[    1.729663] acpi PNP0A08:01: _OSC: OS now controls [PCIeHotplug PME PCIeCapability]
[    1.729664] acpi PNP0A08:01: FADT indicates ASPM is unsupported, using BIOS configuration
[    1.729934] PCI host bridge to bus 0000:17
[    1.729935] pci_bus 0000:17: root bus resource [io  0x4000-0x5fff window]
[    1.729937] pci_bus 0000:17: root bus resource [mem 0x9d800000-0xaaffbfff window]
[    1.729938] pci_bus 0000:17: root bus resource [mem 0x384000000000-0x387fffffffff window]
[    1.729939] pci_bus 0000:17: root bus resource [bus 17-39]
[    1.729948] pci 0000:17:00.0: [8086:2030] type 01 class 0x060400
[    1.730009] pci 0000:17:00.0: PME# supported from D0 D3hot D3cold
[    1.730141] pci 0000:17:05.0: [8086:2034] type 00 class 0x088000
[    1.730245] pci 0000:17:05.2: [8086:2035] type 00 class 0x088000
[    1.730346] pci 0000:17:05.4: [8086:2036] type 00 class 0x080020
[    1.730355] pci 0000:17:05.4: reg 0x10: [mem 0xaaf00000-0xaaf00fff]
[    1.730455] pci 0000:17:08.0: [8086:208d] type 00 class 0x088000
[    1.730534] pci 0000:17:08.1: [8086:208d] type 00 class 0x088000
[    1.730608] pci 0000:17:08.2: [8086:208d] type 00 class 0x088000
[    1.730689] pci 0000:17:08.3: [8086:208d] type 00 class 0x088000
[    1.730762] pci 0000:17:08.4: [8086:208d] type 00 class 0x088000
[    1.730834] pci 0000:17:08.5: [8086:208d] type 00 class 0x088000
[    1.730907] pci 0000:17:08.6: [8086:208d] type 00 class 0x088000
[    1.730979] pci 0000:17:08.7: [8086:208d] type 00 class 0x088000
[    1.731052] pci 0000:17:09.0: [8086:208d] type 00 class 0x088000
[    1.731128] pci 0000:17:09.1: [8086:208d] type 00 class 0x088000
[    1.731206] pci 0000:17:0e.0: [8086:208e] type 00 class 0x088000
[    1.731281] pci 0000:17:0e.1: [8086:208e] type 00 class 0x088000
[    1.731354] pci 0000:17:0e.2: [8086:208e] type 00 class 0x088000
[    1.731425] pci 0000:17:0e.3: [8086:208e] type 00 class 0x088000
[    1.731497] pci 0000:17:0e.4: [8086:208e] type 00 class 0x088000
[    1.731567] pci 0000:17:0e.5: [8086:208e] type 00 class 0x088000
[    1.731638] pci 0000:17:0e.6: [8086:208e] type 00 class 0x088000
[    1.731710] pci 0000:17:0e.7: [8086:208e] type 00 class 0x088000
[    1.731780] pci 0000:17:0f.0: [8086:208e] type 00 class 0x088000
[    1.731856] pci 0000:17:0f.1: [8086:208e] type 00 class 0x088000
[    1.731938] pci 0000:17:1d.0: [8086:2054] type 00 class 0x088000
[    1.732015] pci 0000:17:1d.1: [8086:2055] type 00 class 0x088000
[    1.732087] pci 0000:17:1d.2: [8086:2056] type 00 class 0x088000
[    1.732158] pci 0000:17:1d.3: [8086:2057] type 00 class 0x088000
[    1.732232] pci 0000:17:1e.0: [8086:2080] type 00 class 0x088000
[    1.732311] pci 0000:17:1e.1: [8086:2081] type 00 class 0x088000
[    1.732384] pci 0000:17:1e.2: [8086:2082] type 00 class 0x088000
[    1.732455] pci 0000:17:1e.3: [8086:2083] type 00 class 0x088000
[    1.732528] pci 0000:17:1e.4: [8086:2084] type 00 class 0x088000
[    1.732599] pci 0000:17:1e.5: [8086:2085] type 00 class 0x088000
[    1.732671] pci 0000:17:1e.6: [8086:2086] type 00 class 0x088000
[    1.732859] pci 0000:18:00.0: [15b3:1013] type 00 class 0x020700
[    1.733026] pci 0000:18:00.0: reg 0x10: [mem 0x387ffe000000-0x387fffffffff 64bit pref]
[    1.733271] pci 0000:18:00.0: reg 0x30: [mem 0xaae00000-0xaaefffff pref]
[    1.733784] pci 0000:18:00.0: PME# supported from D3cold
[    1.734109] pci 0000:18:00.1: [15b3:1013] type 00 class 0x020700
[    1.734263] pci 0000:18:00.1: reg 0x10: [mem 0x387ffc000000-0x387ffdffffff 64bit pref]
[    1.734507] pci 0000:18:00.1: reg 0x30: [mem 0xaad00000-0xaadfffff pref]
[    1.734988] pci 0000:18:00.1: PME# supported from D3cold
[    1.735248] pci 0000:17:00.0: PCI bridge to [bus 18]
[    1.735251] pci 0000:17:00.0:   bridge window [mem 0xaad00000-0xaaefffff]
[    1.735254] pci 0000:17:00.0:   bridge window [mem 0x387ffc000000-0x387fffffffff 64bit pref]
[    1.735260] pci_bus 0000:17: on NUMA node 0
[    1.735392] ACPI: PCI Root Bridge [PC02] (domain 0000 [bus 3a-5c])
[    1.735395] acpi PNP0A08:02: _OSC: OS supports [ExtendedConfig ASPM ClockPM Segments MSI]
[    1.735948] acpi PNP0A08:02: _OSC: platform does not support [AER LTR]
[    1.736268] acpi PNP0A08:02: _OSC: OS now controls [PCIeHotplug PME PCIeCapability]
[    1.736269] acpi PNP0A08:02: FADT indicates ASPM is unsupported, using BIOS configuration
[    1.736485] PCI host bridge to bus 0000:3a
[    1.736487] pci_bus 0000:3a: root bus resource [io  0x6000-0x7fff window]
[    1.736488] pci_bus 0000:3a: root bus resource [mem 0xab000000-0xb87fbfff window]
[    1.736490] pci_bus 0000:3a: root bus resource [mem 0x388000000000-0x38bfffffffff window]
[    1.736491] pci_bus 0000:3a: root bus resource [bus 3a-5c]
[    1.736500] pci 0000:3a:05.0: [8086:2034] type 00 class 0x088000
[    1.736592] pci 0000:3a:05.2: [8086:2035] type 00 class 0x088000
[    1.736677] pci 0000:3a:05.4: [8086:2036] type 00 class 0x080020
[    1.736686] pci 0000:3a:05.4: reg 0x10: [mem 0xb8700000-0xb8700fff]
[    1.736775] pci 0000:3a:08.0: [8086:2066] type 00 class 0x088000
[    1.736857] pci 0000:3a:09.0: [8086:2066] type 00 class 0x088000
[    1.736940] pci 0000:3a:0a.0: [8086:2040] type 00 class 0x088000
[    1.737020] pci 0000:3a:0a.1: [8086:2041] type 00 class 0x088000
[    1.737096] pci 0000:3a:0a.2: [8086:2042] type 00 class 0x088000
[    1.737171] pci 0000:3a:0a.3: [8086:2043] type 00 class 0x088000
[    1.737247] pci 0000:3a:0a.4: [8086:2044] type 00 class 0x088000
[    1.737321] pci 0000:3a:0a.5: [8086:2045] type 00 class 0x088000
[    1.737396] pci 0000:3a:0a.6: [8086:2046] type 00 class 0x088000
[    1.737472] pci 0000:3a:0a.7: [8086:2047] type 00 class 0x088000
[    1.737547] pci 0000:3a:0b.0: [8086:2048] type 00 class 0x088000
[    1.737626] pci 0000:3a:0b.1: [8086:2049] type 00 class 0x088000
[    1.737706] pci 0000:3a:0b.2: [8086:204a] type 00 class 0x088000
[    1.737781] pci 0000:3a:0b.3: [8086:204b] type 00 class 0x088000
[    1.737858] pci 0000:3a:0c.0: [8086:2040] type 00 class 0x088000
[    1.737940] pci 0000:3a:0c.1: [8086:2041] type 00 class 0x088000
[    1.738015] pci 0000:3a:0c.2: [8086:2042] type 00 class 0x088000
[    1.738090] pci 0000:3a:0c.3: [8086:2043] type 00 class 0x088000
[    1.738169] pci 0000:3a:0c.4: [8086:2044] type 00 class 0x088000
[    1.738246] pci 0000:3a:0c.5: [8086:2045] type 00 class 0x088000
[    1.738322] pci 0000:3a:0c.6: [8086:2046] type 00 class 0x088000
[    1.738398] pci 0000:3a:0c.7: [8086:2047] type 00 class 0x088000
[    1.738473] pci 0000:3a:0d.0: [8086:2048] type 00 class 0x088000
[    1.738553] pci 0000:3a:0d.1: [8086:2049] type 00 class 0x088000
[    1.738629] pci 0000:3a:0d.2: [8086:204a] type 00 class 0x088000
[    1.738705] pci 0000:3a:0d.3: [8086:204b] type 00 class 0x088000
[    1.738793] pci_bus 0000:3a: on NUMA node 0
[    1.738901] ACPI: PCI Root Bridge [PC03] (domain 0000 [bus 5d-7f])
[    1.738904] acpi PNP0A08:03: _OSC: OS supports [ExtendedConfig ASPM ClockPM Segments MSI]
[    1.739471] acpi PNP0A08:03: _OSC: platform does not support [AER LTR]
[    1.739793] acpi PNP0A08:03: _OSC: OS now controls [PCIeHotplug PME PCIeCapability]
[    1.739794] acpi PNP0A08:03: FADT indicates ASPM is unsupported, using BIOS configuration
[    1.740033] PCI host bridge to bus 0000:5d
[    1.740034] pci_bus 0000:5d: root bus resource [io  0x8000-0x9fff window]
[    1.740036] pci_bus 0000:5d: root bus resource [mem 0xb8800000-0xc5ffbfff window]
[    1.740037] pci_bus 0000:5d: root bus resource [mem 0x38c000000000-0x38ffffffffff window]
[    1.740039] pci_bus 0000:5d: root bus resource [bus 5d-7f]
[    1.740047] pci 0000:5d:00.0: [8086:2030] type 01 class 0x060400
[    1.740076] pci 0000:5d:00.0: enabling Extended Tags
[    1.740112] pci 0000:5d:00.0: PME# supported from D0 D3hot D3cold
[    1.740191] pci 0000:5d:05.0: [8086:2034] type 00 class 0x088000
[    1.740279] pci 0000:5d:05.2: [8086:2035] type 00 class 0x088000
[    1.740369] pci 0000:5d:05.4: [8086:2036] type 00 class 0x080020
[    1.740378] pci 0000:5d:05.4: reg 0x10: [mem 0xc5f00000-0xc5f00fff]
[    1.740471] pci 0000:5d:0e.0: [8086:2058] type 00 class 0x110100
[    1.740550] pci 0000:5d:0e.1: [8086:2059] type 00 class 0x088000
[    1.740632] pci 0000:5d:0f.0: [8086:2058] type 00 class 0x110100
[    1.740710] pci 0000:5d:0f.1: [8086:2059] type 00 class 0x088000
[    1.740791] pci 0000:5d:12.0: [8086:204c] type 00 class 0x110100
[    1.740868] pci 0000:5d:12.1: [8086:204d] type 00 class 0x110100
[    1.740930] pci 0000:5d:12.2: [8086:204e] type 00 class 0x088000
[    1.740995] pci 0000:5d:15.0: [8086:2018] type 00 class 0x088000
[    1.741063] pci 0000:5d:16.0: [8086:2018] type 00 class 0x088000
[    1.741130] pci 0000:5d:16.4: [8086:2018] type 00 class 0x088000
[    1.741242] pci 0000:5e:00.0: [8086:37c0] type 01 class 0x060400
[    1.741260] pci 0000:5e:00.0: reg 0x10: [mem 0xc5e00000-0xc5e1ffff 64bit]
[    1.741266] pci 0000:5e:00.0: reg 0x38: [mem 0xc5c00000-0xc5cfffff pref]
[    1.741320] pci 0000:5e:00.0: PME# supported from D0 D3hot D3cold
[    1.741392] pci 0000:5d:00.0: PCI bridge to [bus 5e-60]
[    1.741396] pci 0000:5d:00.0:   bridge window [mem 0xc5c00000-0xc5efffff]
[    1.741399] pci 0000:5d:00.0:   bridge window [mem 0xc3000000-0xc50fffff 64bit pref]
[    1.741472] pci 0000:5f:03.0: [8086:37c5] type 01 class 0x060400
[    1.741560] pci 0000:5f:03.0: PME# supported from D0 D3hot D3cold
[    1.741647] pci 0000:5e:00.0: PCI bridge to [bus 5f-60]
[    1.741651] pci 0000:5e:00.0:   bridge window [mem 0xc5d00000-0xc5dfffff]
[    1.741655] pci 0000:5e:00.0:   bridge window [mem 0xc3000000-0xc50fffff 64bit pref]
[    1.741728] pci 0000:60:00.0: [8086:37d1] type 00 class 0x020000
[    1.741754] pci 0000:60:00.0: reg 0x10: [mem 0xc4000000-0xc4ffffff 64bit pref]
[    1.741772] pci 0000:60:00.0: reg 0x1c: [mem 0xc5008000-0xc500ffff 64bit pref]
[    1.741787] pci 0000:60:00.0: reg 0x30: [mem 0xc5d80000-0xc5dfffff pref]
[    1.741794] pci 0000:60:00.0: enabling Extended Tags
[    1.741866] pci 0000:60:00.0: PME# supported from D0 D3hot D3cold
[    1.741898] pci 0000:60:00.0: reg 0x184: [mem 0x00000000-0x0001ffff 64bit pref]
[    1.741899] pci 0000:60:00.0: VF(n) BAR0 space: [mem 0x00000000-0x003fffff 64bit pref] (contains BAR0 for 32 VFs)
[    1.741915] pci 0000:60:00.0: reg 0x190: [mem 0x00000000-0x00003fff 64bit pref]
[    1.741916] pci 0000:60:00.0: VF(n) BAR3 space: [mem 0x00000000-0x0007ffff 64bit pref] (contains BAR3 for 32 VFs)
[    1.742070] pci 0000:60:00.1: [8086:37d1] type 00 class 0x020000
[    1.742096] pci 0000:60:00.1: reg 0x10: [mem 0xc3000000-0xc3ffffff 64bit pref]
[    1.742114] pci 0000:60:00.1: reg 0x1c: [mem 0xc5000000-0xc5007fff 64bit pref]
[    1.742129] pci 0000:60:00.1: reg 0x30: [mem 0xc5d00000-0xc5d7ffff pref]
[    1.742136] pci 0000:60:00.1: enabling Extended Tags
[    1.742208] pci 0000:60:00.1: PME# supported from D0 D3hot D3cold
[    1.742234] pci 0000:60:00.1: reg 0x184: [mem 0x00000000-0x0001ffff 64bit pref]
[    1.742235] pci 0000:60:00.1: VF(n) BAR0 space: [mem 0x00000000-0x003fffff 64bit pref] (contains BAR0 for 32 VFs)
[    1.742251] pci 0000:60:00.1: reg 0x190: [mem 0x00000000-0x00003fff 64bit pref]
[    1.742252] pci 0000:60:00.1: VF(n) BAR3 space: [mem 0x00000000-0x0007ffff 64bit pref] (contains BAR3 for 32 VFs)
[    1.742414] pci 0000:5f:03.0: PCI bridge to [bus 60]
[    1.742419] pci 0000:5f:03.0:   bridge window [mem 0xc5d00000-0xc5dfffff]
[    1.742423] pci 0000:5f:03.0:   bridge window [mem 0xc3000000-0xc50fffff 64bit pref]
[    1.742439] pci_bus 0000:5d: on NUMA node 0
[    1.742660] ACPI: PCI Root Bridge [PC06] (domain 0000 [bus 80-84])
[    1.742664] acpi PNP0A08:06: _OSC: OS supports [ExtendedConfig ASPM ClockPM Segments MSI]
[    1.743001] acpi PNP0A08:06: _OSC: platform does not support [AER LTR]
[    1.743250] acpi PNP0A08:06: _OSC: OS now controls [PCIeHotplug PME PCIeCapability]
[    1.743251] acpi PNP0A08:06: FADT indicates ASPM is unsupported, using BIOS configuration
[    1.743449] PCI host bridge to bus 0000:80
[    1.743451] pci_bus 0000:80: root bus resource [io  0xa000-0xbfff window]
[    1.743452] pci_bus 0000:80: root bus resource [mem 0xc6000000-0xd37fbfff window]
[    1.743453] pci_bus 0000:80: root bus resource [mem 0x390000000000-0x393fffffffff window]
[    1.743455] pci_bus 0000:80: root bus resource [bus 80-84]
[    1.743465] pci 0000:80:04.0: [8086:2021] type 00 class 0x088000
[    1.743478] pci 0000:80:04.0: reg 0x10: [mem 0x393ffff1c000-0x393ffff1ffff 64bit]
[    1.743588] pci 0000:80:04.1: [8086:2021] type 00 class 0x088000
[    1.743600] pci 0000:80:04.1: reg 0x10: [mem 0x393ffff18000-0x393ffff1bfff 64bit]
[    1.743703] pci 0000:80:04.2: [8086:2021] type 00 class 0x088000
[    1.743715] pci 0000:80:04.2: reg 0x10: [mem 0x393ffff14000-0x393ffff17fff 64bit]
[    1.743816] pci 0000:80:04.3: [8086:2021] type 00 class 0x088000
[    1.743829] pci 0000:80:04.3: reg 0x10: [mem 0x393ffff10000-0x393ffff13fff 64bit]
[    1.743932] pci 0000:80:04.4: [8086:2021] type 00 class 0x088000
[    1.743945] pci 0000:80:04.4: reg 0x10: [mem 0x393ffff0c000-0x393ffff0ffff 64bit]
[    1.744055] pci 0000:80:04.5: [8086:2021] type 00 class 0x088000
[    1.744067] pci 0000:80:04.5: reg 0x10: [mem 0x393ffff08000-0x393ffff0bfff 64bit]
[    1.744168] pci 0000:80:04.6: [8086:2021] type 00 class 0x088000
[    1.744181] pci 0000:80:04.6: reg 0x10: [mem 0x393ffff04000-0x393ffff07fff 64bit]
[    1.744283] pci 0000:80:04.7: [8086:2021] type 00 class 0x088000
[    1.744296] pci 0000:80:04.7: reg 0x10: [mem 0x393ffff00000-0x393ffff03fff 64bit]
[    1.744396] pci 0000:80:05.0: [8086:2024] type 00 class 0x088000
[    1.744488] pci 0000:80:05.2: [8086:2025] type 00 class 0x088000
[    1.744580] pci 0000:80:05.4: [8086:2026] type 00 class 0x080020
[    1.744590] pci 0000:80:05.4: reg 0x10: [mem 0xd3700000-0xd3700fff]
[    1.744687] pci 0000:80:08.0: [8086:2014] type 00 class 0x088000
[    1.744771] pci 0000:80:08.1: [8086:2015] type 00 class 0x110100
[    1.744838] pci 0000:80:08.2: [8086:2016] type 00 class 0x088000
[    1.744930] pci_bus 0000:80: on NUMA node 1
[    1.745036] ACPI: PCI Root Bridge [PC07] (domain 0000 [bus 85-ad])
[    1.745039] acpi PNP0A08:07: _OSC: OS supports [ExtendedConfig ASPM ClockPM Segments MSI]
[    1.745594] acpi PNP0A08:07: _OSC: platform does not support [AER LTR]
[    1.745918] acpi PNP0A08:07: _OSC: OS now controls [PCIeHotplug PME PCIeCapability]
[    1.745918] acpi PNP0A08:07: FADT indicates ASPM is unsupported, using BIOS configuration
[    1.746226] PCI host bridge to bus 0000:85
[    1.746228] pci_bus 0000:85: root bus resource [io  0xc000-0xdfff window]
[    1.746229] pci_bus 0000:85: root bus resource [mem 0xd3800000-0xe0ffbfff window]
[    1.746230] pci_bus 0000:85: root bus resource [mem 0x394000000000-0x397fffffffff window]
[    1.746231] pci_bus 0000:85: root bus resource [bus 85-ad]
[    1.746241] pci 0000:85:05.0: [8086:2034] type 00 class 0x088000
[    1.746350] pci 0000:85:05.2: [8086:2035] type 00 class 0x088000
[    1.746453] pci 0000:85:05.4: [8086:2036] type 00 class 0x080020
[    1.746463] pci 0000:85:05.4: reg 0x10: [mem 0xe0f00000-0xe0f00fff]
[    1.746570] pci 0000:85:08.0: [8086:208d] type 00 class 0x088000
[    1.746652] pci 0000:85:08.1: [8086:208d] type 00 class 0x088000
[    1.746728] pci 0000:85:08.2: [8086:208d] type 00 class 0x088000
[    1.746804] pci 0000:85:08.3: [8086:208d] type 00 class 0x088000
[    1.746881] pci 0000:85:08.4: [8086:208d] type 00 class 0x088000
[    1.746956] pci 0000:85:08.5: [8086:208d] type 00 class 0x088000
[    1.747032] pci 0000:85:08.6: [8086:208d] type 00 class 0x088000
[    1.747108] pci 0000:85:08.7: [8086:208d] type 00 class 0x088000
[    1.747183] pci 0000:85:09.0: [8086:208d] type 00 class 0x088000
[    1.747264] pci 0000:85:09.1: [8086:208d] type 00 class 0x088000
[    1.747345] pci 0000:85:0e.0: [8086:208e] type 00 class 0x088000
[    1.747424] pci 0000:85:0e.1: [8086:208e] type 00 class 0x088000
[    1.747501] pci 0000:85:0e.2: [8086:208e] type 00 class 0x088000
[    1.747577] pci 0000:85:0e.3: [8086:208e] type 00 class 0x088000
[    1.747653] pci 0000:85:0e.4: [8086:208e] type 00 class 0x088000
[    1.747728] pci 0000:85:0e.5: [8086:208e] type 00 class 0x088000
[    1.747803] pci 0000:85:0e.6: [8086:208e] type 00 class 0x088000
[    1.747878] pci 0000:85:0e.7: [8086:208e] type 00 class 0x088000
[    1.747953] pci 0000:85:0f.0: [8086:208e] type 00 class 0x088000
[    1.748033] pci 0000:85:0f.1: [8086:208e] type 00 class 0x088000
[    1.748121] pci 0000:85:1d.0: [8086:2054] type 00 class 0x088000
[    1.748202] pci 0000:85:1d.1: [8086:2055] type 00 class 0x088000
[    1.748278] pci 0000:85:1d.2: [8086:2056] type 00 class 0x088000
[    1.748355] pci 0000:85:1d.3: [8086:2057] type 00 class 0x088000
[    1.748434] pci 0000:85:1e.0: [8086:2080] type 00 class 0x088000
[    1.748513] pci 0000:85:1e.1: [8086:2081] type 00 class 0x088000
[    1.748589] pci 0000:85:1e.2: [8086:2082] type 00 class 0x088000
[    1.748664] pci 0000:85:1e.3: [8086:2083] type 00 class 0x088000
[    1.748742] pci 0000:85:1e.4: [8086:2084] type 00 class 0x088000
[    1.748818] pci 0000:85:1e.5: [8086:2085] type 00 class 0x088000
[    1.748894] pci 0000:85:1e.6: [8086:2086] type 00 class 0x088000
[    1.748969] pci_bus 0000:85: on NUMA node 1
[    1.749094] ACPI: PCI Root Bridge [PC08] (domain 0000 [bus ae-d6])
[    1.749097] acpi PNP0A08:08: _OSC: OS supports [ExtendedConfig ASPM ClockPM Segments MSI]
[    1.749650] acpi PNP0A08:08: _OSC: platform does not support [AER LTR]
[    1.749975] acpi PNP0A08:08: _OSC: OS now controls [PCIeHotplug PME PCIeCapability]
[    1.749976] acpi PNP0A08:08: FADT indicates ASPM is unsupported, using BIOS configuration
[    1.750236] PCI host bridge to bus 0000:ae
[    1.750238] pci_bus 0000:ae: root bus resource [io  0xe000-0xefff window]
[    1.750239] pci_bus 0000:ae: root bus resource [mem 0xe1000000-0xee7fbfff window]
[    1.750240] pci_bus 0000:ae: root bus resource [mem 0x398000000000-0x39bfffffffff window]
[    1.750242] pci_bus 0000:ae: root bus resource [bus ae-d6]
[    1.750251] pci 0000:ae:05.0: [8086:2034] type 00 class 0x088000
[    1.750347] pci 0000:ae:05.2: [8086:2035] type 00 class 0x088000
[    1.750448] pci 0000:ae:05.4: [8086:2036] type 00 class 0x080020
[    1.750458] pci 0000:ae:05.4: reg 0x10: [mem 0xee700000-0xee700fff]
[    1.750552] pci 0000:ae:08.0: [8086:2066] type 00 class 0x088000
[    1.750644] pci 0000:ae:09.0: [8086:2066] type 00 class 0x088000
[    1.750734] pci 0000:ae:0a.0: [8086:2040] type 00 class 0x088000
[    1.750820] pci 0000:ae:0a.1: [8086:2041] type 00 class 0x088000
[    1.750901] pci 0000:ae:0a.2: [8086:2042] type 00 class 0x088000
[    1.750985] pci 0000:ae:0a.3: [8086:2043] type 00 class 0x088000
[    1.751067] pci 0000:ae:0a.4: [8086:2044] type 00 class 0x088000
[    1.751149] pci 0000:ae:0a.5: [8086:2045] type 00 class 0x088000
[    1.751233] pci 0000:ae:0a.6: [8086:2046] type 00 class 0x088000
[    1.751314] pci 0000:ae:0a.7: [8086:2047] type 00 class 0x088000
[    1.751395] pci 0000:ae:0b.0: [8086:2048] type 00 class 0x088000
[    1.751484] pci 0000:ae:0b.1: [8086:2049] type 00 class 0x088000
[    1.751564] pci 0000:ae:0b.2: [8086:204a] type 00 class 0x088000
[    1.751647] pci 0000:ae:0b.3: [8086:204b] type 00 class 0x088000
[    1.751730] pci 0000:ae:0c.0: [8086:2040] type 00 class 0x088000
[    1.751817] pci 0000:ae:0c.1: [8086:2041] type 00 class 0x088000
[    1.751899] pci 0000:ae:0c.2: [8086:2042] type 00 class 0x088000
[    1.751982] pci 0000:ae:0c.3: [8086:2043] type 00 class 0x088000
[    1.752063] pci 0000:ae:0c.4: [8086:2044] type 00 class 0x088000
[    1.752148] pci 0000:ae:0c.5: [8086:2045] type 00 class 0x088000
[    1.752230] pci 0000:ae:0c.6: [8086:2046] type 00 class 0x088000
[    1.752312] pci 0000:ae:0c.7: [8086:2047] type 00 class 0x088000
[    1.752395] pci 0000:ae:0d.0: [8086:2048] type 00 class 0x088000
[    1.752482] pci 0000:ae:0d.1: [8086:2049] type 00 class 0x088000
[    1.752563] pci 0000:ae:0d.2: [8086:204a] type 00 class 0x088000
[    1.752645] pci 0000:ae:0d.3: [8086:204b] type 00 class 0x088000
[    1.752737] pci_bus 0000:ae: on NUMA node 1
[    1.752851] ACPI: PCI Root Bridge [PC09] (domain 0000 [bus d7-ff])
[    1.752854] acpi PNP0A08:09: _OSC: OS supports [ExtendedConfig ASPM ClockPM Segments MSI]
[    1.753403] acpi PNP0A08:09: _OSC: platform does not support [AER LTR]
[    1.753725] acpi PNP0A08:09: _OSC: OS now controls [PCIeHotplug PME PCIeCapability]
[    1.753726] acpi PNP0A08:09: FADT indicates ASPM is unsupported, using BIOS configuration
[    1.753984] PCI host bridge to bus 0000:d7
[    1.753986] pci_bus 0000:d7: root bus resource [io  0xf000-0xffff window]
[    1.753987] pci_bus 0000:d7: root bus resource [mem 0xee800000-0xfbffbfff window]
[    1.753989] pci_bus 0000:d7: root bus resource [mem 0x39c000000000-0x39ffffffffff window]
[    1.753990] pci_bus 0000:d7: root bus resource [bus d7-ff]
[    1.754000] pci 0000:d7:05.0: [8086:2034] type 00 class 0x088000
[    1.754095] pci 0000:d7:05.2: [8086:2035] type 00 class 0x088000
[    1.754186] pci 0000:d7:05.4: [8086:2036] type 00 class 0x080020
[    1.754197] pci 0000:d7:05.4: reg 0x10: [mem 0xfbf00000-0xfbf00fff]
[    1.754297] pci 0000:d7:0e.0: [8086:2058] type 00 class 0x110100
[    1.754382] pci 0000:d7:0e.1: [8086:2059] type 00 class 0x088000
[    1.754464] pci 0000:d7:0f.0: [8086:2058] type 00 class 0x110100
[    1.754547] pci 0000:d7:0f.1: [8086:2059] type 00 class 0x088000
[    1.754629] pci 0000:d7:12.0: [8086:204c] type 00 class 0x110100
[    1.754711] pci 0000:d7:12.1: [8086:204d] type 00 class 0x110100
[    1.754777] pci 0000:d7:12.2: [8086:204e] type 00 class 0x088000
[    1.754844] pci 0000:d7:15.0: [8086:2018] type 00 class 0x088000
[    1.754914] pci 0000:d7:16.0: [8086:2018] type 00 class 0x088000
[    1.754984] pci 0000:d7:16.4: [8086:2018] type 00 class 0x088000
[    1.755053] pci_bus 0000:d7: on NUMA node 1
[    1.755571] ACPI: PCI Interrupt Link [LNKA] (IRQs 3 4 5 6 7 10 *11 12 14 15)
[    1.755635] ACPI: PCI Interrupt Link [LNKB] (IRQs 3 4 5 6 7 *10 11 12 14 15)
[    1.755697] ACPI: PCI Interrupt Link [LNKC] (IRQs 3 4 5 6 10 *11 12 14 15)
[    1.755758] ACPI: PCI Interrupt Link [LNKD] (IRQs 3 4 5 6 10 *11 12 14 15)
[    1.755820] ACPI: PCI Interrupt Link [LNKE] (IRQs 3 4 5 6 7 10 *11 12 14 15)
[    1.755882] ACPI: PCI Interrupt Link [LNKF] (IRQs 3 4 5 6 7 10 *11 12 14 15)
[    1.755943] ACPI: PCI Interrupt Link [LNKG] (IRQs 3 4 5 6 7 10 *11 12 14 15)
[    1.756004] ACPI: PCI Interrupt Link [LNKH] (IRQs 3 4 5 6 7 10 *11 12 14 15)
[    1.758221] pci 0000:03:00.0: vgaarb: setting as boot VGA device
[    1.758221] pci 0000:03:00.0: vgaarb: VGA device added: decodes=io+mem,owns=io+mem,locks=none
[    1.758270] pci 0000:03:00.0: vgaarb: bridge control possible
[    1.758271] vgaarb: loaded
[    1.758473] SCSI subsystem initialized
[    1.758509] libata version 3.00 loaded.
[    1.758509] ACPI: bus type USB registered
[    1.758509] usbcore: registered new interface driver usbfs
[    1.758509] usbcore: registered new interface driver hub
[    1.758509] usbcore: registered new device driver usb
[    1.758509] EDAC MC: Ver: 3.0.0
[    1.758526] PCI: Using ACPI for IRQ routing
[    1.761328] PCI: pci_cache_line_size set to 64 bytes
[    1.761594] e820: reserve RAM buffer [mem 0x00099800-0x0009ffff]
[    1.761595] e820: reserve RAM buffer [mem 0x6a549000-0x6bffffff]
[    1.761596] e820: reserve RAM buffer [mem 0x6c754000-0x6fffffff]
[    1.761597] e820: reserve RAM buffer [mem 0x6f800000-0x6fffffff]
[    1.762196] NetLabel: Initializing
[    1.762196] NetLabel:  domain hash size = 128
[    1.762196] NetLabel:  protocols = UNLABELED CIPSOv4 CALIPSO
[    1.762196] NetLabel:  unlabeled traffic allowed by default
[    1.762430] hpet0: at MMIO 0xfed00000, IRQs 2, 8, 0, 0, 0, 0, 0, 0
[    1.762434] hpet0: 8 comparators, 64-bit 24.000000 MHz counter
[    1.766197] clocksource: Switched to clocksource tsc-early
[    1.780556] VFS: Disk quotas dquot_6.6.0
[    1.780580] VFS: Dquot-cache hash table entries: 512 (order 0, 4096 bytes)
[    1.780614] *** VALIDATE hugetlbfs ***
[    1.780743] AppArmor: AppArmor Filesystem Enabled
[    1.780770] pnp: PnP ACPI init
[    1.781454] pnp 00:00: Plug and Play ACPI device, IDs PNP0b00 (active)
[    1.781645] system 00:01: [io  0x0500-0x053f] has been reserved
[    1.781647] system 00:01: [io  0x0400-0x047f] has been reserved
[    1.781648] system 00:01: [io  0x0540-0x057f] has been reserved
[    1.781650] system 00:01: [io  0x0600-0x061f] has been reserved
[    1.781651] system 00:01: [io  0x0880-0x0883] has been reserved
[    1.781652] system 00:01: [io  0x0800-0x081f] could not be reserved
[    1.781655] system 00:01: [mem 0xfed1c000-0xfed3ffff] could not be reserved
[    1.781656] system 00:01: [mem 0xfed45000-0xfed8bfff] has been reserved
[    1.781657] system 00:01: [mem 0xff000000-0xffffffff] has been reserved
[    1.781659] system 00:01: [mem 0xfee00000-0xfeefffff] has been reserved
[    1.781660] system 00:01: [mem 0xfed12000-0xfed1200f] has been reserved
[    1.781661] system 00:01: [mem 0xfed12010-0xfed1201f] has been reserved
[    1.781663] system 00:01: [mem 0xfed1b000-0xfed1bfff] has been reserved
[    1.781667] system 00:01: Plug and Play ACPI device, IDs PNP0c02 (active)
[    1.782128] system 00:02: [io  0x0a00-0x0a0f] has been reserved
[    1.782129] system 00:02: [io  0x0a10-0x0a1f] has been reserved
[    1.782130] system 00:02: [io  0x0a20-0x0a2f] has been reserved
[    1.782132] system 00:02: [io  0x0a30-0x0a3f] has been reserved
[    1.782133] system 00:02: [io  0x0a40-0x0a4f] has been reserved
[    1.782136] system 00:02: Plug and Play ACPI device, IDs PNP0c02 (active)
[    1.782479] pnp 00:03: [dma 0 disabled]
[    1.782517] pnp 00:03: Plug and Play ACPI device, IDs PNP0501 (active)
[    1.782837] pnp 00:04: [dma 0 disabled]
[    1.782875] pnp 00:04: Plug and Play ACPI device, IDs PNP0501 (active)
[    1.783126] system 00:05: [mem 0xfd000000-0xfdabffff] has been reserved
[    1.783128] system 00:05: [mem 0xfdad0000-0xfdadffff] has been reserved
[    1.783129] system 00:05: [mem 0xfdb00000-0xfdffffff] has been reserved
[    1.783131] system 00:05: [mem 0xfe000000-0xfe00ffff] has been reserved
[    1.783132] system 00:05: [mem 0xfe011000-0xfe01ffff] has been reserved
[    1.783134] system 00:05: [mem 0xfe036000-0xfe03bfff] has been reserved
[    1.783135] system 00:05: [mem 0xfe03d000-0xfe3fffff] has been reserved
[    1.783136] system 00:05: [mem 0xfe410000-0xfe7fffff] has been reserved
[    1.783139] system 00:05: Plug and Play ACPI device, IDs PNP0c02 (active)
[    1.783479] system 00:06: [io  0x0f00-0x0ffe] has been reserved
[    1.783482] system 00:06: Plug and Play ACPI device, IDs PNP0c02 (active)
[    1.784624] pnp: PnP ACPI: found 7 devices
[    1.790367] clocksource: acpi_pm: mask: 0xffffff max_cycles: 0xffffff, max_idle_ns: 2085701024 ns
[    1.790380] pci 0000:00:1c.0: bridge window [io  0x1000-0x0fff] to [bus 01] add_size 1000
[    1.790383] pci 0000:00:1c.0: bridge window [mem 0x00100000-0x000fffff 64bit pref] to [bus 01] add_size 200000 add_align 100000
[    1.790385] pci 0000:00:1c.0: bridge window [mem 0x00100000-0x000fffff] to [bus 01] add_size 200000 add_align 100000
[    1.790395] pci 0000:00:1c.0: BAR 14: assigned [mem 0x90000000-0x901fffff]
[    1.790399] pci 0000:00:1c.0: BAR 15: assigned [mem 0x380000000000-0x3800001fffff 64bit pref]
[    1.790403] pci 0000:00:1c.0: BAR 13: assigned [io  0x1000-0x1fff]
[    1.790406] pci 0000:00:1f.4: BAR 0: assigned [mem 0x380000200000-0x3800002000ff 64bit]
[    1.790417] pci 0000:00:1c.0: PCI bridge to [bus 01]
[    1.790419] pci 0000:00:1c.0:   bridge window [io  0x1000-0x1fff]
[    1.790422] pci 0000:00:1c.0:   bridge window [mem 0x90000000-0x901fffff]
[    1.790425] pci 0000:00:1c.0:   bridge window [mem 0x380000000000-0x3800001fffff 64bit pref]
[    1.790429] pci 0000:02:00.0: PCI bridge to [bus 03]
[    1.790432] pci 0000:02:00.0:   bridge window [io  0x3000-0x3fff]
[    1.790436] pci 0000:02:00.0:   bridge window [mem 0x9c000000-0x9d0fffff]
[    1.790444] pci 0000:00:1c.5: PCI bridge to [bus 02-03]
[    1.790446] pci 0000:00:1c.5:   bridge window [io  0x3000-0x3fff]
[    1.790449] pci 0000:00:1c.5:   bridge window [mem 0x9c000000-0x9d0fffff]
[    1.790456] pci_bus 0000:00: resource 4 [io  0x0000-0x03af window]
[    1.790457] pci_bus 0000:00: resource 5 [io  0x03e0-0x0cf7 window]
[    1.790458] pci_bus 0000:00: resource 6 [io  0x03b0-0x03bb window]
[    1.790459] pci_bus 0000:00: resource 7 [io  0x03c0-0x03df window]
[    1.790460] pci_bus 0000:00: resource 8 [io  0x1000-0x3fff window]
[    1.790461] pci_bus 0000:00: resource 9 [mem 0x000a0000-0x000bffff window]
[    1.790462] pci_bus 0000:00: resource 10 [mem 0x000c4000-0x000c7fff window]
[    1.790463] pci_bus 0000:00: resource 11 [mem 0xfe010000-0xfe010fff window]
[    1.790464] pci_bus 0000:00: resource 12 [mem 0x90000000-0x9d7fbfff window]
[    1.790465] pci_bus 0000:00: resource 13 [mem 0x380000000000-0x383fffffffff window]
[    1.790467] pci_bus 0000:01: resource 0 [io  0x1000-0x1fff]
[    1.790468] pci_bus 0000:01: resource 1 [mem 0x90000000-0x901fffff]
[    1.790469] pci_bus 0000:01: resource 2 [mem 0x380000000000-0x3800001fffff 64bit pref]
[    1.790470] pci_bus 0000:02: resource 0 [io  0x3000-0x3fff]
[    1.790471] pci_bus 0000:02: resource 1 [mem 0x9c000000-0x9d0fffff]
[    1.790472] pci_bus 0000:03: resource 0 [io  0x3000-0x3fff]
[    1.790473] pci_bus 0000:03: resource 1 [mem 0x9c000000-0x9d0fffff]
[    1.790599] pci 0000:17:00.0: PCI bridge to [bus 18]
[    1.790602] pci 0000:17:00.0:   bridge window [mem 0xaad00000-0xaaefffff]
[    1.790604] pci 0000:17:00.0:   bridge window [mem 0x387ffc000000-0x387fffffffff 64bit pref]
[    1.790609] pci_bus 0000:17: resource 4 [io  0x4000-0x5fff window]
[    1.790610] pci_bus 0000:17: resource 5 [mem 0x9d800000-0xaaffbfff window]
[    1.790611] pci_bus 0000:17: resource 6 [mem 0x384000000000-0x387fffffffff window]
[    1.790612] pci_bus 0000:18: resource 1 [mem 0xaad00000-0xaaefffff]
[    1.790613] pci_bus 0000:18: resource 2 [mem 0x387ffc000000-0x387fffffffff 64bit pref]
[    1.790639] pci_bus 0000:3a: resource 4 [io  0x6000-0x7fff window]
[    1.790640] pci_bus 0000:3a: resource 5 [mem 0xab000000-0xb87fbfff window]
[    1.790641] pci_bus 0000:3a: resource 6 [mem 0x388000000000-0x38bfffffffff window]
[    1.790657] pci_bus 0000:5d: max bus depth: 3 pci_try_num: 4
[    1.790665] pci 0000:60:00.0: BAR 7: no space for [mem size 0x00400000 64bit pref]
[    1.790667] pci 0000:60:00.0: BAR 7: failed to assign [mem size 0x00400000 64bit pref]
[    1.790669] pci 0000:60:00.1: BAR 7: no space for [mem size 0x00400000 64bit pref]
[    1.790670] pci 0000:60:00.1: BAR 7: failed to assign [mem size 0x00400000 64bit pref]
[    1.790672] pci 0000:60:00.0: BAR 10: assigned [mem 0xc5010000-0xc508ffff 64bit pref]
[    1.790676] pci 0000:60:00.1: BAR 10: no space for [mem size 0x00080000 64bit pref]
[    1.790677] pci 0000:60:00.1: BAR 10: failed to assign [mem size 0x00080000 64bit pref]
[    1.790679] pci 0000:5f:03.0: PCI bridge to [bus 60]
[    1.790683] pci 0000:5f:03.0:   bridge window [mem 0xc5d00000-0xc5dfffff]
[    1.790685] pci 0000:5f:03.0:   bridge window [mem 0xc3000000-0xc50fffff 64bit pref]
[    1.790690] pci 0000:5e:00.0: PCI bridge to [bus 5f-60]
[    1.790693] pci 0000:5e:00.0:   bridge window [mem 0xc5d00000-0xc5dfffff]
[    1.790696] pci 0000:5e:00.0:   bridge window [mem 0xc3000000-0xc50fffff 64bit pref]
[    1.790700] pci 0000:5d:00.0: PCI bridge to [bus 5e-60]
[    1.790703] pci 0000:5d:00.0:   bridge window [mem 0xc5c00000-0xc5efffff]
[    1.790705] pci 0000:5d:00.0:   bridge window [mem 0xc3000000-0xc50fffff 64bit pref]
[    1.790708] pci_bus 0000:5d: No. 2 try to assign unassigned res
[    1.790709] release child resource [mem 0xc3000000-0xc3ffffff 64bit pref]
[    1.790710] release child resource [mem 0xc4000000-0xc4ffffff 64bit pref]
[    1.790711] release child resource [mem 0xc5000000-0xc5007fff 64bit pref]
[    1.790711] release child resource [mem 0xc5008000-0xc500ffff 64bit pref]
[    1.790712] release child resource [mem 0xc5010000-0xc508ffff 64bit pref]
[    1.790713] pci 0000:5f:03.0: resource 15 [mem 0xc3000000-0xc50fffff 64bit pref] released
[    1.790714] pci 0000:5f:03.0: PCI bridge to [bus 60]
[    1.790724] pci 0000:5f:03.0: BAR 15: no space for [mem size 0x03000000 64bit pref]
[    1.790725] pci 0000:5f:03.0: BAR 15: failed to assign [mem size 0x03000000 64bit pref]
[    1.790728] pci 0000:60:00.0: BAR 0: no space for [mem size 0x01000000 64bit pref]
[    1.790729] pci 0000:60:00.0: BAR 0: failed to assign [mem size 0x01000000 64bit pref]
[    1.790731] pci 0000:60:00.1: BAR 0: no space for [mem size 0x01000000 64bit pref]
[    1.790732] pci 0000:60:00.1: BAR 0: failed to assign [mem size 0x01000000 64bit pref]
[    1.790733] pci 0000:60:00.0: BAR 7: no space for [mem size 0x00400000 64bit pref]
[    1.790734] pci 0000:60:00.0: BAR 7: failed to assign [mem size 0x00400000 64bit pref]
[    1.790735] pci 0000:60:00.1: BAR 7: no space for [mem size 0x00400000 64bit pref]
[    1.790736] pci 0000:60:00.1: BAR 7: failed to assign [mem size 0x00400000 64bit pref]
[    1.790738] pci 0000:60:00.0: BAR 3: no space for [mem size 0x00008000 64bit pref]
[    1.790739] pci 0000:60:00.0: BAR 3: failed to assign [mem size 0x00008000 64bit pref]
[    1.790740] pci 0000:60:00.1: BAR 3: no space for [mem size 0x00008000 64bit pref]
[    1.790741] pci 0000:60:00.1: BAR 3: failed to assign [mem size 0x00008000 64bit pref]
[    1.790742] pci 0000:60:00.0: BAR 10: no space for [mem size 0x00080000 64bit pref]
[    1.790743] pci 0000:60:00.0: BAR 10: failed to assign [mem size 0x00080000 64bit pref]
[    1.790745] pci 0000:60:00.1: BAR 10: no space for [mem size 0x00080000 64bit pref]
[    1.790746] pci 0000:60:00.1: BAR 10: failed to assign [mem size 0x00080000 64bit pref]
[    1.790747] pci 0000:5f:03.0: PCI bridge to [bus 60]
[    1.790751] pci 0000:5f:03.0:   bridge window [mem 0xc5d00000-0xc5dfffff]
[    1.790757] pci 0000:5e:00.0: PCI bridge to [bus 5f-60]
[    1.790760] pci 0000:5e:00.0:   bridge window [mem 0xc5d00000-0xc5dfffff]
[    1.790763] pci 0000:5e:00.0:   bridge window [mem 0xc3000000-0xc50fffff 64bit pref]
[    1.790767] pci 0000:5d:00.0: PCI bridge to [bus 5e-60]
[    1.790769] pci 0000:5d:00.0:   bridge window [mem 0xc5c00000-0xc5efffff]
[    1.790771] pci 0000:5d:00.0:   bridge window [mem 0xc3000000-0xc50fffff 64bit pref]
[    1.790775] pci_bus 0000:5d: No. 3 try to assign unassigned res
[    1.790776] release child resource [mem 0xc5d00000-0xc5d7ffff pref]
[    1.790776] release child resource [mem 0xc5d80000-0xc5dfffff pref]
[    1.790777] pci 0000:5f:03.0: resource 14 [mem 0xc5d00000-0xc5dfffff] released
[    1.790778] pci 0000:5f:03.0: PCI bridge to [bus 60]
[    1.790781] pci 0000:5e:00.0: resource 15 [mem 0xc3000000-0xc50fffff 64bit pref] released
[    1.790782] pci 0000:5e:00.0: PCI bridge to [bus 5f-60]
[    1.790792] pci 0000:5e:00.0: BAR 15: no space for [mem size 0x03000000 64bit pref]
[    1.790793] pci 0000:5e:00.0: BAR 15: failed to assign [mem size 0x03000000 64bit pref]
[    1.790795] pci 0000:5f:03.0: BAR 15: no space for [mem size 0x03000000 64bit pref]
[    1.790796] pci 0000:5f:03.0: BAR 15: failed to assign [mem size 0x03000000 64bit pref]
[    1.790797] pci 0000:5f:03.0: BAR 14: assigned [mem 0xc5d00000-0xc5dfffff]
[    1.790800] pci 0000:60:00.0: BAR 0: no space for [mem size 0x01000000 64bit pref]
[    1.790801] pci 0000:60:00.0: BAR 0: failed to assign [mem size 0x01000000 64bit pref]
[    1.790802] pci 0000:60:00.1: BAR 0: no space for [mem size 0x01000000 64bit pref]
[    1.790803] pci 0000:60:00.1: BAR 0: failed to assign [mem size 0x01000000 64bit pref]
[    1.790805] pci 0000:60:00.0: BAR 6: assigned [mem 0xc5d00000-0xc5d7ffff pref]
[    1.790806] pci 0000:60:00.1: BAR 6: assigned [mem 0xc5d80000-0xc5dfffff pref]
[    1.790808] pci 0000:60:00.0: BAR 7: no space for [mem size 0x00400000 64bit pref]
[    1.790809] pci 0000:60:00.0: BAR 7: failed to assign [mem size 0x00400000 64bit pref]
[    1.790810] pci 0000:60:00.1: BAR 7: no space for [mem size 0x00400000 64bit pref]
[    1.790811] pci 0000:60:00.1: BAR 7: failed to assign [mem size 0x00400000 64bit pref]
[    1.790812] pci 0000:60:00.0: BAR 3: no space for [mem size 0x00008000 64bit pref]
[    1.790813] pci 0000:60:00.0: BAR 3: failed to assign [mem size 0x00008000 64bit pref]
[    1.790815] pci 0000:60:00.1: BAR 3: no space for [mem size 0x00008000 64bit pref]
[    1.790816] pci 0000:60:00.1: BAR 3: failed to assign [mem size 0x00008000 64bit pref]
[    1.790817] pci 0000:60:00.0: BAR 10: no space for [mem size 0x00080000 64bit pref]
[    1.790818] pci 0000:60:00.0: BAR 10: failed to assign [mem size 0x00080000 64bit pref]
[    1.790819] pci 0000:60:00.1: BAR 10: no space for [mem size 0x00080000 64bit pref]
[    1.790821] pci 0000:60:00.1: BAR 10: failed to assign [mem size 0x00080000 64bit pref]
[    1.790822] pci 0000:5f:03.0: PCI bridge to [bus 60]
[    1.790825] pci 0000:5f:03.0:   bridge window [mem 0xc5d00000-0xc5dfffff]
[    1.790832] pci 0000:5e:00.0: PCI bridge to [bus 5f-60]
[    1.790835] pci 0000:5e:00.0:   bridge window [mem 0xc5d00000-0xc5dfffff]
[    1.790840] pci 0000:5d:00.0: PCI bridge to [bus 5e-60]
[    1.790843] pci 0000:5d:00.0:   bridge window [mem 0xc5c00000-0xc5efffff]
[    1.790845] pci 0000:5d:00.0:   bridge window [mem 0xc3000000-0xc50fffff 64bit pref]
[    1.790848] pci_bus 0000:5d: No. 4 try to assign unassigned res
[    1.790849] release child resource [mem 0xc5d00000-0xc5d7ffff pref]
[    1.790850] release child resource [mem 0xc5d80000-0xc5dfffff pref]
[    1.790851] pci 0000:5f:03.0: resource 14 [mem 0xc5d00000-0xc5dfffff] released
[    1.790852] pci 0000:5f:03.0: PCI bridge to [bus 60]
[    1.790855] pci 0000:5e:00.0: resource 14 [mem 0xc5d00000-0xc5dfffff] released
[    1.790855] pci 0000:5e:00.0: PCI bridge to [bus 5f-60]
[    1.790858] pci 0000:5d:00.0: resource 15 [mem 0xc3000000-0xc50fffff 64bit pref] released
[    1.790859] pci 0000:5d:00.0: PCI bridge to [bus 5e-60]
[    1.790865] pci 0000:5f:03.0: bridge window [mem 0x00800000-0x037fffff 64bit pref] to [bus 60] add_size 1000000 add_align 800000
[    1.790867] pci 0000:5e:00.0: bridge window [mem 0x00800000-0x037fffff 64bit pref] to [bus 5f-60] add_size 1000000 add_align 800000
[    1.790869] pci 0000:5d:00.0: bridge window [mem 0x00800000-0x037fffff 64bit pref] to [bus 5e-60] add_size 1000000 add_align 800000
[    1.790873] pci 0000:5d:00.0: BAR 15: assigned [mem 0x38c000000000-0x38c003ffffff 64bit pref]
[    1.790875] pci 0000:5e:00.0: BAR 15: assigned [mem 0x38c000000000-0x38c003ffffff 64bit pref]
[    1.790876] pci 0000:5e:00.0: BAR 14: assigned [mem 0xc5d00000-0xc5dfffff]
[    1.790879] pci 0000:5f:03.0: BAR 15: assigned [mem 0x38c000000000-0x38c003ffffff 64bit pref]
[    1.790880] pci 0000:5f:03.0: BAR 14: assigned [mem 0xc5d00000-0xc5dfffff]
[    1.790885] pci 0000:60:00.0: BAR 0: assigned [mem 0x38c000000000-0x38c000ffffff 64bit pref]
[    1.790893] pci 0000:60:00.1: BAR 0: assigned [mem 0x38c001000000-0x38c001ffffff 64bit pref]
[    1.790901] pci 0000:60:00.0: BAR 6: assigned [mem 0xc5d00000-0xc5d7ffff pref]
[    1.790903] pci 0000:60:00.1: BAR 6: assigned [mem 0xc5d80000-0xc5dfffff pref]
[    1.790904] pci 0000:60:00.0: BAR 7: assigned [mem 0x38c002000000-0x38c0023fffff 64bit pref]
[    1.790907] pci 0000:60:00.1: BAR 7: assigned [mem 0x38c002400000-0x38c0027fffff 64bit pref]
[    1.790911] pci 0000:60:00.0: BAR 3: assigned [mem 0x38c002800000-0x38c002807fff 64bit pref]
[    1.790919] pci 0000:60:00.1: BAR 3: assigned [mem 0x38c002808000-0x38c00280ffff 64bit pref]
[    1.790927] pci 0000:60:00.0: BAR 10: assigned [mem 0x38c002810000-0x38c00288ffff 64bit pref]
[    1.790931] pci 0000:60:00.1: BAR 10: assigned [mem 0x38c002890000-0x38c00290ffff 64bit pref]
[    1.790935] pci 0000:5f:03.0: PCI bridge to [bus 60]
[    1.790938] pci 0000:5f:03.0:   bridge window [mem 0xc5d00000-0xc5dfffff]
[    1.790941] pci 0000:5f:03.0:   bridge window [mem 0x38c000000000-0x38c003ffffff 64bit pref]
[    1.790946] pci 0000:5e:00.0: PCI bridge to [bus 5f-60]
[    1.790949] pci 0000:5e:00.0:   bridge window [mem 0xc5d00000-0xc5dfffff]
[    1.790952] pci 0000:5e:00.0:   bridge window [mem 0x38c000000000-0x38c003ffffff 64bit pref]
[    1.790955] pci 0000:5d:00.0: PCI bridge to [bus 5e-60]
[    1.790958] pci 0000:5d:00.0:   bridge window [mem 0xc5c00000-0xc5efffff]
[    1.790960] pci 0000:5d:00.0:   bridge window [mem 0x38c000000000-0x38c003ffffff 64bit pref]
[    1.790964] pci_bus 0000:5d: resource 4 [io  0x8000-0x9fff window]
[    1.790965] pci_bus 0000:5d: resource 5 [mem 0xb8800000-0xc5ffbfff window]
[    1.790966] pci_bus 0000:5d: resource 6 [mem 0x38c000000000-0x38ffffffffff window]
[    1.790967] pci_bus 0000:5e: resource 1 [mem 0xc5c00000-0xc5efffff]
[    1.790968] pci_bus 0000:5e: resource 2 [mem 0x38c000000000-0x38c003ffffff 64bit pref]
[    1.790969] pci_bus 0000:5f: resource 1 [mem 0xc5d00000-0xc5dfffff]
[    1.790970] pci_bus 0000:5f: resource 2 [mem 0x38c000000000-0x38c003ffffff 64bit pref]
[    1.790971] pci_bus 0000:60: resource 1 [mem 0xc5d00000-0xc5dfffff]
[    1.790972] pci_bus 0000:60: resource 2 [mem 0x38c000000000-0x38c003ffffff 64bit pref]
[    1.790999] pci_bus 0000:80: resource 4 [io  0xa000-0xbfff window]
[    1.791000] pci_bus 0000:80: resource 5 [mem 0xc6000000-0xd37fbfff window]
[    1.791001] pci_bus 0000:80: resource 6 [mem 0x390000000000-0x393fffffffff window]
[    1.791017] pci_bus 0000:85: resource 4 [io  0xc000-0xdfff window]
[    1.791018] pci_bus 0000:85: resource 5 [mem 0xd3800000-0xe0ffbfff window]
[    1.791019] pci_bus 0000:85: resource 6 [mem 0x394000000000-0x397fffffffff window]
[    1.791043] pci_bus 0000:ae: resource 4 [io  0xe000-0xefff window]
[    1.791044] pci_bus 0000:ae: resource 5 [mem 0xe1000000-0xee7fbfff window]
[    1.791045] pci_bus 0000:ae: resource 6 [mem 0x398000000000-0x39bfffffffff window]
[    1.791062] pci_bus 0000:d7: resource 4 [io  0xf000-0xffff window]
[    1.791063] pci_bus 0000:d7: resource 5 [mem 0xee800000-0xfbffbfff window]
[    1.791064] pci_bus 0000:d7: resource 6 [mem 0x39c000000000-0x39ffffffffff window]
[    1.791135] NET: Registered protocol family 2
[    1.791379] tcp_listen_portaddr_hash hash table entries: 65536 (order: 8, 1048576 bytes)
[    1.791652] TCP established hash table entries: 524288 (order: 10, 4194304 bytes)
[    1.792273] TCP bind hash table entries: 65536 (order: 8, 1048576 bytes)
[    1.792408] TCP: Hash tables configured (established 524288 bind 65536)
[    1.792538] UDP hash table entries: 65536 (order: 9, 2097152 bytes)
[    1.792897] UDP-Lite hash table entries: 65536 (order: 9, 2097152 bytes)
[    1.793328] NET: Registered protocol family 1
[    1.808033] pci 0000:00:14.0: quirk_usb_early_handoff+0x0/0x680 took 14310 usecs
[    1.808074] pci 0000:03:00.0: Video device with shadowed ROM at [mem 0x000c0000-0x000dffff]
[    1.808383] PCI: CLS mismatch (64 != 32), using 64 bytes
[    1.808680] Unpacking initramfs...
[    2.856615] Freeing initrd memory: 59396K
[    2.878235] PCI-DMA: Using software bounce buffering for IO (SWIOTLB)
[    2.878239] software IO TLB: mapped [mem 0x66549000-0x6a549000] (64MB)
[    2.880072] check: Scanning for low memory corruption every 60 seconds
[    2.882821] Initialise system trusted keyrings
[    2.882832] Key type blacklist registered
[    2.882888] workingset: timestamp_bits=36 max_order=25 bucket_order=0
[    2.884338] zbud: loaded
[    2.884943] squashfs: version 4.0 (2009/01/31) Phillip Lougher
[    2.885121] fuse init (API version 7.29)
[    2.924442] Key type asymmetric registered
[    2.924443] Asymmetric key parser 'x509' registered
[    2.924450] Block layer SCSI generic (bsg) driver version 0.4 loaded (major 246)
[    2.925261] pcieport 0000:00:1c.0: Signaling PME with IRQ 25
[    2.925286] pciehp 0000:00:1c.0:pcie004: Slot #0 AttnBtn- PwrCtrl- MRL- AttnInd- PwrInd- HotPlug+ Surprise+ Interlock- NoCompl+ LLActRep+
[    2.925533] pcieport 0000:00:1c.5: Signaling PME with IRQ 26
[    2.925693] pcieport 0000:17:00.0: Signaling PME with IRQ 27
[    2.925921] pcieport 0000:5d:00.0: Signaling PME with IRQ 29
[    2.926321] vesafb: mode is 1280x1024x32, linelength=5120, pages=0
[    2.926322] vesafb: scrolling: redraw
[    2.926323] vesafb: Truecolor: size=8:8:8:8, shift=24:16:8:0
[    2.926347] vesafb: framebuffer at 0x9c000000, mapped to 0x00000000e53fd4e5, using 5120k, total 5120k
[    2.926448] Console: switching to colour frame buffer device 160x64
[    3.079874] fb0: VESA VGA frame buffer device
[    3.079889] intel_idle: MWAIT substates: 0x2020
[    3.079890] intel_idle: v0.4.1 model 0x55
[    3.080766] intel_idle: lapic_timer_reliable_states 0xffffffff
[    3.081310] input: Power Button as /devices/LNXSYSTM:00/LNXPWRBN:00/input/input0
[    3.081326] ACPI: Power Button [PWRF]
[    3.082643] ERST: Error Record Serialization Table (ERST) support is initialized.
[    3.082646] pstore: Registered erst as persistent store backend
[    3.083146] GHES: APEI firmware first mode is enabled by APEI bit and WHEA _OSC.
[    3.083303] Serial: 8250/16550 driver, 32 ports, IRQ sharing enabled
[    3.104348] 00:03: ttyS0 at I/O 0x3f8 (irq = 4, base_baud = 115200) is a 16550A
[    3.125456] 00:04: ttyS1 at I/O 0x2f8 (irq = 3, base_baud = 115200) is a 16550A
[    3.127244] Linux agpgart interface v0.103
[    3.131982] loop: module loaded
[    3.132352] libphy: Fixed MDIO Bus: probed
[    3.132353] tun: Universal TUN/TAP device driver, 1.6
[    3.132378] PPP generic driver version 2.4.2
[    3.132434] ehci_hcd: USB 2.0 'Enhanced' Host Controller (EHCI) Driver
[    3.132437] ehci-pci: EHCI PCI platform driver
[    3.132472] ehci-platform: EHCI generic platform driver
[    3.132480] ohci_hcd: USB 1.1 'Open' Host Controller (OHCI) Driver
[    3.132482] ohci-pci: OHCI PCI platform driver
[    3.132512] ohci-platform: OHCI generic platform driver
[    3.132519] uhci_hcd: USB Universal Host Controller Interface driver
[    3.132798] xhci_hcd 0000:00:14.0: xHCI Host Controller
[    3.132806] xhci_hcd 0000:00:14.0: new USB bus registered, assigned bus number 1
[    3.134373] xhci_hcd 0000:00:14.0: hcc params 0x200077c1 hci version 0x100 quirks 0x0000000000009810
[    3.134378] xhci_hcd 0000:00:14.0: cache line size of 64 is not supported
[    3.134593] usb usb1: New USB device found, idVendor=1d6b, idProduct=0002, bcdDevice= 5.01
[    3.134594] usb usb1: New USB device strings: Mfr=3, Product=2, SerialNumber=1
[    3.134596] usb usb1: Product: xHCI Host Controller
[    3.134597] usb usb1: Manufacturer: Linux 5.1.18 xhci-hcd
[    3.134598] usb usb1: SerialNumber: 0000:00:14.0
[    3.134703] hub 1-0:1.0: USB hub found
[    3.134722] hub 1-0:1.0: 16 ports detected
[    3.136516] xhci_hcd 0000:00:14.0: xHCI Host Controller
[    3.136519] xhci_hcd 0000:00:14.0: new USB bus registered, assigned bus number 2
[    3.136521] xhci_hcd 0000:00:14.0: Host supports USB 3.0 SuperSpeed
[    3.136554] usb usb2: New USB device found, idVendor=1d6b, idProduct=0003, bcdDevice= 5.01
[    3.136556] usb usb2: New USB device strings: Mfr=3, Product=2, SerialNumber=1
[    3.136557] usb usb2: Product: xHCI Host Controller
[    3.136558] usb usb2: Manufacturer: Linux 5.1.18 xhci-hcd
[    3.136558] usb usb2: SerialNumber: 0000:00:14.0
[    3.136671] hub 2-0:1.0: USB hub found
[    3.136686] hub 2-0:1.0: 10 ports detected
[    3.136891] usb: port power management may be unreliable
[    3.137824] i8042: PNP: No PS/2 controller found.
[    3.137867] mousedev: PS/2 mouse device common for all mice
[    3.137936] rtc_cmos 00:00: RTC can wake from S4
[    3.138205] rtc_cmos 00:00: registered as rtc0
[    3.138222] rtc_cmos 00:00: alarms up to one month, y3k, 114 bytes nvram, hpet irqs
[    3.138227] i2c /dev entries driver
[    3.138273] device-mapper: uevent: version 1.0.3
[    3.138326] device-mapper: ioctl: 4.40.0-ioctl (2019-01-18) initialised: dm-devel@redhat.com
[    3.138335] intel_pstate: Intel P-state driver initializing
[    3.142865] ledtrig-cpu: registered to indicate activity on CPUs
[    3.143387] NET: Registered protocol family 10
[    3.148294] Segment Routing with IPv6
[    3.148309] NET: Registered protocol family 17
[    3.148338] Key type dns_resolver registered
[    3.150425] mce: Using 20 MCE banks
[    3.150435] RAS: Correctable Errors collector initialized.
[    3.150494] microcode: sig=0x50654, pf=0x1, revision=0x2000064
[    3.151025] microcode: Microcode Update Driver: v2.2.
[    3.151035] sched_clock: Marking stable (3153492909, -2471341)->(3264882334, -113860766)
[    3.151319] registered taskstats version 1
[    3.151329] Loading compiled-in X.509 certificates
[    3.152823] Loaded X.509 cert 'Build time autogenerated kernel key: efbe70e4c5069e9a3848b69312243dc08d99a760'
[    3.152849] zswap: loaded using pool lzo/zbud
[    3.153159] pstore: Using crash dump compression: deflate
[    3.157875] Key type big_key registered
[    3.160135] Key type encrypted registered
[    3.160137] AppArmor: AppArmor sha1 policy hashing enabled
[    3.160149] ima: No TPM chip found, activating TPM-bypass!
[    3.160155] ima: Allocated hash algorithm: sha1
[    3.160161] No architecture policies found
[    3.160169] evm: Initialising EVM extended attributes:
[    3.160170] evm: security.selinux
[    3.160171] evm: security.SMACK64
[    3.160171] evm: security.SMACK64EXEC
[    3.160172] evm: security.SMACK64TRANSMUTE
[    3.160172] evm: security.SMACK64MMAP
[    3.160172] evm: security.apparmor
[    3.160173] evm: security.ima
[    3.160174] evm: security.capability
[    3.160174] evm: HMAC attrs: 0x1
[    3.161374] PM:   Magic number: 0:260:630
[    3.161456] acpi PNP0C31:00: hash matches
[    3.161465] acpi device:192: hash matches
[    3.161725] rtc_cmos 00:00: setting system clock to 2020-04-07T11:37:17 UTC (1586259437)
[    3.163913] Freeing unused decrypted memory: 2040K
[    3.164846] Freeing unused kernel image memory: 2476K
[    3.230292] Write protecting the kernel read-only data: 20480k
[    3.231313] Freeing unused kernel image memory: 2012K
[    3.232049] Freeing unused kernel image memory: 1880K
[    3.241266] x86/mm: Checked W+X mappings: passed, no W+X pages found.
[    3.241268] x86/mm: Checking user space page tables
[    3.250155] x86/mm: Checked W+X mappings: passed, no W+X pages found.
[    3.250157] Run /init as init process
[    3.420605] i801_smbus 0000:00:1f.4: enabling device (0001 -> 0003)
[    3.420765] i801_smbus 0000:00:1f.4: SPD Write Disable is set
[    3.420792] i801_smbus 0000:00:1f.4: SMBus using PCI interrupt
[    3.421293] pps_core: LinuxPPS API ver. 1 registered
[    3.421294] pps_core: Software ver. 5.3.6 - Copyright 2005-2007 Rodolfo Giometti <giometti@linux.it>
[    3.422354] PTP clock support registered
[    3.424137] ahci 0000:00:11.5: version 3.0
[    3.424353] ahci 0000:00:11.5: AHCI 0001.0301 32 slots 2 ports 6 Gbps 0x3 impl SATA mode
[    3.424355] ahci 0000:00:11.5: flags: 64bit ncq sntf led clo only pio slum part ems deso sadm sds apst 
[    3.428167] i40e: Intel(R) Ethernet Connection XL710 Network Driver - version 2.8.10-k
[    3.428168] i40e: Copyright (c) 2013 - 2014 Intel Corporation.
[    3.432524] mlx5_core 0000:18:00.0: firmware version: 12.26.4012
[    3.432550] mlx5_core 0000:18:00.0: 63.008 Gb/s available PCIe bandwidth (8 GT/s x8 link)
[    3.439048] checking generic (9c000000 500000) vs hw (9c000000 1000000)
[    3.439049] fb0: switching to astdrmfb from VESA VGA
[    3.439080] scsi host0: ahci
[    3.439293] scsi host1: ahci
[    3.439393] ata1: SATA max UDMA/133 abar m524288@0x9d180000 port 0x9d180100 irq 32
[    3.439395] ata2: SATA max UDMA/133 abar m524288@0x9d180000 port 0x9d180180 irq 32
[    3.439410] Console: switching to colour dummy device 80x25
[    3.439705] ahci 0000:00:17.0: AHCI 0001.0301 32 slots 8 ports 6 Gbps 0xff impl SATA mode
[    3.439707] ahci 0000:00:17.0: flags: 64bit ncq sntf led clo only pio slum part ems deso sadm sds apst 
[    3.440960] [drm] Using P2A bridge for configuration
[    3.440963] [drm] AST 2500 detected
[    3.440969] [drm] Analog VGA only
[    3.440982] [drm] dram MCLK=800 Mhz type=7 bus_width=16 size=00f00000
[    3.441304] [TTM] Zone  kernel: Available graphics memory: 49326206 kiB
[    3.441304] [TTM] Zone   dma32: Available graphics memory: 2097152 kiB
[    3.441305] [TTM] Initializing pool allocator
[    3.441313] [TTM] Initializing DMA pool allocator
[    3.446245] i40e 0000:60:00.0: fw 3.1.55727 api 1.5 nvm 3.31 0x80000cd9 1.1638.0
[    3.457907] i40e 0000:60:00.0: MAC address: ac:1f:6b:70:01:28
[    3.465218] i40e 0000:60:00.0 eth0: NIC Link is Up, 1000 Mbps Full Duplex, Flow Control: None
[    3.478268] usb 1-7: new high-speed USB device number 2 using xhci_hcd
[    3.626850] usb 1-7: New USB device found, idVendor=0557, idProduct=7000, bcdDevice= 0.00
[    3.626851] usb 1-7: New USB device strings: Mfr=0, Product=0, SerialNumber=0
[    3.753011] ata1: SATA link down (SStatus 0 SControl 300)
[    3.753043] ata2: SATA link down (SStatus 0 SControl 300)
[    3.868673] i40e 0000:60:00.0: Added LAN device PF0 bus=0x60 dev=0x00 func=0x00
[    3.868863] hub 1-7:1.0: USB hub found
[    3.869042] hub 1-7:1.0: 4 ports detected
[    3.869192] i40e 0000:60:00.0: Features: PF-id[0] VFs: 32 VSIs: 34 QP: 20 RSS FD_ATR FD_SB NTUPLE DCB VxLAN Geneve PTP VEPA
[    3.973685] fbcon: astdrmfb (fb0) is primary device
[    3.986372] Console: switching to colour frame buffer device 128x48
[    3.995640] ast 0000:03:00.0: fb0: astdrmfb frame buffer device
[    3.999137] scsi host2: ahci
[    3.999258] tsc: Refined TSC clocksource calibration: 2199.999 MHz
[    3.999286] clocksource: tsc: mask: 0xffffffffffffffff max_cycles: 0x1fb631c647b, max_idle_ns: 440795226700 ns
[    3.999394] clocksource: Switched to clocksource tsc
[    3.999430] scsi host3: ahci
[    3.999553] scsi host4: ahci
[    3.999672] scsi host5: ahci
[    3.999921] scsi host6: ahci
[    4.000037] scsi host7: ahci
[    4.000157] scsi host8: ahci
[    4.010202] scsi host9: ahci
[    4.010308] ata3: SATA max UDMA/133 abar m524288@0x9d100000 port 0x9d100100 irq 35
[    4.010309] ata4: SATA max UDMA/133 abar m524288@0x9d100000 port 0x9d100180 irq 35
[    4.010311] ata5: SATA max UDMA/133 abar m524288@0x9d100000 port 0x9d100200 irq 35
[    4.010312] ata6: SATA max UDMA/133 abar m524288@0x9d100000 port 0x9d100280 irq 35
[    4.010313] ata7: SATA max UDMA/133 abar m524288@0x9d100000 port 0x9d100300 irq 35
[    4.010315] ata8: SATA max UDMA/133 abar m524288@0x9d100000 port 0x9d100380 irq 35
[    4.010316] ata9: SATA max UDMA/133 abar m524288@0x9d100000 port 0x9d100400 irq 35
[    4.010318] ata10: SATA max UDMA/133 abar m524288@0x9d100000 port 0x9d100480 irq 35
[    4.015697] i40e 0000:60:00.1: fw 3.1.55727 api 1.5 nvm 3.31 0x80000cd9 1.1638.0
[    4.019219] i40e 0000:60:00.1: MAC address: ac:1f:6b:70:01:29
[    4.034208] [drm] Initialized ast 0.1.0 20120228 for 0000:03:00.0 on minor 0
[    4.042791] i40e 0000:60:00.1: Added LAN device PF1 bus=0x60 dev=0x00 func=0x01
[    4.043317] i40e 0000:60:00.1: Features: PF-id[1] VFs: 32 VSIs: 34 QP: 20 RSS FD_ATR FD_SB NTUPLE DCB VxLAN Geneve PTP VEPA
[    4.044699] i40e 0000:60:00.0 eno1: renamed from eth0
[    4.158369] i40e 0000:60:00.1 eno2: renamed from eth1
[    4.178205] usb 1-7.1: new low-speed USB device number 3 using xhci_hcd
[    4.302954] usb 1-7.1: New USB device found, idVendor=0557, idProduct=2419, bcdDevice= 1.00
[    4.302956] usb 1-7.1: New USB device strings: Mfr=0, Product=0, SerialNumber=0
[    4.310482] hidraw: raw HID events driver (C) Jiri Kosina
[    4.313543] usbcore: registered new interface driver usbhid
[    4.313544] usbhid: USB HID core driver
[    4.315456] input: HID 0557:2419 as /devices/pci0000:00/0000:00:14.0/usb1/1-7/1-7.1/1-7.1:1.0/0003:0557:2419.0001/input/input1
[    4.325017] ata3: SATA link up 6.0 Gbps (SStatus 133 SControl 300)
[    4.325034] ata4: SATA link down (SStatus 0 SControl 300)
[    4.325090] ata9: SATA link down (SStatus 0 SControl 300)
[    4.325110] ata5: SATA link down (SStatus 0 SControl 300)
[    4.325127] ata7: SATA link down (SStatus 0 SControl 300)
[    4.325157] ata10: SATA link down (SStatus 0 SControl 300)
[    4.325231] ata8: SATA link down (SStatus 0 SControl 300)
[    4.325247] ata6: SATA link down (SStatus 0 SControl 300)
[    4.332812] ata3.00: ATA-9: VIVA300sPro LITE, Q0816C0, max UDMA/133
[    4.332814] ata3.00: 500118192 sectors, multi 1: LBA48 NCQ (depth 32), AA
[    4.344908] ata3.00: configured for UDMA/133
[    4.345106] scsi 2:0:0:0: Direct-Access     ATA      VIVA300sPro LITE 6C0  PQ: 0 ANSI: 5
[    4.345330] sd 2:0:0:0: Attached scsi generic sg0 type 0
[    4.345369] sd 2:0:0:0: [sda] 500118192 512-byte logical blocks: (256 GB/238 GiB)
[    4.345394] sd 2:0:0:0: [sda] Write Protect is off
[    4.345395] sd 2:0:0:0: [sda] Mode Sense: 00 3a 00 00
[    4.345420] sd 2:0:0:0: [sda] Write cache: enabled, read cache: enabled, doesn't support DPO or FUA
[    4.346687]  sda: sda1 sda2 < sda5 sda6 >
[    4.347152] sd 2:0:0:0: [sda] Attached SCSI disk
[    4.374344] hid-generic 0003:0557:2419.0001: input,hidraw0: USB HID v1.00 Keyboard [HID 0557:2419] on usb-0000:00:14.0-7.1/input0
[    4.374477] input: HID 0557:2419 as /devices/pci0000:00/0000:00:14.0/usb1/1-7/1-7.1/1-7.1:1.1/0003:0557:2419.0002/input/input2
[    4.374548] hid-generic 0003:0557:2419.0002: input,hidraw1: USB HID v1.00 Mouse [HID 0557:2419] on usb-0000:00:14.0-7.1/input1
[    6.312174] mlx5_core 0000:18:00.0: Port module event: module 0, Cable plugged
[    6.450901] mlx5_core 0000:18:00.1: firmware version: 12.26.4012
[    6.450942] mlx5_core 0000:18:00.1: 63.008 Gb/s available PCIe bandwidth (8 GT/s x8 link)
[    6.588705] random: fast init done
[    7.247027] mlx5_core 0000:18:00.1: Port module event: module 1, Cable plugged
[    7.383655] mlx5_ib: Mellanox Connect-IB Infiniband driver v5.0-0
[    7.627103] EXT4-fs (sda5): mounted filesystem with ordered data mode. Opts: (null)
[    7.664564] random: crng init done
[    7.674391] Not activating Mandatory Access Control as /sbin/tomoyo-init does not exist.
[    7.794582] systemd[1]: systemd 237 running in system mode. (+PAM +AUDIT +SELINUX +IMA +APPARMOR +SMACK +SYSVINIT +UTMP +LIBCRYPTSETUP +GCRYPT +GNUTLS +ACL +XZ +LZ4 +SECCOMP +BLKID +ELFUTILS +KMOD -IDN2 +IDN -PCRE2 default-hierarchy=hybrid)
[    7.815297] systemd[1]: Detected architecture x86-64.
[    7.819494] systemd[1]: Set hostname to <tigris06>.
[    7.979758] systemd[1]: Created slice System Slice.
[    7.979865] systemd[1]: Listening on Journal Socket (/dev/log).
[    7.979907] systemd[1]: Listening on /dev/initctl Compatibility Named Pipe.
[    7.979947] systemd[1]: Listening on udev Kernel Socket.
[    7.979982] systemd[1]: Listening on Syslog Socket.
[    7.980285] systemd[1]: Created slice system-systemd\x2dfsck.slice.
[    7.980504] systemd[1]: Set up automount Arbitrary Executable File Formats File System Automount Point.
[    8.009149] EXT4-fs (sda5): re-mounted. Opts: errors=remount-ro
[    8.020000] RPC: Registered named UNIX socket transport module.
[    8.020001] RPC: Registered udp transport module.
[    8.020001] RPC: Registered tcp transport module.
[    8.020002] RPC: Registered tcp NFSv4.1 backchannel transport module.
[    8.023955] lp: driver loaded but no devices found
[    8.028461] ppdev: user-space parallel port driver
[    8.056153] Installing knfsd (copyright (C) 1996 okir@monad.swb.de).
[    8.269188] systemd-journald[517]: Received request to flush runtime journal from PID 1
[    8.276183] systemd-journald[517]: File /var/log/journal/21b6248da07844f0b8035e485fb12b18/system.journal corrupted or uncleanly shut down, renaming and replacing.
[    8.539180] IPMI message handler: version 39.2
[    8.541101] ipmi device interface
[    8.543496] ipmi_si: IPMI System Interface driver
[    8.543522] ipmi_si dmi-ipmi-si.0: ipmi_platform: probing via SMBIOS
[    8.543524] ipmi_platform: ipmi_si: SMBIOS: io 0xca2 regsize 1 spacing 1 irq 0
[    8.543525] ipmi_si: Adding SMBIOS-specified kcs state machine
[    8.543570] ipmi_si IPI0001:00: ipmi_platform: probing via ACPI
[    8.543725] ipmi_si IPI0001:00: ipmi_platform: [io  0x0ca2] regsize 1 spacing 1 irq 0
[    8.543727] ipmi_si dmi-ipmi-si.0: Removing SMBIOS-specified kcs state machine in favor of ACPI
[    8.543727] ipmi_si: Adding ACPI-specified kcs state machine
[    8.544454] ipmi_si: Trying ACPI-specified kcs state machine at i/o address 0xca2, slave address 0x20, irq 0
[    8.622381] dca service started, version 1.12.1
[    8.838270] ipmi_si IPI0001:00: The BMC does not support clearing the recv irq bit, compensating, but the BMC needs to be fixed.
[    8.907561] ipmi_si IPI0001:00: IPMI message handler: Found new BMC (man_id: 0x002a7c, prod_id: 0x0968, dev_id: 0x20)
[    8.911716] lpc_ich 0000:00:1f.0: I/O space for ACPI uninitialized
[    8.911717] lpc_ich 0000:00:1f.0: No MFD cells added
[    8.912837] ioatdma: Intel(R) QuickData Technology Driver 5.00
[    8.914669] nd_pmem namespace0.0: unable to guarantee persistence of writes
[    8.987463] ipmi_si IPI0001:00: IPMI kcs interface initialized
[    8.989334] ipmi_ssif: IPMI SSIF Interface driver
[    9.015039] RAPL PMU: API unit is 2^-32 Joules, 3 fixed counters, 655360 ms ovfl timer
[    9.015040] RAPL PMU: hw unit of domain pp0-core 2^-14 Joules
[    9.015041] RAPL PMU: hw unit of domain package 2^-14 Joules
[    9.015041] RAPL PMU: hw unit of domain dram 2^-16 Joules
[    9.027617] cryptd: max_cpu_qlen set to 1000
[    9.039664] AVX2 version of gcm_enc/dec engaged.
[    9.039665] AES CTR mode by8 optimization enabled
[    9.183335] namespace0.0 initialised, 8388608 pages in 136ms
[    9.183789] pmem0: detected capacity change from 0 to 34359738368
[    9.347076] Adding 68904956k swap on /dev/sda6.  Priority:-2 extents:1 across:68904956k SSFS
[    9.359157] EDAC MC0: Giving out device to module skx_edac controller Skylake Socket#0 IMC#0: DEV 0000:3a:0a.0 (INTERRUPT)
[    9.359195] EDAC MC1: Giving out device to module skx_edac controller Skylake Socket#0 IMC#1: DEV 0000:3a:0c.0 (INTERRUPT)
[    9.359236] EDAC MC2: Giving out device to module skx_edac controller Skylake Socket#1 IMC#0: DEV 0000:ae:0a.0 (INTERRUPT)
[    9.359263] EDAC MC3: Giving out device to module skx_edac controller Skylake Socket#1 IMC#1: DEV 0000:ae:0c.0 (INTERRUPT)
[    9.367359] intel_rapl: Found RAPL domain package
[    9.367364] intel_rapl: Found RAPL domain dram
[    9.367365] intel_rapl: DRAM domain energy unit 15300pj
[    9.367603] intel_rapl: Found RAPL domain package
[    9.367607] intel_rapl: Found RAPL domain dram
[    9.367609] intel_rapl: DRAM domain energy unit 15300pj
[    9.441543] EXT4-fs (sda1): mounted filesystem with ordered data mode. Opts: (null)
[    9.450277] mei mei::55213584-9a29-4916-badf-0fb7ed682aeb:01: Could not read FW version
[    9.450280] mei mei::55213584-9a29-4916-badf-0fb7ed682aeb:01: FW version command failed -5
[    9.518306] power_meter ACPI000D:00: Found ACPI power meter.
[    9.518340] power_meter ACPI000D:00: hwmon_device_register() is deprecated. Please convert the driver to use hwmon_device_register_with_info().
[    9.546632] audit: type=1400 audit(1586259443.881:2): apparmor="STATUS" operation="profile_load" profile="unconfined" name="libreoffice-senddoc" pid=980 comm="apparmor_parser"
[    9.547239] audit: type=1400 audit(1586259443.881:3): apparmor="STATUS" operation="profile_load" profile="unconfined" name="/usr/bin/man" pid=978 comm="apparmor_parser"
[    9.547242] audit: type=1400 audit(1586259443.881:4): apparmor="STATUS" operation="profile_load" profile="unconfined" name="man_filter" pid=978 comm="apparmor_parser"
[    9.547245] audit: type=1400 audit(1586259443.881:5): apparmor="STATUS" operation="profile_load" profile="unconfined" name="man_groff" pid=978 comm="apparmor_parser"
[    9.547688] audit: type=1400 audit(1586259443.881:6): apparmor="STATUS" operation="profile_load" profile="unconfined" name="libreoffice-xpdfimport" pid=982 comm="apparmor_parser"
[    9.547810] audit: type=1400 audit(1586259443.881:7): apparmor="STATUS" operation="profile_load" profile="unconfined" name="/usr/lib/snapd/snap-confine" pid=983 comm="apparmor_parser"
[    9.547813] audit: type=1400 audit(1586259443.881:8): apparmor="STATUS" operation="profile_load" profile="unconfined" name="/usr/lib/snapd/snap-confine//mount-namespace-capture-helper" pid=983 comm="apparmor_parser"
[    9.548520] audit: type=1400 audit(1586259443.881:9): apparmor="STATUS" operation="profile_load" profile="unconfined" name="/usr/sbin/cups-browsed" pid=984 comm="apparmor_parser"
[    9.648940] IPv6: ADDRCONF(NETDEV_CHANGE): eno1: link becomes ready
[   10.163481] NFSD: Using /var/lib/nfs/v4recovery as the NFSv4 state recovery directory
